Component: ARM Compiler 5.06 update 7 (build 960) Tool: armlink [4d3601]

==============================================================================

Section Cross References

    main.o(i.main) refers to _printf_pad.o(.text) for _printf_pre_padding
    main.o(i.main) refers to _printf_percent.o(.ARM.Collect$$_printf_percent$$00000000) for _printf_percent
    main.o(i.main) refers to _printf_x.o(.ARM.Collect$$_printf_percent$$0000000C) for _printf_x
    main.o(i.main) refers to _printf_hex_int.o(.text) for _printf_longlong_hex
    main.o(i.main) refers to delay.o(i.delay_init) for delay_init
    main.o(i.main) refers to misc.o(i.NVIC_PriorityGroupConfig) for NVIC_PriorityGroupConfig
    main.o(i.main) refers to usart.o(i.uart_init) for uart_init
    main.o(i.main) refers to adc.o(i.Adc_init) for Adc_init
    main.o(i.main) refers to lcd.o(i.LCD_Init) for LCD_Init
    main.o(i.main) refers to spi.o(i.SPI1_Init) for SPI1_Init
    main.o(i.main) refers to malloc.o(i.mem_init) for mem_init
    main.o(i.main) refers to exfuns.o(i.exfuns_init) for exfuns_init
    main.o(i.main) refers to ff.o(i.f_mount) for f_mount
    main.o(i.main) refers to lcd.o(i.LCD_ShowString) for LCD_ShowString
    main.o(i.main) refers to lcd.o(i.LCD_ShowNum) for LCD_ShowNum
    main.o(i.main) refers to delay.o(i.delay_ms) for delay_ms
    main.o(i.main) refers to exfuns.o(i.exf_getfree) for exf_getfree
    main.o(i.main) refers to ff.o(i.f_stat) for f_stat
    main.o(i.main) refers to ff.o(i.f_mkdir) for f_mkdir
    main.o(i.main) refers to ff.o(i.f_open) for f_open
    main.o(i.main) refers to ff.o(i.f_write) for f_write
    main.o(i.main) refers to ff.o(i.f_close) for f_close
    main.o(i.main) refers to piclib.o(i.piclib_init) for piclib_init
    main.o(i.main) refers to piclib.o(i.ai_load_picfile) for ai_load_picfile
    main.o(i.main) refers to noretval__2printf.o(.text) for __2printf
    main.o(i.main) refers to lcd.o(i.LCD_Fill) for LCD_Fill
    main.o(i.main) refers to adc.o(i.Get_Adc) for Get_Adc
    main.o(i.main) refers to adc.o(i.Get_Adc_Average) for Get_Adc_Average
    main.o(i.main) refers to exfuns.o(.data) for fs
    main.o(i.main) refers to exfuns.o(.bss) for fileinfo
    main.o(i.main) refers to lcd.o(.bss) for lcddev
    main.o(i.main) refers to stm32f4xx_usart.o(i.USART_SendData) for USART_SendData
    main.o(i.main) refers to stm32f4xx_usart.o(i.USART_GetFlagStatus) for USART_GetFlagStatus
    main.o(i.main) refers to malloc.o(i.mymalloc) for mymalloc
    main.o(i.main) refers to malloc.o(i.mymemcpy) for mymemcpy
    main.o(i.main) refers to malloc.o(i.myfree) for myfree
    main.o(i.main) refers to malloc.o(i.mem_perused) for mem_perused
    main.o(i.main) refers to ff.o(i.f_read) for f_read
    main.o(i.main) refers to usart.o(.data) for USART_RX_STA
    main.o(i.main) refers to usart.o(.bss) for USART_RX_BUF
    system_stm32f4xx.o(i.SystemCoreClockUpdate) refers to system_stm32f4xx.o(.data) for SystemCoreClock
    system_stm32f4xx.o(i.SystemInit) refers to system_stm32f4xx.o(i.SetSysClock) for SetSysClock
    startup_stm32f446xx.o(STACK) refers (Special) to heapauxi.o(.text) for __use_two_region_memory
    startup_stm32f446xx.o(HEAP) refers (Special) to heapauxi.o(.text) for __use_two_region_memory
    startup_stm32f446xx.o(RESET) refers (Special) to heapauxi.o(.text) for __use_two_region_memory
    startup_stm32f446xx.o(RESET) refers to startup_stm32f446xx.o(STACK) for __initial_sp
    startup_stm32f446xx.o(RESET) refers to startup_stm32f446xx.o(.text) for Reset_Handler
    startup_stm32f446xx.o(RESET) refers to stm32f4xx_it.o(i.NMI_Handler) for NMI_Handler
    startup_stm32f446xx.o(RESET) refers to stm32f4xx_it.o(i.HardFault_Handler) for HardFault_Handler
    startup_stm32f446xx.o(RESET) refers to stm32f4xx_it.o(i.MemManage_Handler) for MemManage_Handler
    startup_stm32f446xx.o(RESET) refers to stm32f4xx_it.o(i.BusFault_Handler) for BusFault_Handler
    startup_stm32f446xx.o(RESET) refers to stm32f4xx_it.o(i.UsageFault_Handler) for UsageFault_Handler
    startup_stm32f446xx.o(RESET) refers to stm32f4xx_it.o(i.SVC_Handler) for SVC_Handler
    startup_stm32f446xx.o(RESET) refers to stm32f4xx_it.o(i.DebugMon_Handler) for DebugMon_Handler
    startup_stm32f446xx.o(RESET) refers to stm32f4xx_it.o(i.PendSV_Handler) for PendSV_Handler
    startup_stm32f446xx.o(RESET) refers to stm32f4xx_it.o(i.SysTick_Handler) for SysTick_Handler
    startup_stm32f446xx.o(RESET) refers to timer.o(i.TIM2_IRQHandler) for TIM2_IRQHandler
    startup_stm32f446xx.o(RESET) refers to usart.o(i.USART2_IRQHandler) for USART2_IRQHandler
    startup_stm32f446xx.o(.text) refers (Special) to heapauxi.o(.text) for __use_two_region_memory
    startup_stm32f446xx.o(.text) refers to system_stm32f4xx.o(i.SystemInit) for SystemInit
    startup_stm32f446xx.o(.text) refers to __main.o(!!!main) for __main
    startup_stm32f446xx.o(.text) refers to startup_stm32f446xx.o(HEAP) for Heap_Mem
[...]
    i.f_read                                 0x08003ca0   Section        0  ff.o(i.f_read)
    i.f_stat                                 0x08003e50   Section        0  ff.o(i.f_stat)
    i.f_sync                                 0x08003ea4   Section        0  ff.o(i.f_sync)
    i.f_typetell                             0x08003f54   Section        0  exfuns.o(i.f_typetell)
    i.f_write                                0x08004014   Section        0  ff.o(i.f_write)
    i.ff_convert                             0x08004200   Section        0  cc936.o(i.ff_convert)
    i.ff_memalloc                            0x0800427c   Section        0  diskio.o(i.ff_memalloc)
    i.ff_memfree                             0x08004288   Section        0  diskio.o(i.ff_memfree)
    i.ff_wtoupper                            0x08004294   Section        0  cc936.o(i.ff_wtoupper)
    i.find_volume                            0x080042cc   Section        0  ff.o(i.find_volume)
    find_volume                              0x080042cd   Thumb Code   900  ff.o(i.find_volume)
    i.fit_lfn                                0x08004660   Section        0  ff.o(i.fit_lfn)
    fit_lfn                                  0x08004661   Thumb Code   122  ff.o(i.fit_lfn)
    i.follow_path                            0x080046e0   Section        0  ff.o(i.follow_path)
    follow_path                              0x080046e1   Thumb Code   144  ff.o(i.follow_path)
    i.fputc                                  0x08004770   Section        0  usart.o(i.fputc)
    i.gen_numname                            0x0800478c   Section        0  ff.o(i.gen_numname)
    gen_numname                              0x0800478d   Thumb Code   198  ff.o(i.gen_numname)
    i.get_fat                                0x08004858   Section        0  ff.o(i.get_fat)
    i.get_fattime                            0x0800494a   Section        0  diskio.o(i.get_fattime)
    i.get_fileinfo                           0x0800494e   Section        0  ff.o(i.get_fileinfo)
    get_fileinfo                             0x0800494f   Thumb Code   272  ff.o(i.get_fileinfo)
    i.get_ldnumber                           0x08004a5e   Section        0  ff.o(i.get_ldnumber)
    get_ldnumber                             0x08004a5f   Thumb Code    72  ff.o(i.get_ldnumber)
    i.gif_check_head                         0x08004aa6   Section        0  gif.o(i.gif_check_head)
    i.gif_clear2bkcolor                      0x08004b00   Section        0  gif.o(i.gif_clear2bkcolor)
    i.gif_decode                             0x08004cf4   Section        0  gif.o(i.gif_decode)
    i.gif_dispimage                          0x08004e20   Section        0  gif.o(i.gif_dispimage)
    i.gif_drawimage                          0x08005048   Section        0  gif.o(i.gif_drawimage)
    i.gif_getdatablock                       0x0800519c   Section        0  gif.o(i.gif_getdatablock)
    i.gif_getinfo                            0x080051fc   Section        0  gif.o(i.gif_getinfo)
    i.gif_getnextbyte                        0x08005242   Section        0  gif.o(i.gif_getnextbyte)
    i.gif_getnextcode                        0x0800559c   Section        0  gif.o(i.gif_getnextcode)
    i.gif_getrgb565                          0x08005764   Section        0  gif.o(i.gif_getrgb565)
    i.gif_initlzw                            0x08005780   Section        0  gif.o(i.gif_initlzw)
    i.gif_readcolortbl                       0x08005818   Section        0  gif.o(i.gif_readcolortbl)
    i.gif_readextension                      0x08005858   Section        0  gif.o(i.gif_readextension)
    i.gif_recovergctbl                       0x080058f8   Section        0  gif.o(i.gif_recovergctbl)
    i.gif_savegctbl                          0x0800591e   Section        0  gif.o(i.gif_savegctbl)
    i.huffext                                0x08005944   Section        0  tjpgd.o(i.huffext)
    huffext                                  0x08005945   Thumb Code   192  tjpgd.o(i.huffext)
    i.is_element_ok                          0x08005a04   Section        0  piclib.o(i.is_element_ok)
    i.jd_decomp                              0x08005a2c   Section        0  tjpgd.o(i.jd_decomp)
    i.jd_prepare                             0x08005ace   Section        0  tjpgd.o(i.jd_prepare)
    i.jpeg_freeall                           0x08005e6c   Section        0  tjpgd.o(i.jpeg_freeall)
    i.jpeg_in_func                           0x08005e94   Section        0  tjpgd.o(i.jpeg_in_func)
    i.jpeg_mallocall                         0x08005ec4   Section        0  tjpgd.o(i.jpeg_mallocall)
    i.jpeg_out_func_fill                     0x08005f18   Section        0  tjpgd.o(i.jpeg_out_func_fill)
    i.jpeg_out_func_point                    0x08005f6c   Section        0  tjpgd.o(i.jpeg_out_func_point)
    i.jpg_decode                             0x0800602c   Section        0  tjpgd.o(i.jpg_decode)
    i.ld_clust                               0x08006130   Section        0  ff.o(i.ld_clust)
    ld_clust                                 0x08006131   Thumb Code    32  ff.o(i.ld_clust)
    i.main                                   0x08006150   Section        0  main.o(i.main)
    i.mcu_load                               0x080069f0   Section        0  tjpgd.o(i.mcu_load)
    mcu_load                                 0x080069f1   Thumb Code   478  tjpgd.o(i.mcu_load)
    i.mcu_output                             0x08006bd4   Section        0  tjpgd.o(i.mcu_output)
    mcu_output                               0x08006bd5   Thumb Code   910  tjpgd.o(i.mcu_output)
    i.mem_cmp                                0x08006f68   Section        0  ff.o(i.mem_cmp)
    mem_cmp                                  0x08006f69   Thumb Code    38  ff.o(i.mem_cmp)
    i.mem_cpy                                0x08006f8e   Section        0  ff.o(i.mem_cpy)
    mem_cpy                                  0x08006f8f   Thumb Code    26  ff.o(i.mem_cpy)
    i.mem_free                               0x08006fa8   Section        0  malloc.o(i.mem_free)
    i.mem_init                               0x08006ff0   Section        0  malloc.o(i.mem_init)
    i.mem_malloc                             0x0800701c   Section        0  malloc.o(i.mem_malloc)
    i.mem_perused                            0x08007094   Section        0  malloc.o(i.mem_perused)
    i.mem_set                                0x080070c4   Section        0  ff.o(i.mem_set)
    mem_set                                  0x080070c5   Thumb Code    20  ff.o(i.mem_set)
    i.move_window                            0x080070d8   Section        0  ff.o(i.move_window)
    move_window                              0x080070d9   Thumb Code    52  ff.o(i.move_window)
    i.myfree                                 0x0800710c   Section        0  malloc.o(i.myfree)
    i.mymalloc                               0x08007128   Section        0  malloc.o(i.mymalloc)
    i.mymemcpy                               0x08007148   Section        0  malloc.o(i.mymemcpy)
    i.mymemset                               0x08007162   Section        0  malloc.o(i.mymemset)
    i.pic_memalloc                           0x08007176   Section        0  piclib.o(i.pic_memalloc)
    i.pic_memfree                            0x08007182   Section        0  piclib.o(i.pic_memfree)
    i.piclib_draw_hline                      0x08007190   Section        0  piclib.o(i.piclib_draw_hline)
    i.piclib_fill_color                      0x080071c8   Section        0  piclib.o(i.piclib_fill_color)
    i.piclib_init                            0x080071f4   Section        0  piclib.o(i.piclib_init)
    i.put_fat                                0x08007250   Section        0  ff.o(i.put_fat)
    i.remove_chain                           0x08007392   Section        0  ff.o(i.remove_chain)
    remove_chain                             0x08007393   Thumb Code   108  ff.o(i.remove_chain)
    i.restart                                0x080073fe   Section        0  tjpgd.o(i.restart)
    restart                                  0x080073ff   Thumb Code   112  tjpgd.o(i.restart)
    i.st_clust                               0x0800746e   Section        0  ff.o(i.st_clust)
    st_clust                                 0x0800746f   Thumb Code    16  ff.o(i.st_clust)
    i.stdbmp_decode                          0x08007480   Section        0  bmp.o(i.stdbmp_decode)
    i.sum_sfn                                0x08007750   Section        0  ff.o(i.sum_sfn)
    sum_sfn                                  0x08007751   Thumb Code    32  ff.o(i.sum_sfn)
    i.sync_fs                                0x08007770   Section        0  ff.o(i.sync_fs)
    sync_fs                                  0x08007771   Thumb Code   200  ff.o(i.sync_fs)
    i.sync_window                            0x08007838   Section        0  ff.o(i.sync_window)
    sync_window                              0x08007839   Thumb Code    82  ff.o(i.sync_window)
    i.uart_init                              0x0800788c   Section        0  usart.o(i.uart_init)
    i.validate                               0x08007930   Section        0  ff.o(i.validate)
    validate                                 0x08007931   Thumb Code    54  ff.o(i.validate)
    x$fpl$fpinit                             0x08007966   Section       10  fpinit.o(x$fpl$fpinit)
    $v0                                      0x08007966   Number         0  fpinit.o(x$fpl$fpinit)
    .constdata                               0x08007970   Section     6080  lcd.o(.constdata)
    .constdata                               0x08009130   Section       58  ff.o(.constdata)
    LfnOfs                                   0x08009130   Data          13  ff.o(.constdata)
    vst                                      0x0800913e   Data          22  ff.o(.constdata)
    cst                                      0x08009154   Data          22  ff.o(.constdata)
    .constdata                               0x0800916c   Section      312  exfuns.o(.constdata)
    .constdata                               0x080092a4   Section    175304  cc936.o(.constdata)
    uni2oem                                  0x080092a4   Data       87172  cc936.o(.constdata)
    oem2uni                                  0x0801e728   Data       87172  cc936.o(.constdata)
    tbl_lower                                0x08033bac   Data         480  cc936.o(.constdata)
    tbl_upper                                0x08033d8c   Data         480  cc936.o(.constdata)
    .constdata                               0x08033f6c   Section       40  gif.o(.constdata)
    .constdata                               0x08033f94   Section     1216  tjpgd.o(.constdata)
    Zig                                      0x08033f94   Data          64  tjpgd.o(.constdata)
    Ipsf                                     0x08033fd4   Data         128  tjpgd.o(.constdata)
    Clip8                                    0x08034054   Data        1024  tjpgd.o(.constdata)
    .constdata                               0x08034454   Section       40  _printf_hex_int.o(.constdata)
    uc_hextab                                0x08034454   Data          20  _printf_hex_int.o(.constdata)
    lc_hextab                                0x08034468   Data          20  _printf_hex_int.o(.constdata)
    .constdata                               0x0803447c   Section       17  __printf_flags_wp.o(.constdata)
    maptable                                 0x0803447c   Data          17  __printf_flags_wp.o(.constdata)
    .conststring                             0x08034490   Section      100  exfuns.o(.conststring)
    .data                                    0x20000000   Section       20  system_stm32f4xx.o(.data)
    .data                                    0x20000014   Section       16  stm32f4xx_rcc.o(.data)
    APBAHBPrescTable                         0x20000014   Data          16  stm32f4xx_rcc.o(.data)
    .data                                    0x20000024   Section        4  delay.o(.data)
    fac_us                                   0x20000024   Data           1  delay.o(.data)
    fac_ms                                   0x20000026   Data           2  delay.o(.data)
    .data                                    0x20000028   Section        6  usart.o(.data)
    .data                                    0x2000002e   Section        4  lcd.o(.data)
    .data                                    0x20000034   Section        8  timer.o(.data)
    .data                                    0x2000003c   Section        1  sd.o(.data)
    .data                                    0x20000040   Section       20  malloc.o(.data)
    .data                                    0x20000054   Section        6  ff.o(.data)
    FatFs                                    0x20000054   Data           4  ff.o(.data)
    Fsid                                     0x20000058   Data           2  ff.o(.data)
    .data                                    0x2000005c   Section       24  exfuns.o(.data)
    .data                                    0x20000074   Section        1  gif.o(.data)
    .data                                    0x20000078   Section       12  tjpgd.o(.data)
    .bss                                     0x20000084   Section      200  usart.o(.bss)
    .bss                                     0x2000014c   Section       28  lcd.o(.bss)
    .bss                                     0x20000168   Section    45696  malloc.o(.bss)
    .bss                                     0x2000b3e8   Section       68  exfuns.o(.bss)
    .bss                                     0x2000b42c   Section       60  piclib.o(.bss)
    .bss                                     0x2000b468   Section       96  libspace.o(.bss)
    HEAP                                     0x2000b4c8   Section      512  startup_stm32f446xx.o(HEAP)
    Heap_Mem                                 0x2000b4c8   Data         512  startup_stm32f446xx.o(HEAP)
    STACK                                    0x2000b6c8   Section     1024  startup_stm32f446xx.o(STACK)
    Stack_Mem                                0x2000b6c8   Data        1024  startup_stm32f446xx.o(STACK)
    __initial_sp                             0x2000bac8   Data           0  startup_stm32f446xx.o(STACK)

    Global Symbols

    Symbol Name                              Value     Ov Type        Size  Object(Section)

    BuildAttributes$$THM_ISAv4$E$P$D$K$B$S$7EM$VFPi3$EXTD16$VFPS$VFMA$PE$A:L22UL41UL21$X:L11$S22US41US21$IEEE1$IW$USESV6$~STKCKD$USESV7$~SHL$OSPACE$ROPI$EBA8$UX$STANDARDLIB$REQ8$PRES8$EABIv2 0x00000000   Number         0  anon$$obj.o ABSOLUTE
    __ARM_use_no_argv                        0x00000000   Number         0  main.o ABSOLUTE
    _printf_flags                            0x00000000   Number         0  printf_stubs.o ABSOLUTE
    _printf_return_value                     0x00000000   Number         0  printf_stubs.o ABSOLUTE
    _printf_sizespec                         0x00000000   Number         0  printf_stubs.o ABSOLUTE
    _printf_widthprec                        0x00000000   Number         0  printf_stubs.o ABSOLUTE
    __ARM_exceptions_init                     - Undefined Weak Reference
    __alloca_initialize                       - Undefined Weak Reference
    __arm_fini_                               - Undefined Weak Reference
    __arm_preinit_                            - Undefined Weak Reference
    __cpp_initialize__aeabi_                  - Undefined Weak Reference
    __cxa_finalize                            - Undefined Weak Reference
    __rt_locale                               - Undefined Weak Reference
    __sigvec_lookup                           - Undefined Weak Reference
    _atexit_init                              - Undefined Weak Reference
    _call_atexit_fns                          - Undefined Weak Reference
    _clock_init                               - Undefined Weak Reference
    _fp_trap_init                             - Undefined Weak Reference
    _fp_trap_shutdown                         - Undefined Weak Reference
    _get_lc_collate                           - Undefined Weak Reference
    _get_lc_ctype                             - Undefined Weak Reference
    _get_lc_monetary                          - Undefined Weak Reference
    _get_lc_numeric                           - Undefined Weak Reference
    _get_lc_time                              - Undefined Weak Reference
    _getenv_init                              - Undefined Weak Reference
    _handle_redirection                       - Undefined Weak Reference
    _init_alloc                               - Undefined Weak Reference
    _init_user_alloc                          - Undefined Weak Reference
    _initio                                   - Undefined Weak Reference
    _mutex_acquire                            - Undefined Weak Reference
    _mutex_release                            - Undefined Weak Reference
    _printf_truncate_unsigned                 - Undefined Weak Reference
    _rand_init                                - Undefined Weak Reference
    _signal_finish                            - Undefined Weak Reference
    _signal_init                              - Undefined Weak Reference
    _terminate_alloc                          - Undefined Weak Reference
    _terminate_user_alloc                     - Undefined Weak Reference
    _terminateio                              - Undefined Weak Reference
    __Vectors_Size                           0x000001c4   Number         0  startup_stm32f446xx.o ABSOLUTE
    __Vectors                                0x08000000   Data           4  startup_stm32f446xx.o(RESET)
    __Vectors_End                            0x080001c4   Data           0  startup_stm32f446xx.o(RESET)
    __main                                   0x080001c5   Thumb Code     8  __main.o(!!!main)
    __scatterload                            0x080001cd   Thumb Code     0  __scatter.o(!!!scatter)
    __scatterload_rt2                        0x080001cd   Thumb Code    44  __scatter.o(!!!scatter)
    __scatterload_rt2_thumb_only             0x080001cd   Thumb Code     0  __scatter.o(!!!scatter)
    __scatterload_null                       0x080001db   Thumb Code     0  __scatter.o(!!!scatter)
    __scatterload_copy                       0x08000201   Thumb Code    26  __scatter_copy.o(!!handler_copy)
    __scatterload_zeroinit                   0x0800021d   Thumb Code    28  __scatter_zi.o(!!handler_zi)
    _printf_percent                          0x08000239   Thumb Code     0  _printf_percent.o(.ARM.Collect$$_printf_percent$$00000000)
    _printf_x                                0x08000239   Thumb Code     0  _printf_x.o(.ARM.Collect$$_printf_percent$$0000000C)
    _printf_percent_end                      0x0800023f   Thumb Code     0  _printf_percent_end.o(.ARM.Collect$$_printf_percent$$00000017)
    __rt_lib_init                            0x08000243   Thumb Code     0  libinit.o(.ARM.Collect$$libinit$$00000000)
    __rt_lib_init_fp_1                       0x08000245   Thumb Code     0  libinit2.o(.ARM.Collect$$libinit$$00000001)
    __rt_lib_init_alloca_1                   0x08000249   Thumb Code     0  libinit2.o(.ARM.Collect$$libinit$$0000002E)
    __rt_lib_init_argv_1                     0x08000249   Thumb Code     0  libinit2.o(.ARM.Collect$$libinit$$0000002C)
    __rt_lib_init_atexit_1                   0x08000249   Thumb Code     0  libinit2.o(.ARM.Collect$$libinit$$0000001B)
    __rt_lib_init_clock_1                    0x08000249   Thumb Code     0  libinit2.o(.ARM.Collect$$libinit$$00000021)
    __rt_lib_init_cpp_1                      0x08000249   Thumb Code     0  libinit2.o(.ARM.Collect$$libinit$$00000032)
    __rt_lib_init_exceptions_1               0x08000249   Thumb Code     0  libinit2.o(.ARM.Collect$$libinit$$00000030)
    __rt_lib_init_fp_trap_1                  0x08000249   Thumb Code     0  libinit2.o(.ARM.Collect$$libinit$$0000001F)
    __rt_lib_init_getenv_1                   0x08000249   Thumb Code     0  libinit2.o(.ARM.Collect$$libinit$$00000023)
    __rt_lib_init_heap_1                     0x08000249   Thumb Code     0  libinit2.o(.ARM.Collect$$libinit$$0000000A)
    __rt_lib_init_lc_collate_1               0x08000249   Thumb Code     0  libinit2.o(.ARM.Collect$$libinit$$00000011)
    __rt_lib_init_lc_ctype_1                 0x08000249   Thumb Code     0  libinit2.o(.ARM.Collect$$libinit$$00000013)
    __rt_lib_init_lc_monetary_1              0x08000249   Thumb Code     0  libinit2.o(.ARM.Collect$$libinit$$00000015)
    __rt_lib_init_lc_numeric_1               0x08000249   Thumb Code     0  libinit2.o(.ARM.Collect$$libinit$$00000017)
    __rt_lib_init_lc_time_1                  0x08000249   Thumb Code     0  libinit2.o(.ARM.Collect$$libinit$$00000019)
    __rt_lib_init_preinit_1                  0x08000249   Thumb Code     0  libinit2.o(.ARM.Collect$$libinit$$00000004)
    __rt_lib_init_rand_1                     0x08000249   Thumb Code     0  libinit2.o(.ARM.Collect$$libinit$$0000000E)
    __rt_lib_init_return                     0x08000249   Thumb Code     0  libinit2.o(.ARM.Collect$$libinit$$00000033)
    __rt_lib_init_signal_1                   0x08000249   Thumb Code     0  libinit2.o(.ARM.Collect$$libinit$$0000001D)
    __rt_lib_init_stdio_1                    0x08000249   Thumb Code     0  libinit2.o(.ARM.Collect$$libinit$$00000025)
    __rt_lib_init_user_alloc_1               0x08000249   Thumb Code     0  libinit2.o(.ARM.Collect$$libinit$$0000000C)
    __rt_lib_shutdown                        0x0800024b   Thumb Code     0  libshutdown.o(.ARM.Collect$$libshutdown$$00000000)
    __rt_lib_shutdown_cpp_1                  0x0800024d   Thumb Code     0  libshutdown2.o(.ARM.Collect$$libshutdown$$00000004)
    __rt_lib_shutdown_fini_1                 0x0800024d   Thumb Code     0  libshutdown2.o(.ARM.Collect$$libshutdown$$00000002)
    __rt_lib_shutdown_fp_trap_1              0x0800024d   Thumb Code     0  libshutdown2.o(.ARM.Collect$$libshutdown$$00000009)
    __rt_lib_shutdown_heap_1                 0x0800024d   Thumb Code     0  libshutdown2.o(.ARM.Collect$$libshutdown$$00000011)
    __rt_lib_shutdown_return                 0x0800024d   Thumb Code     0  libshutdown2.o(.ARM.Collect$$libshutdown$$00000012)
    __rt_lib_shutdown_signal_1               0x0800024d   Thumb Code     0  libshutdown2.o(.ARM.Collect$$libshutdown$$0000000C)
    __rt_lib_shutdown_stdio_1                0x0800024d   Thumb Code     0  libshutdown2.o(.ARM.Collect$$libshutdown$$00000006)
    __rt_lib_shutdown_user_alloc_1           0x0800024d   Thumb Code     0  libshutdown2.o(.ARM.Collect$$libshutdown$$0000000E)
    __rt_entry                               0x0800024f   Thumb Code     0  __rtentry.o(.ARM.Collect$$rtentry$$00000000)
    __rt_entry_presh_1                       0x0800024f   Thumb Code     0  __rtentry2.o(.ARM.Collect$$rtentry$$00000002)
    __rt_entry_sh                            0x0800024f   Thumb Code     0  __rtentry4.o(.ARM.Collect$$rtentry$$00000004)
    __rt_entry_li                            0x08000255   Thumb Code     0  __rtentry2.o(.ARM.Collect$$rtentry$$0000000A)
    __rt_entry_postsh_1                      0x08000255   Thumb Code     0  __rtentry2.o(.ARM.Collect$$rtentry$$00000009)
    __rt_entry_main                          0x08000259   Thumb Code     0  __rtentry2.o(.ARM.Collect$$rtentry$$0000000D)
    __rt_entry_postli_1                      0x08000259   Thumb Code     0  __rtentry2.o(.ARM.Collect$$rtentry$$0000000C)
    __rt_exit                                0x08000261   Thumb Code     0  rtexit.o(.ARM.Collect$$rtexit$$00000000)
    __rt_exit_ls                             0x08000263   Thumb Code     0  rtexit2.o(.ARM.Collect$$rtexit$$00000003)
    __rt_exit_prels_1                        0x08000263   Thumb Code     0  rtexit2.o(.ARM.Collect$$rtexit$$00000002)
    __rt_exit_exit                           0x08000267   Thumb Code     0  rtexit2.o(.ARM.Collect$$rtexit$$00000004)
    Reset_Handler                            0x0800026d   Thumb Code     8  startup_stm32f446xx.o(.text)
    ADC_IRQHandler                           0x08000287   Thumb Code     0  startup_stm32f446xx.o(.text)
    CAN1_RX0_IRQHandler                      0x08000287   Thumb Code     0  startup_stm32f446xx.o(.text)
    CAN1_RX1_IRQHandler                      0x08000287   Thumb Code     0  startup_stm32f446xx.o(.text)
    CAN1_SCE_IRQHandler                      0x08000287   Thumb Code     0  startup_stm32f446xx.o(.text)
    CAN1_TX_IRQHandler                       0x08000287   Thumb Code     0  startup_stm32f446xx.o(.text)
    CAN2_RX0_IRQHandler                      0x08000287   Thumb Code     0  startup_stm32f446xx.o(.text)
    CAN2_RX1_IRQHandler                      0x08000287   Thumb Code     0  startup_stm32f446xx.o(.text)
    CAN2_SCE_IRQHandler                      0x08000287   Thumb Code     0  startup_stm32f446xx.o(.text)
    CAN2_TX_IRQHandler                       0x08000287   Thumb Code     0  startup_stm32f446xx.o(.text)
    CEC_IRQHandler                           0x08000287   Thumb Code     0  startup_stm32f446xx.o(.text)
    DCMI_IRQHandler                          0x08000287   Thumb Code     0  startup_stm32f446xx.o(.text)
    DMA1_Stream0_IRQHandler                  0x08000287   Thumb Code     0  startup_stm32f446xx.o(.text)
    DMA1_Stream1_IRQHandler                  0x08000287   Thumb Code     0  startup_stm32f446xx.o(.text)
    DMA1_Stream2_IRQHandler                  0x08000287   Thumb Code     0  startup_stm32f446xx.o(.text)
    DMA1_Stream3_IRQHandler                  0x08000287   Thumb Code     0  startup_stm32f446xx.o(.text)
    DMA1_Stream4_IRQHandler                  0x08000287   Thumb Code     0  startup_stm32f446xx.o(.text)
    DMA1_Stream5_IRQHandler                  0x08000287   Thumb Code     0  startup_stm32f446xx.o(.text)
    DMA1_Stream6_IRQHandler                  0x08000287   Thumb Code     0  startup_stm32f446xx.o(.text)
    DMA1_Stream7_IRQHandler                  0x08000287   Thumb Code     0  startup_stm32f446xx.o(.text)
    DMA2_Stream0_IRQHandler                  0x08000287   Thumb Code     0  startup_stm32f446xx.o(.text)
    DMA2_Stream1_IRQHandler                  0x08000287   Thumb Code     0  startup_stm32f446xx.o(.text)
    DMA2_Stream2_IRQHandler                  0x08000287   Thumb Code     0  startup_stm32f446xx.o(.text)
    DMA2_Stream3_IRQHandler                  0x08000287   Thumb Code     0  startup_stm32f446xx.o(.text)
    DMA2_Stream4_IRQHandler                  0x08000287   Thumb Code     0  startup_stm32f446xx.o(.text)
    DMA2_Stream5_IRQHandler                  0x08000287   Thumb Code     0  startup_stm32f446xx.o(.text)
    DMA2_Stream6_IRQHandler                  0x08000287   Thumb Code     0  startup_stm32f446xx.o(.text)
    DMA2_Stream7_IRQHandler                  0x08000287   Thumb Code     0  startup_stm32f446xx.o(.text)
    EXTI0_IRQHandler                         0x08000287   Thumb Code     0  startup_stm32f446xx.o(.text)
    EXTI15_10_IRQHandler                     0x08000287   Thumb Code     0  startup_stm32f446xx.o(.text)
    EXTI1_IRQHandler                         0x08000287   Thumb Code     0  startup_stm32f446xx.o(.text)
    EXTI2_IRQHandler                         0x08000287   Thumb Code     0  startup_stm32f446xx.o(.text)
    EXTI3_IRQHandler                         0x08000287   Thumb Code     0  startup_stm32f446xx.o(.text)
    EXTI4_IRQHandler                         0x08000287   Thumb Code     0  startup_stm32f446xx.o(.text)
    EXTI9_5_IRQHandler                       0x08000287   Thumb Code     0  startup_stm32f446xx.o(.text)
    FLASH_IRQHandler                         0x08000287   Thumb Code     0  startup_stm32f446xx.o(.text)
    FMC_IRQHandler                           0x08000287   Thumb Code     0  startup_stm32f446xx.o(.text)
    FMPI2C1_Error_IRQHandler                 0x08000287   Thumb Code     0  startup_stm32f446xx.o(.text)
    FMPI2C1_Event_IRQHandler                 0x08000287   Thumb Code     0  startup_stm32f446xx.o(.text)
    FPU_IRQHandler                           0x08000287   Thumb Code     0  startup_stm32f446xx.o(.text)
    I2C1_ER_IRQHandler                       0x08000287   Thumb Code     0  startup_stm32f446xx.o(.text)
    I2C1_EV_IRQHandler                       0x08000287   Thumb Code     0  startup_stm32f446xx.o(.text)
    I2C2_ER_IRQHandler                       0x08000287   Thumb Code     0  startup_stm32f446xx.o(.text)
    I2C2_EV_IRQHandler                       0x08000287   Thumb Code     0  startup_stm32f446xx.o(.text)
    I2C3_ER_IRQHandler                       0x08000287   Thumb Code     0  startup_stm32f446xx.o(.text)
    I2C3_EV_IRQHandler                       0x08000287   Thumb Code     0  startup_stm32f446xx.o(.text)
    OTG_FS_IRQHandler                        0x08000287   Thumb Code     0  startup_stm32f446xx.o(.text)
    OTG_FS_WKUP_IRQHandler                   0x08000287   Thumb Code     0  startup_stm32f446xx.o(.text)
    OTG_HS_EP1_IN_IRQHandler                 0x08000287   Thumb Code     0  startup_stm32f446xx.o(.text)
    OTG_HS_EP1_OUT_IRQHandler                0x08000287   Thumb Code     0  startup_stm32f446xx.o(.text)
    OTG_HS_IRQHandler                        0x08000287   Thumb Code     0  startup_stm32f446xx.o(.text)
    OTG_HS_WKUP_IRQHandler                   0x08000287   Thumb Code     0  startup_stm32f446xx.o(.text)
    PVD_IRQHandler                           0x08000287   Thumb Code     0  startup_stm32f446xx.o(.text)
    QuadSPI_IRQHandler                       0x08000287   Thumb Code     0  startup_stm32f446xx.o(.text)
    RCC_IRQHandler                           0x08000287   Thumb Code     0  startup_stm32f446xx.o(.text)
    RTC_Alarm_IRQHandler                     0x08000287   Thumb Code     0  startup_stm32f446xx.o(.text)
    RTC_WKUP_IRQHandler                      0x08000287   Thumb Code     0  startup_stm32f446xx.o(.text)
    SAI1_IRQHandler                          0x08000287   Thumb Code     0  startup_stm32f446xx.o(.text)
    SAI2_IRQHandler                          0x08000287   Thumb Code     0  startup_stm32f446xx.o(.text)
    SDIO_IRQHandler                          0x08000287   Thumb Code     0  startup_stm32f446xx.o(.text)
    SPDIF_RX_IRQHandler                      0x08000287   Thumb Code     0  startup_stm32f446xx.o(.text)
    SPI1_IRQHandler                          0x08000287   Thumb Code     0  startup_stm32f446xx.o(.text)
    SPI2_IRQHandler                          0x08000287   Thumb Code     0  startup_stm32f446xx.o(.text)
    SPI3_IRQHandler                          0x08000287   Thumb Code     0  startup_stm32f446xx.o(.text)
    SPI4_IRQHandler                          0x08000287   Thumb Code     0  startup_stm32f446xx.o(.text)
    TAMP_STAMP_IRQHandler                    0x08000287   Thumb Code     0  startup_stm32f446xx.o(.text)
    TIM1_BRK_TIM9_IRQHandler                 0x08000287   Thumb Code     0  startup_stm32f446xx.o(.text)
    TIM1_CC_IRQHandler                       0x08000287   Thumb Code     0  startup_stm32f446xx.o(.text)
    TIM1_TRG_COM_TIM11_IRQHandler            0x08000287   Thumb Code     0  startup_stm32f446xx.o(.text)
    TIM1_UP_TIM10_IRQHandler                 0x08000287   Thumb Code     0  startup_stm32f446xx.o(.text)
    TIM3_IRQHandler                          0x08000287   Thumb Code     0  startup_stm32f446xx.o(.text)
    TIM4_IRQHandler                          0x08000287   Thumb Code     0  startup_stm32f446xx.o(.text)
    TIM5_IRQHandler                          0x08000287   Thumb Code     0  startup_stm32f446xx.o(.text)
    TIM6_DAC_IRQHandler                      0x08000287   Thumb Code     0  startup_stm32f446xx.o(.text)
    TIM7_IRQHandler                          0x08000287   Thumb Code     0  startup_stm32f446xx.o(.text)
    TIM8_BRK_TIM12_IRQHandler                0x08000287   Thumb Code     0  startup_stm32f446xx.o(.text)
    TIM8_CC_IRQHandler                       0x08000287   Thumb Code     0  startup_stm32f446xx.o(.text)
    TIM8_TRG_COM_TIM14_IRQHandler            0x08000287   Thumb Code     0  startup_stm32f446xx.o(.text)
    TIM8_UP_TIM13_IRQHandler                 0x08000287   Thumb Code     0  startup_stm32f446xx.o(.text)
    UART4_IRQHandler                         0x08000287   Thumb Code     0  startup_stm32f446xx.o(.text)
    UART5_IRQHandler                         0x08000287   Thumb Code     0  startup_stm32f446xx.o(.text)
    USART1_IRQHandler                        0x08000287   Thumb Code     0  startup_stm32f446xx.o(.text)
    USART3_IRQHandler                        0x08000287   Thumb Code     0  startup_stm32f446xx.o(.text)
    USART6_IRQHandler                        0x08000287   Thumb Code     0  startup_stm32f446xx.o(.text)
    WWDG_IRQHandler                          0x08000287   Thumb Code     0  startup_stm32f446xx.o(.text)
    __user_initial_stackheap                 0x08000289   Thumb Code     0  startup_stm32f446xx.o(.text)
    __use_no_semihosting                     0x080002ad   Thumb Code     2  use_no_semi_2.o(.text)
    __2printf                                0x080002b1   Thumb Code    20  noretval__2printf.o(.text)
    _printf_pre_padding                      0x080002c9   Thumb Code    44  _printf_pad.o(.text)
    _printf_post_padding                     0x080002f5   Thumb Code    34  _printf_pad.o(.text)
    _printf_int_hex                          0x08000319   Thumb Code    84  _printf_hex_int.o(.text)
    _printf_longlong_hex                     0x08000319   Thumb Code     0  _printf_hex_int.o(.text)
    __printf                                 0x08000371   Thumb Code   308  __printf_flags_wp.o(.text)
    strcpy                                   0x080004a9   Thumb Code    72  strcpy.o(.text)
    strcmp                                   0x080004f1   Thumb Code   128  strcmpv7m.o(.text)
    __use_two_region_memory                  0x08000571   Thumb Code     2  heapauxi.o(.text)
    __rt_heap_escrow$2region                 0x08000573   Thumb Code     2  heapauxi.o(.text)
    __rt_heap_expand$2region                 0x08000575   Thumb Code     2  heapauxi.o(.text)
    __I$use$semihosting                      0x08000577   Thumb Code     0  use_no_semi.o(.text)
    __use_no_semihosting_swi                 0x08000577   Thumb Code     2  use_no_semi.o(.text)
    _printf_int_common                       0x08000579   Thumb Code   178  _printf_intcommon.o(.text)
    _printf_char_file                        0x0800062d   Thumb Code    32  _printf_char_file.o(.text)
    _printf_char_common                      0x0800065b   Thumb Code    32  _printf_char_common.o(.text)
    ferror                                   0x08000681   Thumb Code     8  ferror.o(.text)
    __user_setup_stackheap                   0x08000689   Thumb Code    74  sys_stackheap_outer.o(.text)
    exit                                     0x080006d3   Thumb Code    18  exit.o(.text)
    __user_libspace                          0x080006e5   Thumb Code     8  libspace.o(.text)
    __user_perproc_libspace                  0x080006e5   Thumb Code     0  libspace.o(.text)
    __user_perthread_libspace                0x080006e5   Thumb Code     0  libspace.o(.text)
    ADC_Cmd                                  0x080006ed   Thumb Code    22  stm32f4xx_adc.o(i.ADC_Cmd)
    ADC_DeInit                               0x08000703   Thumb Code    22  stm32f4xx_adc.o(i.ADC_DeInit)
    ADC_GetConversionValue                   0x08000719   Thumb Code     8  stm32f4xx_adc.o(i.ADC_GetConversionValue)
    ADC_GetFlagStatus                        0x08000721   Thumb Code    18  stm32f4xx_adc.o(i.ADC_GetFlagStatus)
    ADC_Init                                 0x08000735   Thumb Code    74  stm32f4xx_adc.o(i.ADC_Init)
    ADC_RegularChannelConfig                 0x08000789   Thumb Code   184  stm32f4xx_adc.o(i.ADC_RegularChannelConfig)
    ADC_SoftwareStartConv                    0x08000841   Thumb Code    10  stm32f4xx_adc.o(i.ADC_SoftwareStartConv)
    Adc_init                                 0x0800084d   Thumb Code   106  adc.o(i.Adc_init)
    BusFault_Handler                         0x080008c1   Thumb Code     4  stm32f4xx_it.o(i.BusFault_Handler)
    DebugMon_Handler                         0x08000935   Thumb Code     2  stm32f4xx_it.o(i.DebugMon_Handler)
    GPIO_Init                                0x08000937   Thumb Code   144  stm32f4xx_gpio.o(i.GPIO_Init)
    GPIO_PinAFConfig                         0x080009c7   Thumb Code    70  stm32f4xx_gpio.o(i.GPIO_PinAFConfig)
    GPIO_ResetBits                           0x08000a0d   Thumb Code     6  stm32f4xx_gpio.o(i.GPIO_ResetBits)
    GPIO_SetBits                             0x08000a13   Thumb Code     4  stm32f4xx_gpio.o(i.GPIO_SetBits)
    Get_Adc                                  0x08000a19   Thumb Code    44  adc.o(i.Get_Adc)
    Get_Adc_Average                          0x08000a49   Thumb Code    46  adc.o(i.Get_Adc_Average)
    HardFault_Handler                        0x08000a77   Thumb Code     4  stm32f4xx_it.o(i.HardFault_Handler)
    LCD_Color_Fill                           0x08000a7b   Thumb Code    92  lcd.o(i.LCD_Color_Fill)
    LCD_Display_Dir                          0x08000ad9   Thumb Code    64  lcd.o(i.LCD_Display_Dir)
    LCD_Fast_Clear                           0x08000b1d   Thumb Code   108  lcd.o(i.LCD_Fast_Clear)
    LCD_Fast_DrawPoint                       0x08000b99   Thumb Code   106  lcd.o(i.LCD_Fast_DrawPoint)
    LCD_Fill                                 0x08000c09   Thumb Code    80  lcd.o(i.LCD_Fill)
    LCD_Init                                 0x08000c59   Thumb Code   706  lcd.o(i.LCD_Init)
    LCD_Pow                                  0x08000ff1   Thumb Code    22  lcd.o(i.LCD_Pow)
    LCD_RD_DATA                              0x08001009   Thumb Code   226  lcd.o(i.LCD_RD_DATA)
    LCD_RESET                                0x0800111d   Thumb Code    54  lcd.o(i.LCD_RESET)
    LCD_ReadPoint                            0x08001161   Thumb Code    68  lcd.o(i.LCD_ReadPoint)
    LCD_Scan_Dir                             0x080011a9   Thumb Code   348  lcd.o(i.LCD_Scan_Dir)
    LCD_SetCursor                            0x08001309   Thumb Code    84  lcd.o(i.LCD_SetCursor)
    LCD_ShowChar                             0x08001361   Thumb Code   272  lcd.o(i.LCD_ShowChar)
    LCD_ShowNum                              0x08001489   Thumb Code   148  lcd.o(i.LCD_ShowNum)
    LCD_ShowString                           0x0800151d   Thumb Code   102  lcd.o(i.LCD_ShowString)
    LCD_WR_CMD                               0x08001585   Thumb Code    46  lcd.o(i.LCD_WR_CMD)
    LCD_WR_DATA                              0x080015c5   Thumb Code    38  lcd.o(i.LCD_WR_DATA)
    LCD_WriteRAM                             0x080015fd   Thumb Code    18  lcd.o(i.LCD_WriteRAM)
    LCD_WriteRAM_Prepare                     0x08001611   Thumb Code    12  lcd.o(i.LCD_WriteRAM_Prepare)
    MemManage_Handler                        0x08001621   Thumb Code     4  stm32f4xx_it.o(i.MemManage_Handler)
    NMI_Handler                              0x08001625   Thumb Code     2  stm32f4xx_it.o(i.NMI_Handler)
    NVIC_Init                                0x08001629   Thumb Code   106  misc.o(i.NVIC_Init)
    NVIC_PriorityGroupConfig                 0x080016a1   Thumb Code    10  misc.o(i.NVIC_PriorityGroupConfig)
    PendSV_Handler                           0x080016b5   Thumb Code     2  stm32f4xx_it.o(i.PendSV_Handler)
    RCC_AHB1PeriphClockCmd                   0x080016b9   Thumb Code    26  stm32f4xx_rcc.o(i.RCC_AHB1PeriphClockCmd)
    RCC_APB1PeriphClockCmd                   0x080016d9   Thumb Code    26  stm32f4xx_rcc.o(i.RCC_APB1PeriphClockCmd)
    RCC_APB2PeriphClockCmd                   0x080016f9   Thumb Code    26  stm32f4xx_rcc.o(i.RCC_APB2PeriphClockCmd)
    RCC_APB2PeriphResetCmd                   0x08001719   Thumb Code    26  stm32f4xx_rcc.o(i.RCC_APB2PeriphResetCmd)
    RCC_GetClocksFreq                        0x08001739   Thumb Code   440  stm32f4xx_rcc.o(i.RCC_GetClocksFreq)
    SD_Deselect                              0x08001901   Thumb Code    16  sd.o(i.SD_Deselect)
    SD_GetResponse                           0x08001915   Thumb Code    38  sd.o(i.SD_GetResponse)
    SD_Initialize                            0x0800193d   Thumb Code   384  sd.o(i.SD_Initialize)
    SD_ReadDisk                              0x08001ac5   Thumb Code   112  sd.o(i.SD_ReadDisk)
    SD_RecvData                              0x08001b39   Thumb Code    56  sd.o(i.SD_RecvData)
    SD_SPI_ReadWriteByte                     0x08001b71   Thumb Code    12  sd.o(i.SD_SPI_ReadWriteByte)
    SD_SPI_SpeedHigh                         0x08001b7d   Thumb Code    10  sd.o(i.SD_SPI_SpeedHigh)
    SD_Select                                0x08001b89   Thumb Code    26  sd.o(i.SD_Select)
    SD_SendBlock                             0x08001ba9   Thumb Code    82  sd.o(i.SD_SendBlock)
    SD_SendCmd                               0x08001bfb   Thumb Code   120  sd.o(i.SD_SendCmd)
    SD_WaitReady                             0x08001c73   Thumb Code    34  sd.o(i.SD_WaitReady)
    SD_WriteDisk                             0x08001c95   Thumb Code   140  sd.o(i.SD_WriteDisk)
    SPI1_Init                                0x08001d25   Thumb Code   206  spi.o(i.SPI1_Init)
    SPI1_ReadWriteByte                       0x08001e01   Thumb Code    78  spi.o(i.SPI1_ReadWriteByte)
    SPI1_SetSpeed                            0x08001e55   Thumb Code    36  spi.o(i.SPI1_SetSpeed)
    SPI_Cmd                                  0x08001e7d   Thumb Code    24  stm32f4xx_spi.o(i.SPI_Cmd)
    SPI_I2S_GetFlagStatus                    0x08001e95   Thumb Code    18  stm32f4xx_spi.o(i.SPI_I2S_GetFlagStatus)
    SPI_I2S_ReceiveData                      0x08001ea7   Thumb Code     6  stm32f4xx_spi.o(i.SPI_I2S_ReceiveData)
    SPI_I2S_SendData                         0x08001ead   Thumb Code     4  stm32f4xx_spi.o(i.SPI_I2S_SendData)
    SPI_Init                                 0x08001eb1   Thumb Code    60  stm32f4xx_spi.o(i.SPI_Init)
    SVC_Handler                              0x08001eed   Thumb Code     2  stm32f4xx_it.o(i.SVC_Handler)
    SysTick_CLKSourceConfig                  0x08002011   Thumb Code    40  misc.o(i.SysTick_CLKSourceConfig)
    SysTick_Handler                          0x08002039   Thumb Code     2  stm32f4xx_it.o(i.SysTick_Handler)
    SystemInit                               0x0800203d   Thumb Code    88  system_stm32f4xx.o(i.SystemInit)
    TIM2_IRQHandler                          0x080020a5   Thumb Code    32  timer.o(i.TIM2_IRQHandler)
    TIM_ClearITPendingBit                    0x080020c9   Thumb Code     6  stm32f4xx_tim.o(i.TIM_ClearITPendingBit)
    TIM_GetITStatus                          0x080020cf   Thumb Code    34  stm32f4xx_tim.o(i.TIM_GetITStatus)
    USART2_IRQHandler                        0x080020f1   Thumb Code   122  usart.o(i.USART2_IRQHandler)
    USART_Cmd                                0x08002179   Thumb Code    24  stm32f4xx_usart.o(i.USART_Cmd)
    USART_GetFlagStatus                      0x08002191   Thumb Code    26  stm32f4xx_usart.o(i.USART_GetFlagStatus)
    USART_GetITStatus                        0x080021ab   Thumb Code    84  stm32f4xx_usart.o(i.USART_GetITStatus)
    USART_ITConfig                           0x080021ff   Thumb Code    74  stm32f4xx_usart.o(i.USART_ITConfig)
    USART_Init                               0x08002249   Thumb Code   204  stm32f4xx_usart.o(i.USART_Init)
    USART_ReceiveData                        0x0800231d   Thumb Code    10  stm32f4xx_usart.o(i.USART_ReceiveData)
    USART_SendData                           0x08002327   Thumb Code     8  stm32f4xx_usart.o(i.USART_SendData)
    UsageFault_Handler                       0x0800232f   Thumb Code     4  stm32f4xx_it.o(i.UsageFault_Handler)
    _is_digit                                0x08002333   Thumb Code    14  __printf_wp.o(i._is_digit)
    _sys_exit                                0x08002341   Thumb Code     4  usart.o(i._sys_exit)
    ai_draw_init                             0x08002345   Thumb Code   216  piclib.o(i.ai_draw_init)
    ai_load_picfile                          0x08002425   Thumb Code   194  piclib.o(i.ai_load_picfile)
    char_upper                               0x0800284d   Thumb Code    26  exfuns.o(i.char_upper)
    clust2sect                               0x0800293f   Thumb Code    26  ff.o(i.clust2sect)
    delay_init                               0x08002ed9   Thumb Code    50  delay.o(i.delay_init)
    delay_ms                                 0x08002f1d   Thumb Code    72  delay.o(i.delay_ms)
    delay_us                                 0x08002f69   Thumb Code    72  delay.o(i.delay_us)
    dir_sdi                                  0x08003333   Thumb Code   158  ff.o(i.dir_sdi)
    disk_initialize                          0x080033d1   Thumb Code    22  diskio.o(i.disk_initialize)
    disk_ioctl                               0x080033e7   Thumb Code    34  diskio.o(i.disk_ioctl)
    disk_read                                0x08003409   Thumb Code    82  diskio.o(i.disk_read)
    disk_status                              0x0800345b   Thumb Code     6  diskio.o(i.disk_status)
    disk_write                               0x08003461   Thumb Code    82  diskio.o(i.disk_write)
    exf_getfree                              0x080034b3   Thumb Code    74  exfuns.o(i.exf_getfree)
    exfuns_init                              0x080034fd   Thumb Code   106  exfuns.o(i.exfuns_init)
    f_close                                  0x08003579   Thumb Code    32  ff.o(i.f_close)
    f_getfree                                0x08003599   Thumb Code   258  ff.o(i.f_getfree)
    f_lseek                                  0x0800369b   Thumb Code   684  ff.o(i.f_lseek)
    f_mkdir                                  0x08003947   Thumb Code   380  ff.o(i.f_mkdir)
    f_mount                                  0x08003ac5   Thumb Code    86  ff.o(i.f_mount)
    f_open                                   0x08003b21   Thumb Code   384  ff.o(i.f_open)
    f_read                                   0x08003ca1   Thumb Code   432  ff.o(i.f_read)
    f_stat                                   0x08003e51   Thumb Code    84  ff.o(i.f_stat)
    f_sync                                   0x08003ea5   Thumb Code   176  ff.o(i.f_sync)
    f_typetell                               0x08003f55   Thumb Code   188  exfuns.o(i.f_typetell)
    f_write                                  0x08004015   Thumb Code   490  ff.o(i.f_write)
    ff_convert                               0x08004201   Thumb Code   116  cc936.o(i.ff_convert)
    ff_memalloc                              0x0800427d   Thumb Code    12  diskio.o(i.ff_memalloc)
    ff_memfree                               0x08004289   Thumb Code    12  diskio.o(i.ff_memfree)
    ff_wtoupper                              0x08004295   Thumb Code    46  cc936.o(i.ff_wtoupper)
    fputc                                    0x08004771   Thumb Code    24  usart.o(i.fputc)
    get_fat                                  0x08004859   Thumb Code   242  ff.o(i.get_fat)
    get_fattime                              0x0800494b   Thumb Code     4  diskio.o(i.get_fattime)
    gif_check_head                           0x08004aa7   Thumb Code    88  gif.o(i.gif_check_head)
    gif_clear2bkcolor                        0x08004b01   Thumb Code   496  gif.o(i.gif_clear2bkcolor)
    gif_decode                               0x08004cf5   Thumb Code   296  gif.o(i.gif_decode)
    gif_dispimage                            0x08004e21   Thumb Code   538  gif.o(i.gif_dispimage)
    gif_drawimage                            0x08005049   Thumb Code   340  gif.o(i.gif_drawimage)
    gif_getdatablock                         0x0800519d   Thumb Code    96  gif.o(i.gif_getdatablock)
    gif_getinfo                              0x080051fd   Thumb Code    70  gif.o(i.gif_getinfo)
    gif_getnextbyte                          0x08005243   Thumb Code   856  gif.o(i.gif_getnextbyte)
    gif_getnextcode                          0x0800559d   Thumb Code   452  gif.o(i.gif_getnextcode)
    gif_getrgb565                            0x08005765   Thumb Code    28  gif.o(i.gif_getrgb565)
    gif_initlzw                              0x08005781   Thumb Code   152  gif.o(i.gif_initlzw)
    gif_readcolortbl                         0x08005819   Thumb Code    64  gif.o(i.gif_readcolortbl)
    gif_readextension                        0x08005859   Thumb Code   160  gif.o(i.gif_readextension)
    gif_recovergctbl                         0x080058f9   Thumb Code    38  gif.o(i.gif_recovergctbl)
    gif_savegctbl                            0x0800591f   Thumb Code    38  gif.o(i.gif_savegctbl)
    is_element_ok                            0x08005a05   Thumb Code    36  piclib.o(i.is_element_ok)
    jd_decomp                                0x08005a2d   Thumb Code   162  tjpgd.o(i.jd_decomp)
    jd_prepare                               0x08005acf   Thumb Code   924  tjpgd.o(i.jd_prepare)
    jpeg_freeall                             0x08005e6d   Thumb Code    28  tjpgd.o(i.jpeg_freeall)
    jpeg_in_func                             0x08005e95   Thumb Code    48  tjpgd.o(i.jpeg_in_func)
    jpeg_mallocall                           0x08005ec5   Thumb Code    70  tjpgd.o(i.jpeg_mallocall)
    jpeg_out_func_fill                       0x08005f19   Thumb Code    74  tjpgd.o(i.jpeg_out_func_fill)
    jpeg_out_func_point                      0x08005f6d   Thumb Code   182  tjpgd.o(i.jpeg_out_func_point)
    jpg_decode                               0x0800602d   Thumb Code   232  tjpgd.o(i.jpg_decode)
    main                                     0x08006151   Thumb Code  2056  main.o(i.main)
    mem_free                                 0x08006fa9   Thumb Code    66  malloc.o(i.mem_free)
    mem_init                                 0x08006ff1   Thumb Code    38  malloc.o(i.mem_init)
    mem_malloc                               0x0800701d   Thumb Code   116  malloc.o(i.mem_malloc)
    mem_perused                              0x08007095   Thumb Code    42  malloc.o(i.mem_perused)
    myfree                                   0x0800710d   Thumb Code    24  malloc.o(i.myfree)
    mymalloc                                 0x08007129   Thumb Code    28  malloc.o(i.mymalloc)
    mymemcpy                                 0x08007149   Thumb Code    26  malloc.o(i.mymemcpy)
    mymemset                                 0x08007163   Thumb Code    20  malloc.o(i.mymemset)
    pic_memalloc                             0x08007177   Thumb Code    12  piclib.o(i.pic_memalloc)
    pic_memfree                              0x08007183   Thumb Code    12  piclib.o(i.pic_memfree)
    piclib_draw_hline                        0x08007191   Thumb Code    52  piclib.o(i.piclib_draw_hline)
    piclib_fill_color                        0x080071c9   Thumb Code    44  piclib.o(i.piclib_fill_color)
    piclib_init                              0x080071f5   Thumb Code    58  piclib.o(i.piclib_init)
    put_fat                                  0x08007251   Thumb Code   322  ff.o(i.put_fat)
    stdbmp_decode                            0x08007481   Thumb Code   712  bmp.o(i.stdbmp_decode)
    uart_init                                0x0800788d   Thumb Code   156  usart.o(i.uart_init)
    _fp_init                                 0x08007967   Thumb Code    10  fpinit.o(x$fpl$fpinit)
    __fplib_config_fpu_vfp                   0x0800796f   Thumb Code     0  fpinit.o(x$fpl$fpinit)
    __fplib_config_pureend_doubles           0x0800796f   Thumb Code     0  fpinit.o(x$fpl$fpinit)
    asc2_1206                                0x08007970   Data        1140  lcd.o(.constdata)
    asc2_1608                                0x08007de4   Data        1520  lcd.o(.constdata)
    asc2_2412                                0x080083d4   Data        3420  lcd.o(.constdata)
    FILE_TYPE_TBL                            0x0800916c   Data         312  exfuns.o(.constdata)
    _aMaskTbl                                0x08033f6c   Data          32  gif.o(.constdata)
    _aInterlaceOffset                        0x08033f8c   Data           4  gif.o(.constdata)
    _aInterlaceYPos                          0x08033f90   Data           4  gif.o(.constdata)
    Region$$Table$$Base                      0x080344f4   Number         0  anon$$obj.o(Region$$Table)
    Region$$Table$$Limit                     0x08034514   Number         0  anon$$obj.o(Region$$Table)
    SystemCoreClock                          0x20000000   Data           4  system_stm32f4xx.o(.data)
    AHBPrescTable                            0x20000004   Data          16  system_stm32f4xx.o(.data)
    __stdout                                 0x20000028   Data           4  usart.o(.data)
    USART_RX_STA                             0x2000002c   Data           2  usart.o(.data)
    POINT_COLOR                              0x2000002e   Data           2  lcd.o(.data)
    BACK_COLOR                               0x20000030   Data           2  lcd.o(.data)
    UPDATE_CNT                               0x20000034   Data           1  timer.o(.data)
    TIMER_CNT                                0x20000036   Data           2  timer.o(.data)
    ELAPSE                                   0x20000038   Data           4  timer.o(.data)
    SD_Type                                  0x2000003c   Data           1  sd.o(.data)
    mallco_dev                               0x20000040   Data          20  malloc.o(.data)
    fs                                       0x2000005c   Data           4  exfuns.o(.data)
    file                                     0x20000060   Data           4  exfuns.o(.data)
    ftemp                                    0x20000064   Data           4  exfuns.o(.data)
    br                                       0x20000068   Data           4  exfuns.o(.data)
    bw                                       0x2000006c   Data           4  exfuns.o(.data)
    fatbuf                                   0x20000070   Data           4  exfuns.o(.data)
    gifdecoding                              0x20000074   Data           1  gif.o(.data)
    f_jpeg                                   0x20000078   Data           4  tjpgd.o(.data)
    jpeg_dev                                 0x2000007c   Data           4  tjpgd.o(.data)
    jpg_buffer                               0x20000080   Data           4  tjpgd.o(.data)
    USART_RX_BUF                             0x20000084   Data         200  usart.o(.bss)
    lcddev                                   0x2000014c   Data          28  lcd.o(.bss)
    membase                                  0x20000168   Data       43008  malloc.o(.bss)
    memmapbase                               0x2000a968   Data        2688  malloc.o(.bss)
    fileinfo                                 0x2000b3e8   Data          32  exfuns.o(.bss)
    dir                                      0x2000b408   Data          36  exfuns.o(.bss)
    picinfo                                  0x2000b42c   Data          40  piclib.o(.bss)
    pic_phy                                  0x2000b454   Data          20  piclib.o(.bss)
    __libspace_start                         0x2000b468   Data          96  libspace.o(.bss)
    __temporary_stack_top$libspace           0x2000b4c8   Data           0  libspace.o(.bss)



==============================================================================

Memory Map of the image

  Image Entry point : 0x080001c5

  Load Region LR_IROM1 (Base: 0x08000000, Size: 0x00034598, Max: 0x00080000, ABSOLUTE)

    Execution Region ER_IROM1 (Exec base: 0x08000000, Load base: 0x08000000, Size: 0x00034514, Max: 0x00080000, ABSOLUTE)

    Exec Addr    Load Addr    Size         Type   Attr      Idx    E Section Name        Object

    0x08000000   0x08000000   0x000001c4   Data   RO          372    RESET               startup_stm32f446xx.o
    0x080001c4   0x080001c4   0x00000008   Code   RO         7745  * !!!main             c_w.l(__main.o)
    0x080001cc   0x080001cc   0x00000034   Code   RO         7915    !!!scatter          c_w.l(__scatter.o)
    0x08000200   0x08000200   0x0000001a   Code   RO         7917    !!handler_copy      c_w.l(__scatter_copy.o)
    0x0800021a   0x0800021a   0x00000002   PAD
    0x0800021c   0x0800021c   0x0000001c   Code   RO         7919    !!handler_zi        c_w.l(__scatter_zi.o)
    0x08000238   0x08000238   0x00000000   Code   RO         7738    .ARM.Collect$$_printf_percent$$00000000  c_w.l(_printf_percent.o)
    0x08000238   0x08000238   0x00000006   Code   RO         7737    .ARM.Collect$$_printf_percent$$0000000C  c_w.l(_printf_x.o)
    0x0800023e   0x0800023e   0x00000004   Code   RO         7754    .ARM.Collect$$_printf_percent$$00000017  c_w.l(_printf_percent_end.o)
    0x08000242   0x08000242   0x00000002   Code   RO         7787    .ARM.Collect$$libinit$$00000000  c_w.l(libinit.o)
    0x08000244   0x08000244   0x00000004   Code   RO         7793    .ARM.Collect$$libinit$$00000001  c_w.l(libinit2.o)
    0x08000248   0x08000248   0x00000000   Code   RO         7796    .ARM.Collect$$libinit$$00000004  c_w.l(libinit2.o)
    0x08000248   0x08000248   0x00000000   Code   RO         7799    .ARM.Collect$$libinit$$0000000A  c_w.l(libinit2.o)
    0x08000248   0x08000248   0x00000000   Code   RO         7801    .ARM.Collect$$libinit$$0000000C  c_w.l(libinit2.o)
    0x08000248   0x08000248   0x00000000   Code   RO         7803    .ARM.Collect$$libinit$$0000000E  c_w.l(libinit2.o)
    0x08000248   0x08000248   0x00000000   Code   RO         7806    .ARM.Collect$$libinit$$00000011  c_w.l(libinit2.o)
    0x08000248   0x08000248   0x00000000   Code   RO         7808    .ARM.Collect$$libinit$$00000013  c_w.l(libinit2.o)
    0x08000248   0x08000248   0x00000000   Code   RO         7810    .ARM.Collect$$libinit$$00000015  c_w.l(libinit2.o)
    0x08000248   0x08000248   0x00000000   Code   RO         7812    .ARM.Collect$$libinit$$00000017  c_w.l(libinit2.o)
    0x08000248   0x08000248   0x00000000   Code   RO         7814    .ARM.Collect$$libinit$$00000019  c_w.l(libinit2.o)
    0x08000248   0x08000248   0x00000000   Code   RO         7816    .ARM.Collect$$libinit$$0000001B  c_w.l(libinit2.o)
    0x08000248   0x08000248   0x00000000   Code   RO         7818    .ARM.Collect$$libinit$$0000001D  c_w.l(libinit2.o)
    0x08000248   0x08000248   0x00000000   Code   RO         7820    .ARM.Collect$$libinit$$0000001F  c_w.l(libinit2.o)
    0x08000248   0x08000248   0x00000000   Code   RO         7822    .ARM.Collect$$libinit$$00000021  c_w.l(libinit2.o)
    0x08000248   0x08000248   0x00000000   Code   RO         7824    .ARM.Collect$$libinit$$00000023  c_w.l(libinit2.o)
    0x08000248   0x08000248   0x00000000   Code   RO         7826    .ARM.Collect$$libinit$$00000025  c_w.l(libinit2.o)
    0x08000248   0x08000248   0x00000000   Code   RO         7830    .ARM.Collect$$libinit$$0000002C  c_w.l(libinit2.o)
    0x08000248   0x08000248   0x00000000   Code   RO         7832    .ARM.Collect$$libinit$$0000002E  c_w.l(libinit2.o)
    0x08000248   0x08000248   0x00000000   Code   RO         7834    .ARM.Collect$$libinit$$00000030  c_w.l(libinit2.o)
    0x08000248   0x08000248   0x00000000   Code   RO         7836    .ARM.Collect$$libinit$$00000032  c_w.l(libinit2.o)
    0x08000248   0x08000248   0x00000002   Code   RO         7837    .ARM.Collect$$libinit$$00000033  c_w.l(libinit2.o)
    0x0800024a   0x0800024a   0x00000002   Code   RO         7855    .ARM.Collect$$libshutdown$$00000000  c_w.l(libshutdown.o)
    0x0800024c   0x0800024c   0x00000000   Code   RO         7865    .ARM.Collect$$libshutdown$$00000002  c_w.l(libshutdown2.o)
    0x0800024c   0x0800024c   0x00000000   Code   RO         7867    .ARM.Collect$$libshutdown$$00000004  c_w.l(libshutdown2.o)
    0x0800024c   0x0800024c   0x00000000   Code   RO         7869    .ARM.Collect$$libshutdown$$00000006  c_w.l(libshutdown2.o)
    0x0800024c   0x0800024c   0x00000000   Code   RO         7872    .ARM.Collect$$libshutdown$$00000009  c_w.l(libshutdown2.o)
    0x0800024c   0x0800024c   0x00000000   Code   RO         7875    .ARM.Collect$$libshutdown$$0000000C  c_w.l(libshutdown2.o)
    0x0800024c   0x0800024c   0x00000000   Code   RO         7877    .ARM.Collect$$libshutdown$$0000000E  c_w.l(libshutdown2.o)
    0x0800024c   0x0800024c   0x00000000   Code   RO         7880    .ARM.Collect$$libshutdown$$00000011  c_w.l(libshutdown2.o)
    0x0800024c   0x0800024c   0x00000002   Code   RO         7881    .ARM.Collect$$libshutdown$$00000012  c_w.l(libshutdown2.o)
    0x0800024e   0x0800024e   0x00000000   Code   RO         7749    .ARM.Collect$$rtentry$$00000000  c_w.l(__rtentry.o)
    0x0800024e   0x0800024e   0x00000000   Code   RO         7756    .ARM.Collect$$rtentry$$00000002  c_w.l(__rtentry2.o)
    0x0800024e   0x0800024e   0x00000006   Code   RO         7768    .ARM.Collect$$rtentry$$00000004  c_w.l(__rtentry4.o)
    0x08000254   0x08000254   0x00000000   Code   RO         7758    .ARM.Collect$$rtentry$$00000009  c_w.l(__rtentry2.o)
    0x08000254   0x08000254   0x00000004   Code   RO         7759    .ARM.Collect$$rtentry$$0000000A  c_w.l(__rtentry2.o)
    0x08000258   0x08000258   0x00000000   Code   RO         7761    .ARM.Collect$$rtentry$$0000000C  c_w.l(__rtentry2.o)
    0x08000258   0x08000258   0x00000008   Code   RO         7762    .ARM.Collect$$rtentry$$0000000D  c_w.l(__rtentry2.o)
    0x08000260   0x08000260   0x00000002   Code   RO         7791    .ARM.Collect$$rtexit$$00000000  c_w.l(rtexit.o)
    0x08000262   0x08000262   0x00000000   Code   RO         7839    .ARM.Collect$$rtexit$$00000002  c_w.l(rtexit2.o)
    0x08000262   0x08000262   0x00000004   Code   RO         7840    .ARM.Collect$$rtexit$$00000003  c_w.l(rtexit2.o)
    0x08000266   0x08000266   0x00000006   Code   RO         7841    .ARM.Collect$$rtexit$$00000004  c_w.l(rtexit2.o)
    0x0800026c   0x0800026c   0x00000040   Code   RO          373    .text               startup_stm32f446xx.o
    0x080002ac   0x080002ac   0x00000002   Code   RO         7686    .text               c_w.l(use_no_semi_2.o)
    0x080002ae   0x080002ae   0x00000002   PAD
    0x080002b0   0x080002b0   0x00000018   Code   RO         7690    .text               c_w.l(noretval__2printf.o)
    0x080002c8   0x080002c8   0x0000004e   Code   RO         7694    .text               c_w.l(_printf_pad.o)
    0x08000316   0x08000316   0x00000002   PAD
    0x08000318   0x08000318   0x00000058   Code   RO         7699    .text               c_w.l(_printf_hex_int.o)
    0x08000370   0x08000370   0x00000138   Code   RO         7729    .text               c_w.l(__printf_flags_wp.o)
    0x080004a8   0x080004a8   0x00000048   Code   RO         7739    .text               c_w.l(strcpy.o)
    0x080004f0   0x080004f0   0x00000080   Code   RO         7741    .text               c_w.l(strcmpv7m.o)
    0x08000570   0x08000570   0x00000006   Code   RO         7743    .text               c_w.l(heapauxi.o)
    0x08000576   0x08000576   0x00000002   Code   RO         7747    .text               c_w.l(use_no_semi.o)
    0x08000578   0x08000578   0x000000b2   Code   RO         7750    .text               c_w.l(_printf_intcommon.o)
    0x0800062a   0x0800062a   0x00000002   PAD
    0x0800062c   0x0800062c   0x00000024   Code   RO         7752    .text               c_w.l(_printf_char_file.o)
    0x08000650   0x08000650   0x00000030   Code   RO         7770    .text               c_w.l(_printf_char_common.o)
    0x08000680   0x08000680   0x00000008   Code   RO         7772    .text               c_w.l(ferror.o)
    0x08000688   0x08000688   0x0000004a   Code   RO         7776    .text               c_w.l(sys_stackheap_outer.o)
    0x080006d2   0x080006d2   0x00000012   Code   RO         7780    .text               c_w.l(exit.o)
    0x080006e4   0x080006e4   0x00000008   Code   RO         7788    .text               c_w.l(libspace.o)
    0x080006ec   0x080006ec   0x00000016   Code   RO          434    i.ADC_Cmd           stm32f4xx_adc.o
    0x08000702   0x08000702   0x00000016   Code   RO          440    i.ADC_DeInit        stm32f4xx_adc.o
    0x08000718   0x08000718   0x00000008   Code   RO          446    i.ADC_GetConversionValue  stm32f4xx_adc.o
    0x08000720   0x08000720   0x00000012   Code   RO          447    i.ADC_GetFlagStatus  stm32f4xx_adc.o
    0x08000732   0x08000732   0x00000002   PAD
    0x08000734   0x08000734   0x00000054   Code   RO          454    i.ADC_Init          stm32f4xx_adc.o
    0x08000788   0x08000788   0x000000b8   Code   RO          459    i.ADC_RegularChannelConfig  stm32f4xx_adc.o
    0x08000840   0x08000840   0x0000000a   Code   RO          461    i.ADC_SoftwareStartConv  stm32f4xx_adc.o
    0x0800084a   0x0800084a   0x00000002   PAD
    0x0800084c   0x0800084c   0x00000074   Code   RO         6659    i.Adc_init          adc.o
    0x080008c0   0x080008c0   0x00000004   Code   RO          228    i.BusFault_Handler  stm32f4xx_it.o
    0x080008c4   0x080008c4   0x00000070   Code   RO         6219    i.DatabusWrite      lcd.o
    0x08000934   0x08000934   0x00000002   Code   RO          229    i.DebugMon_Handler  stm32f4xx_it.o
    0x08000936   0x08000936   0x00000090   Code   RO         2636    i.GPIO_Init         stm32f4xx_gpio.o
    0x080009c6   0x080009c6   0x00000046   Code   RO         2637    i.GPIO_PinAFConfig  stm32f4xx_gpio.o
    0x08000a0c   0x08000a0c   0x00000006   Code   RO         2643    i.GPIO_ResetBits    stm32f4xx_gpio.o
    0x08000a12   0x08000a12   0x00000004   Code   RO         2644    i.GPIO_SetBits      stm32f4xx_gpio.o
    0x08000a16   0x08000a16   0x00000002   PAD
    0x08000a18   0x08000a18   0x00000030   Code   RO         6660    i.Get_Adc           adc.o
    0x08000a48   0x08000a48   0x0000002e   Code   RO         6661    i.Get_Adc_Average   adc.o
    0x08000a76   0x08000a76   0x00000004   Code   RO          230    i.HardFault_Handler  stm32f4xx_it.o
    0x08000a7a   0x08000a7a   0x0000005c   Code   RO         6222    i.LCD_Color_Fill    lcd.o
    0x08000ad6   0x08000ad6   0x00000002   PAD
    0x08000ad8   0x08000ad8   0x00000044   Code   RO         6225    i.LCD_Display_Dir   lcd.o
    0x08000b1c   0x08000b1c   0x0000007c   Code   RO         6230    i.LCD_Fast_Clear    lcd.o
    0x08000b98   0x08000b98   0x00000070   Code   RO         6231    i.LCD_Fast_DrawPoint  lcd.o
    0x08000c08   0x08000c08   0x00000050   Code   RO         6232    i.LCD_Fill          lcd.o
    0x08000c58   0x08000c58   0x00000398   Code   RO         6233    i.LCD_Init          lcd.o
    0x08000ff0   0x08000ff0   0x00000016   Code   RO         6234    i.LCD_Pow           lcd.o
    0x08001006   0x08001006   0x00000002   PAD
    0x08001008   0x08001008   0x00000114   Code   RO         6235    i.LCD_RD_DATA       lcd.o
    0x0800111c   0x0800111c   0x00000044   Code   RO         6236    i.LCD_RESET         lcd.o
    0x08001160   0x08001160   0x00000048   Code   RO         6237    i.LCD_ReadPoint     lcd.o
    0x080011a8   0x080011a8   0x00000160   Code   RO         6238    i.LCD_Scan_Dir      lcd.o
    0x08001308   0x08001308   0x00000058   Code   RO         6239    i.LCD_SetCursor     lcd.o
    0x08001360   0x08001360   0x00000128   Code   RO         6241    i.LCD_ShowChar      lcd.o
    0x08001488   0x08001488   0x00000094   Code   RO         6242    i.LCD_ShowNum       lcd.o
    0x0800151c   0x0800151c   0x00000066   Code   RO         6243    i.LCD_ShowString    lcd.o
    0x08001582   0x08001582   0x00000002   PAD
    0x08001584   0x08001584   0x00000040   Code   RO         6245    i.LCD_WR_CMD        lcd.o
    0x080015c4   0x080015c4   0x00000038   Code   RO         6246    i.LCD_WR_DATA       lcd.o
    0x080015fc   0x080015fc   0x00000012   Code   RO         6247    i.LCD_WriteRAM      lcd.o
    0x0800160e   0x0800160e   0x00000002   PAD
    0x08001610   0x08001610   0x00000010   Code   RO         6249    i.LCD_WriteRAM_Prepare  lcd.o
    0x08001620   0x08001620   0x00000004   Code   RO          231    i.MemManage_Handler  stm32f4xx_it.o
    0x08001624   0x08001624   0x00000002   Code   RO          232    i.NMI_Handler       stm32f4xx_it.o
    0x08001626   0x08001626   0x00000002   PAD
    0x08001628   0x08001628   0x00000078   Code   RO          380    i.NVIC_Init         misc.o
    0x080016a0   0x080016a0   0x00000014   Code   RO          381    i.NVIC_PriorityGroupConfig  misc.o
    0x080016b4   0x080016b4   0x00000002   Code   RO          233    i.PendSV_Handler    stm32f4xx_it.o
    0x080016b6   0x080016b6   0x00000002   PAD
    0x080016b8   0x080016b8   0x00000020   Code   RO         3756    i.RCC_AHB1PeriphClockCmd  stm32f4xx_rcc.o
    0x080016d8   0x080016d8   0x00000020   Code   RO         3765    i.RCC_APB1PeriphClockCmd  stm32f4xx_rcc.o
    0x080016f8   0x080016f8   0x00000020   Code   RO         3768    i.RCC_APB2PeriphClockCmd  stm32f4xx_rcc.o
    0x08001718   0x08001718   0x00000020   Code   RO         3770    i.RCC_APB2PeriphResetCmd  stm32f4xx_rcc.o
    0x08001738   0x08001738   0x000001c8   Code   RO         3779    i.RCC_GetClocksFreq  stm32f4xx_rcc.o
    0x08001900   0x08001900   0x00000014   Code   RO         6529    i.SD_Deselect       sd.o
    0x08001914   0x08001914   0x00000026   Code   RO         6532    i.SD_GetResponse    sd.o
    0x0800193a   0x0800193a   0x00000002   PAD
    0x0800193c   0x0800193c   0x00000188   Code   RO         6534    i.SD_Initialize     sd.o
    0x08001ac4   0x08001ac4   0x00000074   Code   RO         6535    i.SD_ReadDisk       sd.o
    0x08001b38   0x08001b38   0x00000038   Code   RO         6536    i.SD_RecvData       sd.o
    0x08001b70   0x08001b70   0x0000000c   Code   RO         6538    i.SD_SPI_ReadWriteByte  sd.o
    0x08001b7c   0x08001b7c   0x0000000a   Code   RO         6539    i.SD_SPI_SpeedHigh  sd.o
    0x08001b86   0x08001b86   0x00000002   PAD
    0x08001b88   0x08001b88   0x00000020   Code   RO         6541    i.SD_Select         sd.o
    0x08001ba8   0x08001ba8   0x00000052   Code   RO         6542    i.SD_SendBlock      sd.o
    0x08001bfa   0x08001bfa   0x00000078   Code   RO         6543    i.SD_SendCmd        sd.o
    0x08001c72   0x08001c72   0x00000022   Code   RO         6544    i.SD_WaitReady      sd.o
    0x08001c94   0x08001c94   0x00000090   Code   RO         6545    i.SD_WriteDisk      sd.o
    0x08001d24   0x08001d24   0x000000dc   Code   RO         6489    i.SPI1_Init         spi.o
    0x08001e00   0x08001e00   0x00000054   Code   RO         6490    i.SPI1_ReadWriteByte  spi.o
    0x08001e54   0x08001e54   0x00000028   Code   RO         6491    i.SPI1_SetSpeed     spi.o
    0x08001e7c   0x08001e7c   0x00000018   Code   RO         4984    i.SPI_Cmd           stm32f4xx_spi.o
    0x08001e94   0x08001e94   0x00000012   Code   RO         4992    i.SPI_I2S_GetFlagStatus  stm32f4xx_spi.o
    0x08001ea6   0x08001ea6   0x00000006   Code   RO         4995    i.SPI_I2S_ReceiveData  stm32f4xx_spi.o
    0x08001eac   0x08001eac   0x00000004   Code   RO         4996    i.SPI_I2S_SendData  stm32f4xx_spi.o
    0x08001eb0   0x08001eb0   0x0000003c   Code   RO         4997    i.SPI_Init          stm32f4xx_spi.o
    0x08001eec   0x08001eec   0x00000002   Code   RO          234    i.SVC_Handler       stm32f4xx_it.o
    0x08001eee   0x08001eee   0x00000002   PAD
    0x08001ef0   0x08001ef0   0x00000120   Code   RO          332    i.SetSysClock       system_stm32f4xx.o
    0x08002010   0x08002010   0x00000028   Code   RO          384    i.SysTick_CLKSourceConfig  misc.o
    0x08002038   0x08002038   0x00000002   Code   RO          235    i.SysTick_Handler   stm32f4xx_it.o
    0x0800203a   0x0800203a   0x00000002   PAD
    0x0800203c   0x0800203c   0x00000068   Code   RO          334    i.SystemInit        system_stm32f4xx.o
    0x080020a4   0x080020a4   0x00000024   Code   RO         6449    i.TIM2_IRQHandler   timer.o
    0x080020c8   0x080020c8   0x00000006   Code   RO         5217    i.TIM_ClearITPendingBit  stm32f4xx_tim.o
    0x080020ce   0x080020ce   0x00000022   Code   RO         5243    i.TIM_GetITStatus   stm32f4xx_tim.o
    0x080020f0   0x080020f0   0x00000088   Code   RO         6108    i.USART2_IRQHandler  usart.o
    0x08002178   0x08002178   0x00000018   Code   RO         5776    i.USART_Cmd         stm32f4xx_usart.o
    0x08002190   0x08002190   0x0000001a   Code   RO         5779    i.USART_GetFlagStatus  stm32f4xx_usart.o
    0x080021aa   0x080021aa   0x00000054   Code   RO         5780    i.USART_GetITStatus  stm32f4xx_usart.o
    0x080021fe   0x080021fe   0x0000004a   Code   RO         5782    i.USART_ITConfig    stm32f4xx_usart.o
    0x08002248   0x08002248   0x000000d4   Code   RO         5783    i.USART_Init        stm32f4xx_usart.o
    0x0800231c   0x0800231c   0x0000000a   Code   RO         5790    i.USART_ReceiveData  stm32f4xx_usart.o
    0x08002326   0x08002326   0x00000008   Code   RO         5793    i.USART_SendData    stm32f4xx_usart.o
    0x0800232e   0x0800232e   0x00000004   Code   RO          236    i.UsageFault_Handler  stm32f4xx_it.o
    0x08002332   0x08002332   0x0000000e   Code   RO         7727    i._is_digit         c_w.l(__printf_wp.o)
    0x08002340   0x08002340   0x00000004   Code   RO         6109    i._sys_exit         usart.o
    0x08002344   0x08002344   0x000000e0   Code   RO         7450    i.ai_draw_init      piclib.o
    0x08002424   0x08002424   0x000000d0   Code   RO         7451    i.ai_load_picfile   piclib.o
    0x080024f4   0x080024f4   0x0000001e   Code   RO         7532    i.alloc_pool        tjpgd.o
    0x08002512   0x08002512   0x00000090   Code   RO         7533    i.bitext            tjpgd.o
    0x080025a2   0x080025a2   0x00000002   PAD
    0x080025a4   0x080025a4   0x000002a8   Code   RO         7534    i.block_idct        tjpgd.o
    0x0800284c   0x0800284c   0x0000001a   Code   RO         7196    i.char_upper        exfuns.o
    0x08002866   0x08002866   0x00000002   PAD
    0x08002868   0x08002868   0x00000090   Code   RO         6849    i.check_fs          ff.o
    0x080028f8   0x080028f8   0x00000014   Code   RO         6850    i.chk_chr           ff.o
    0x0800290c   0x0800290c   0x00000032   Code   RO         6851    i.clmt_clust        ff.o
    0x0800293e   0x0800293e   0x0000001a   Code   RO         6852    i.clust2sect        ff.o
    0x08002958   0x08002958   0x00000090   Code   RO         6853    i.cmp_lfn           ff.o
    0x080029e8   0x080029e8   0x000000d6   Code   RO         6854    i.create_chain      ff.o
    0x08002abe   0x08002abe   0x00000134   Code   RO         7535    i.create_huffman_tbl  tjpgd.o
    0x08002bf2   0x08002bf2   0x00000002   PAD
    0x08002bf4   0x08002bf4   0x00000270   Code   RO         6855    i.create_name       ff.o
    0x08002e64   0x08002e64   0x00000074   Code   RO         7536    i.create_qt_tbl     tjpgd.o
    0x08002ed8   0x08002ed8   0x00000044   Code   RO         6030    i.delay_init        delay.o
    0x08002f1c   0x08002f1c   0x0000004c   Code   RO         6031    i.delay_ms          delay.o
    0x08002f68   0x08002f68   0x0000004c   Code   RO         6032    i.delay_us          delay.o
    0x08002fb4   0x08002fb4   0x0000005c   Code   RO         6856    i.dir_alloc         ff.o
    0x08003010   0x08003010   0x000000ea   Code   RO         6857    i.dir_find          ff.o
    0x080030fa   0x080030fa   0x0000010e   Code   RO         6858    i.dir_next          ff.o
    0x08003208   0x08003208   0x0000012a   Code   RO         6860    i.dir_register      ff.o
    0x08003332   0x08003332   0x0000009e   Code   RO         6862    i.dir_sdi           ff.o
    0x080033d0   0x080033d0   0x00000016   Code   RO         6775    i.disk_initialize   diskio.o
    0x080033e6   0x080033e6   0x00000022   Code   RO         6776    i.disk_ioctl        diskio.o
    0x08003408   0x08003408   0x00000052   Code   RO         6777    i.disk_read         diskio.o
    0x0800345a   0x0800345a   0x00000006   Code   RO         6778    i.disk_status       diskio.o
    0x08003460   0x08003460   0x00000052   Code   RO         6779    i.disk_write        diskio.o
    0x080034b2   0x080034b2   0x0000004a   Code   RO         7197    i.exf_getfree       exfuns.o
    0x080034fc   0x080034fc   0x0000007c   Code   RO         7198    i.exfuns_init       exfuns.o
    0x08003578   0x08003578   0x00000020   Code   RO         6864    i.f_close           ff.o
    0x08003598   0x08003598   0x00000102   Code   RO         6866    i.f_getfree         ff.o
    0x0800369a   0x0800369a   0x000002ac   Code   RO         6869    i.f_lseek           ff.o
    0x08003946   0x08003946   0x0000017c   Code   RO         6870    i.f_mkdir           ff.o
    0x08003ac2   0x08003ac2   0x00000002   PAD
    0x08003ac4   0x08003ac4   0x0000005c   Code   RO         6872    i.f_mount           ff.o
    0x08003b20   0x08003b20   0x00000180   Code   RO         6873    i.f_open            ff.o
    0x08003ca0   0x08003ca0   0x000001b0   Code   RO         6878    i.f_read            ff.o
    0x08003e50   0x08003e50   0x00000054   Code   RO         6882    i.f_stat            ff.o
    0x08003ea4   0x08003ea4   0x000000b0   Code   RO         6883    i.f_sync            ff.o
    0x08003f54   0x08003f54   0x000000c0   Code   RO         7199    i.f_typetell        exfuns.o
    0x08004014   0x08004014   0x000001ea   Code   RO         6887    i.f_write           ff.o
    0x080041fe   0x080041fe   0x00000002   PAD
    0x08004200   0x08004200   0x0000007c   Code   RO         7254    i.ff_convert        cc936.o
    0x0800427c   0x0800427c   0x0000000c   Code   RO         6780    i.ff_memalloc       diskio.o
    0x08004288   0x08004288   0x0000000c   Code   RO         6781    i.ff_memfree        diskio.o
    0x08004294   0x08004294   0x00000038   Code   RO         7255    i.ff_wtoupper       cc936.o
    0x080042cc   0x080042cc   0x00000394   Code   RO         6888    i.find_volume       ff.o
    0x08004660   0x08004660   0x00000080   Code   RO         6889    i.fit_lfn           ff.o
    0x080046e0   0x080046e0   0x00000090   Code   RO         6890    i.follow_path       ff.o
    0x08004770   0x08004770   0x0000001c   Code   RO         6110    i.fputc             usart.o
    0x0800478c   0x0800478c   0x000000cc   Code   RO         6891    i.gen_numname       ff.o
    0x08004858   0x08004858   0x000000f2   Code   RO         6892    i.get_fat           ff.o
    0x0800494a   0x0800494a   0x00000004   Code   RO         6782    i.get_fattime       diskio.o
    0x0800494e   0x0800494e   0x00000110   Code   RO         6893    i.get_fileinfo      ff.o
    0x08004a5e   0x08004a5e   0x00000048   Code   RO         6894    i.get_ldnumber      ff.o
    0x08004aa6   0x08004aa6   0x00000058   Code   RO         7329    i.gif_check_head    gif.o
    0x08004afe   0x08004afe   0x00000002   PAD
    0x08004b00   0x08004b00   0x000001f4   Code   RO         7330    i.gif_clear2bkcolor  gif.o
    0x08004cf4   0x08004cf4   0x0000012c   Code   RO         7331    i.gif_decode        gif.o
    0x08004e20   0x08004e20   0x00000228   Code   RO         7332    i.gif_dispimage     gif.o
    0x08005048   0x08005048   0x00000154   Code   RO         7333    i.gif_drawimage     gif.o
    0x0800519c   0x0800519c   0x00000060   Code   RO         7334    i.gif_getdatablock  gif.o
    0x080051fc   0x080051fc   0x00000046   Code   RO         7335    i.gif_getinfo       gif.o
    0x08005242   0x08005242   0x00000358   Code   RO         7336    i.gif_getnextbyte   gif.o
    0x0800559a   0x0800559a   0x00000002   PAD
    0x0800559c   0x0800559c   0x000001c8   Code   RO         7337    i.gif_getnextcode   gif.o
    0x08005764   0x08005764   0x0000001c   Code   RO         7338    i.gif_getrgb565     gif.o
    0x08005780   0x08005780   0x00000098   Code   RO         7339    i.gif_initlzw       gif.o
    0x08005818   0x08005818   0x00000040   Code   RO         7341    i.gif_readcolortbl  gif.o
    0x08005858   0x08005858   0x000000a0   Code   RO         7342    i.gif_readextension  gif.o
    0x080058f8   0x080058f8   0x00000026   Code   RO         7343    i.gif_recovergctbl  gif.o
    0x0800591e   0x0800591e   0x00000026   Code   RO         7344    i.gif_savegctbl     gif.o
    0x08005944   0x08005944   0x000000c0   Code   RO         7537    i.huffext           tjpgd.o
    0x08005a04   0x08005a04   0x00000028   Code   RO         7452    i.is_element_ok     piclib.o
    0x08005a2c   0x08005a2c   0x000000a2   Code   RO         7538    i.jd_decomp         tjpgd.o
    0x08005ace   0x08005ace   0x0000039c   Code   RO         7539    i.jd_prepare        tjpgd.o
    0x08005e6a   0x08005e6a   0x00000002   PAD
    0x08005e6c   0x08005e6c   0x00000028   Code   RO         7540    i.jpeg_freeall      tjpgd.o
    0x08005e94   0x08005e94   0x00000030   Code   RO         7541    i.jpeg_in_func      tjpgd.o
    0x08005ec4   0x08005ec4   0x00000054   Code   RO         7542    i.jpeg_mallocall    tjpgd.o
    0x08005f18   0x08005f18   0x00000054   Code   RO         7543    i.jpeg_out_func_fill  tjpgd.o
    0x08005f6c   0x08005f6c   0x000000c0   Code   RO         7544    i.jpeg_out_func_point  tjpgd.o
    0x0800602c   0x0800602c   0x00000104   Code   RO         7545    i.jpg_decode        tjpgd.o
    0x08006130   0x08006130   0x00000020   Code   RO         6895    i.ld_clust          ff.o
    0x08006150   0x08006150   0x000008a0   Code   RO            4    i.main              main.o
    0x080069f0   0x080069f0   0x000001e4   Code   RO         7546    i.mcu_load          tjpgd.o
    0x08006bd4   0x08006bd4   0x00000394   Code   RO         7547    i.mcu_output        tjpgd.o
    0x08006f68   0x08006f68   0x00000026   Code   RO         6896    i.mem_cmp           ff.o
    0x08006f8e   0x08006f8e   0x0000001a   Code   RO         6897    i.mem_cpy           ff.o
    0x08006fa8   0x08006fa8   0x00000048   Code   RO         6695    i.mem_free          malloc.o
    0x08006ff0   0x08006ff0   0x0000002c   Code   RO         6696    i.mem_init          malloc.o
    0x0800701c   0x0800701c   0x00000078   Code   RO         6697    i.mem_malloc        malloc.o
    0x08007094   0x08007094   0x00000030   Code   RO         6698    i.mem_perused       malloc.o
    0x080070c4   0x080070c4   0x00000014   Code   RO         6898    i.mem_set           ff.o
    0x080070d8   0x080070d8   0x00000034   Code   RO         6899    i.move_window       ff.o
    0x0800710c   0x0800710c   0x0000001c   Code   RO         6699    i.myfree            malloc.o
    0x08007128   0x08007128   0x00000020   Code   RO         6700    i.mymalloc          malloc.o
    0x08007148   0x08007148   0x0000001a   Code   RO         6701    i.mymemcpy          malloc.o
    0x08007162   0x08007162   0x00000014   Code   RO         6702    i.mymemset          malloc.o
    0x08007176   0x08007176   0x0000000c   Code   RO         7453    i.pic_memalloc      piclib.o
    0x08007182   0x08007182   0x0000000c   Code   RO         7454    i.pic_memfree       piclib.o
    0x0800718e   0x0800718e   0x00000002   PAD
    0x08007190   0x08007190   0x00000038   Code   RO         7456    i.piclib_draw_hline  piclib.o
    0x080071c8   0x080071c8   0x0000002c   Code   RO         7457    i.piclib_fill_color  piclib.o
    0x080071f4   0x080071f4   0x0000005c   Code   RO         7458    i.piclib_init       piclib.o
    0x08007250   0x08007250   0x00000142   Code   RO         6901    i.put_fat           ff.o
    0x08007392   0x08007392   0x0000006c   Code   RO         6903    i.remove_chain      ff.o
    0x080073fe   0x080073fe   0x00000070   Code   RO         7548    i.restart           tjpgd.o
    0x0800746e   0x0800746e   0x00000010   Code   RO         6904    i.st_clust          ff.o
    0x0800747e   0x0800747e   0x00000002   PAD
    0x08007480   0x08007480   0x000002d0   Code   RO         7288    i.stdbmp_decode     bmp.o
    0x08007750   0x08007750   0x00000020   Code   RO         6905    i.sum_sfn           ff.o
    0x08007770   0x08007770   0x000000c8   Code   RO         6906    i.sync_fs           ff.o
    0x08007838   0x08007838   0x00000052   Code   RO         6907    i.sync_window       ff.o
    0x0800788a   0x0800788a   0x00000002   PAD
    0x0800788c   0x0800788c   0x000000a4   Code   RO         6111    i.uart_init         usart.o
    0x08007930   0x08007930   0x00000036   Code   RO         6908    i.validate          ff.o
    0x08007966   0x08007966   0x0000000a   Code   RO         7847    x$fpl$fpinit        fz_wm.l(fpinit.o)
    0x08007970   0x08007970   0x000017c0   Data   RO         6253    .constdata          lcd.o
    0x08009130   0x08009130   0x0000003a   Data   RO         6909    .constdata          ff.o
    0x0800916a   0x0800916a   0x00000002   PAD
    0x0800916c   0x0800916c   0x00000138   Data   RO         7201    .constdata          exfuns.o
    0x080092a4   0x080092a4   0x0002acc8   Data   RO         7256    .constdata          cc936.o
    0x08033f6c   0x08033f6c   0x00000028   Data   RO         7345    .constdata          gif.o
    0x08033f94   0x08033f94   0x000004c0   Data   RO         7549    .constdata          tjpgd.o
    0x08034454   0x08034454   0x00000028   Data   RO         7700    .constdata          c_w.l(_printf_hex_int.o)
    0x0803447c   0x0803447c   0x00000011   Data   RO         7730    .constdata          c_w.l(__printf_flags_wp.o)
    0x0803448d   0x0803448d   0x00000003   PAD
    0x08034490   0x08034490   0x00000064   Data   RO         7202    .conststring        exfuns.o
    0x080344f4   0x080344f4   0x00000020   Data   RO         7913    Region$$Table       anon$$obj.o


    Execution Region RW_IRAM1 (Exec base: 0x20000000, Load base: 0x08034514, Size: 0x0000bac8, Max: 0x00020000, ABSOLUTE)

    Exec Addr    Load Addr    Size         Type   Attr      Idx    E Section Name        Object

    0x20000000   0x08034514   0x00000014   Data   RW          335    .data               system_stm32f4xx.o
    0x20000014   0x08034528   0x00000010   Data   RW         3812    .data               stm32f4xx_rcc.o
    0x20000024   0x08034538   0x00000004   Data   RW         6033    .data               delay.o
    0x20000028   0x0803453c   0x00000006   Data   RW         6113    .data               usart.o
    0x2000002e   0x08034542   0x00000004   Data   RW         6254    .data               lcd.o
    0x20000032   0x08034546   0x00000002   PAD
    0x20000034   0x08034548   0x00000008   Data   RW         6451    .data               timer.o
    0x2000003c   0x08034550   0x00000001   Data   RW         6546    .data               sd.o
    0x2000003d   0x08034551   0x00000003   PAD
    0x20000040   0x08034554   0x00000014   Data   RW         6706    .data               malloc.o
    0x20000054   0x08034568   0x00000006   Data   RW         6910    .data               ff.o
    0x2000005a   0x0803456e   0x00000002   PAD
    0x2000005c   0x08034570   0x00000018   Data   RW         7203    .data               exfuns.o
    0x20000074   0x08034588   0x00000001   Data   RW         7346    .data               gif.o
    0x20000075   0x08034589   0x00000003   PAD
    0x20000078   0x0803458c   0x0000000c   Data   RW         7550    .data               tjpgd.o
    0x20000084        -       0x000000c8   Zero   RW         6112    .bss                usart.o
    0x2000014c        -       0x0000001c   Zero   RW         6252    .bss                lcd.o
    0x20000168        -       0x0000b280   Zero   RW         6704    .bss                malloc.o
    0x2000b3e8        -       0x00000044   Zero   RW         7200    .bss                exfuns.o
    0x2000b42c        -       0x0000003c   Zero   RW         7459    .bss                piclib.o
    0x2000b468        -       0x00000060   Zero   RW         7789    .bss                c_w.l(libspace.o)
    0x2000b4c8        -       0x00000200   Zero   RW          371    HEAP                startup_stm32f446xx.o
    0x2000b6c8        -       0x00000400   Zero   RW          370    STACK               startup_stm32f446xx.o


==============================================================================

Image component sizes


      Code (inc. data)   RO Data    RW Data    ZI Data      Debug   Object Name

       210         14          0          0          0       1851   adc.o
       720          8          0          0          0       2332   bmp.o
       180         18     175304          0          0       2691   cc936.o
       220         26          0          4          0       1819   delay.o
       254          0          0          0          0       6427   diskio.o
       416         22        412         24         68       4002   exfuns.o
      8246         64         58          6          0      43786   ff.o
      3738         26         40          1          0      15109   gif.o
      3086        418       6080          4         28      18471   lcd.o
      2208        624          0          0          0     341715   main.o
       390         30          0         20      45696       6369   malloc.o
       180         24          0          0          0       2277   misc.o
       688         64          0          0         60       6882   piclib.o
      1056         26          0          1          0       8685   sd.o
       344         24          0          0          0       1949   spi.o
        64         26        452          0       1536        836   startup_stm32f446xx.o
       348         10          0          0          0       5730   stm32f4xx_adc.o
       224          0          0          0          0       3099   stm32f4xx_gpio.o
        26          0          0          0          0       4042   stm32f4xx_it.o
       584         40          0         16          0       5536   stm32f4xx_rcc.o
       112          0          0          0          0       3722   stm32f4xx_spi.o
        40          0          0          0          0       2014   stm32f4xx_tim.o
       438          8          0          0          0       5749   stm32f4xx_usart.o
       392         32          0         20          0       1897   system_stm32f4xx.o
        36          4          0          8          0        800   timer.o
      4776        128       1216         12          0      23085   tjpgd.o
       332         26          0          6        200       4472   usart.o

    ----------------------------------------------------------------------
     29356       1662     183596        132      47588     525347   Object Totals
         0          0         32          0          0          0   (incl. Generated)
        48          0          2         10          0          0   (incl. Padding)

    ----------------------------------------------------------------------

      Code (inc. data)   RO Data    RW Data    ZI Data      Debug   Library Member Name

         8          0          0          0          0         68   __main.o
       312          4         17          0          0         92   __printf_flags_wp.o
        14          0          0          0          0         68   __printf_wp.o
         0          0          0          0          0          0   __rtentry.o
        12          0          0          0          0          0   __rtentry2.o
         6          0          0          0          0          0   __rtentry4.o
        52          8          0          0          0          0   __scatter.o
        26          0          0          0          0          0   __scatter_copy.o
        28          0          0          0          0          0   __scatter_zi.o
        48          6          0          0          0         96   _printf_char_common.o
        36          4          0          0          0         80   _printf_char_file.o
        88          4         40          0          0         88   _printf_hex_int.o
       178          0          0          0          0         88   _printf_intcommon.o
        78          0          0          0          0        108   _printf_pad.o
         0          0          0          0          0          0   _printf_percent.o
         4          0          0          0          0          0   _printf_percent_end.o
         6          0          0          0          0          0   _printf_x.o
        18          0          0          0          0         80   exit.o
         8          0          0          0          0         68   ferror.o
         6          0          0          0          0        152   heapauxi.o
         2          0          0          0          0          0   libinit.o
         6          0          0          0          0          0   libinit2.o
         2          0          0          0          0          0   libshutdown.o
         2          0          0          0          0          0   libshutdown2.o
         8          4          0          0         96         68   libspace.o
        24          4          0          0          0         84   noretval__2printf.o
         2          0          0          0          0          0   rtexit.o
        10          0          0          0          0          0   rtexit2.o
       128          0          0          0          0         68   strcmpv7m.o
        72          0          0          0          0         80   strcpy.o
        74          0          0          0          0         80   sys_stackheap_outer.o
         2          0          0          0          0         68   use_no_semi.o
         2          0          0          0          0         68   use_no_semi_2.o
        10          0          0          0          0        116   fpinit.o

    ----------------------------------------------------------------------
      1280         34         60          0         96       1620   Library Totals
         8          0          3          0          0          0   (incl. Padding)

    ----------------------------------------------------------------------

      Code (inc. data)   RO Data    RW Data    ZI Data      Debug   Library Name

      1262         34         57          0         96       1504   c_w.l
        10          0          0          0          0        116   fz_wm.l

    ----------------------------------------------------------------------
      1280         34         60          0         96       1620   Library Totals

    ----------------------------------------------------------------------

==============================================================================


      Code (inc. data)   RO Data    RW Data    ZI Data      Debug   

     30636       1696     183656        132      47684     507439   Grand Totals
     30636       1696     183656        132      47684     507439   ELF Image Totals
     30636       1696     183656        132          0          0   ROM Totals

==============================================================================

    Total RO  Size (Code + RO Data)               214292 ( 209.27kB)
    Total RW  Size (RW Data + ZI Data)             47816 (  46.70kB)
    Total ROM Size (Code + RO Data + RW Data)     214424 ( 209.40kB)

==============================================================================

