Component: ARM Compiler 5.06 update 7 (build 960) Tool: armlink [4d3601]

==============================================================================

Section Cross References

    main.o(i.main) refers to delay.o(i.delay_init) for delay_init
    main.o(i.main) refers to misc.o(i.NVIC_PriorityGroupConfig) for NVIC_PriorityGroupConfig
    main.o(i.main) refers to usart.o(i.uart_init) for uart_init
    main.o(i.main) refers to adc.o(i.Adc_init) for Adc_init
    main.o(i.main) refers to lcd.o(i.LCD_Init) for LCD_Init
    main.o(i.main) refers to spi.o(i.SPI1_Init) for SPI1_Init
    main.o(i.main) refers to malloc.o(i.mem_init) for mem_init
    main.o(i.main) refers to exfuns.o(i.exfuns_init) for exfuns_init
    main.o(i.main) refers to ff.o(i.f_mount) for f_mount
    main.o(i.main) refers to lcd.o(i.LCD_ShowString) for LCD_ShowString
    main.o(i.main) refers to lcd.o(i.LCD_ShowNum) for LCD_ShowNum
    main.o(i.main) refers to delay.o(i.delay_ms) for delay_ms
    main.o(i.main) refers to exfuns.o(i.exf_getfree) for exf_getfree
    main.o(i.main) refers to ff.o(i.f_stat) for f_stat
    main.o(i.main) refers to ff.o(i.f_mkdir) for f_mkdir
    main.o(i.main) refers to ff.o(i.f_open) for f_open
    main.o(i.main) refers to ff.o(i.f_write) for f_write
    main.o(i.main) refers to ff.o(i.f_close) for f_close
    main.o(i.main) refers to adc.o(i.Get_Adc) for Get_Adc
    main.o(i.main) refers to adc.o(i.Get_Adc_Average) for Get_Adc_Average
    main.o(i.main) refers to stm32f4xx_usart.o(i.USART_SendData) for USART_SendData
    main.o(i.main) refers to stm32f4xx_usart.o(i.USART_GetFlagStatus) for USART_GetFlagStatus
    main.o(i.main) refers to exfuns.o(.data) for fs
    main.o(i.main) refers to exfuns.o(.bss) for fileinfo
    main.o(i.main) refers to usart.o(.data) for USART_RX_STA
    main.o(i.main) refers to usart.o(.bss) for USART_RX_BUF
    main.o(i.main) refers to malloc.o(i.mymalloc) for mymalloc
    main.o(i.main) refers to malloc.o(i.mymemcpy) for mymemcpy
    main.o(i.main) refers to malloc.o(i.myfree) for myfree
    main.o(i.main) refers to malloc.o(i.mem_perused) for mem_perused
    main.o(i.main) refers to ff.o(i.f_read) for f_read
    system_stm32f4xx.o(i.SystemCoreClockUpdate) refers to system_stm32f4xx.o(.data) for SystemCoreClock
    system_stm32f4xx.o(i.SystemInit) refers to system_stm32f4xx.o(i.SetSysClock) for SetSysClock
    startup_stm32f446xx.o(STACK) refers (Special) to heapauxi.o(.text) for __use_two_region_memory
    startup_stm32f446xx.o(HEAP) refers (Special) to heapauxi.o(.text) for __use_two_region_memory
    startup_stm32f446xx.o(RESET) refers (Special) to heapauxi.o(.text) for __use_two_region_memory
    startup_stm32f446xx.o(RESET) refers to startup_stm32f446xx.o(STACK) for __initial_sp
    startup_stm32f446xx.o(RESET) refers to startup_stm32f446xx.o(.text) for Reset_Handler
    startup_stm32f446xx.o(RESET) refers to stm32f4xx_it.o(i.NMI_Handler) for NMI_Handler
    startup_stm32f446xx.o(RESET) refers to stm32f4xx_it.o(i.HardFault_Handler) for HardFault_Handler
    startup_stm32f446xx.o(RESET) refers to stm32f4xx_it.o(i.MemManage_Handler) for MemManage_Handler
    startup_stm32f446xx.o(RESET) refers to stm32f4xx_it.o(i.BusFault_Handler) for BusFault_Handler
    startup_stm32f446xx.o(RESET) refers to stm32f4xx_it.o(i.UsageFault_Handler) for UsageFault_Handler
    startup_stm32f446xx.o(RESET) refers to stm32f4xx_it.o(i.SVC_Handler) for SVC_Handler
    startup_stm32f446xx.o(RESET) refers to stm32f4xx_it.o(i.DebugMon_Handler) for DebugMon_Handler
    startup_stm32f446xx.o(RESET) refers to stm32f4xx_it.o(i.PendSV_Handler) for PendSV_Handler
    startup_stm32f446xx.o(RESET) refers to stm32f4xx_it.o(i.SysTick_Handler) for SysTick_Handler
    startup_stm32f446xx.o(RESET) refers to timer.o(i.TIM2_IRQHandler) for TIM2_IRQHandler
    startup_stm32f446xx.o(RESET) refers to usart.o(i.USART2_IRQHandler) for USART2_IRQHandler
    startup_stm32f446xx.o(.text) refers (Special) to heapauxi.o(.text) for __use_two_region_memory
    startup_stm32f446xx.o(.text) refers to system_stm32f4xx.o(i.SystemInit) for SystemInit
    startup_stm32f446xx.o(.text) refers to __main.o(!!!main) for __main
    startup_stm32f446xx.o(.text) refers to startup_stm32f446xx.o(HEAP) for Heap_Mem
    startup_stm32f446xx.o(.text) refers to startup_stm32f446xx.o(STACK) for Stack_Mem
    stm32f4xx_adc.o(i.ADC_DeInit) refers to stm32f4xx_rcc.o(i.RCC_APB2PeriphResetCmd) for RCC_APB2PeriphResetCmd
    stm32f4xx_can.o(i.CAN_DeInit) refers to stm32f4xx_rcc.o(i.RCC_APB1PeriphResetCmd) for RCC_APB1PeriphResetCmd
    stm32f4xx_can.o(i.CAN_GetITStatus) refers to stm32f4xx_can.o(i.CheckITStatus) for CheckITStatus
    stm32f4xx_cec.o(i.CEC_DeInit) refers to stm32f4xx_rcc.o(i.RCC_APB1PeriphResetCmd) for RCC_APB1PeriphResetCmd
    stm32f4xx_cryp.o(i.CRYP_DeInit) refers to stm32f4xx_rcc.o(i.RCC_AHB2PeriphResetCmd) for RCC_AHB2PeriphResetCmd
[...]
    .ARM.Collect$$libinit$$00000021          0x08000248   Section        0  libinit2.o(.ARM.Collect$$libinit$$00000021)
    .ARM.Collect$$libinit$$00000023          0x08000248   Section        0  libinit2.o(.ARM.Collect$$libinit$$00000023)
    .ARM.Collect$$libinit$$00000025          0x08000248   Section        0  libinit2.o(.ARM.Collect$$libinit$$00000025)
    .ARM.Collect$$libinit$$0000002C          0x08000248   Section        0  libinit2.o(.ARM.Collect$$libinit$$0000002C)
    .ARM.Collect$$libinit$$0000002E          0x08000248   Section        0  libinit2.o(.ARM.Collect$$libinit$$0000002E)
    .ARM.Collect$$libinit$$00000030          0x08000248   Section        0  libinit2.o(.ARM.Collect$$libinit$$00000030)
    .ARM.Collect$$libinit$$00000032          0x08000248   Section        0  libinit2.o(.ARM.Collect$$libinit$$00000032)
    .ARM.Collect$$libinit$$00000033          0x08000248   Section        2  libinit2.o(.ARM.Collect$$libinit$$00000033)
    .ARM.Collect$$libshutdown$$00000000      0x0800024a   Section        2  libshutdown.o(.ARM.Collect$$libshutdown$$00000000)
    .ARM.Collect$$libshutdown$$00000002      0x0800024c   Section        0  libshutdown2.o(.ARM.Collect$$libshutdown$$00000002)
    .ARM.Collect$$libshutdown$$00000004      0x0800024c   Section        0  libshutdown2.o(.ARM.Collect$$libshutdown$$00000004)
    .ARM.Collect$$libshutdown$$00000006      0x0800024c   Section        0  libshutdown2.o(.ARM.Collect$$libshutdown$$00000006)
    .ARM.Collect$$libshutdown$$00000009      0x0800024c   Section        0  libshutdown2.o(.ARM.Collect$$libshutdown$$00000009)
    .ARM.Collect$$libshutdown$$0000000C      0x0800024c   Section        0  libshutdown2.o(.ARM.Collect$$libshutdown$$0000000C)
    .ARM.Collect$$libshutdown$$0000000E      0x0800024c   Section        0  libshutdown2.o(.ARM.Collect$$libshutdown$$0000000E)
    .ARM.Collect$$libshutdown$$00000011      0x0800024c   Section        0  libshutdown2.o(.ARM.Collect$$libshutdown$$00000011)
    .ARM.Collect$$libshutdown$$00000012      0x0800024c   Section        2  libshutdown2.o(.ARM.Collect$$libshutdown$$00000012)
    .ARM.Collect$$rtentry$$00000000          0x0800024e   Section        0  __rtentry.o(.ARM.Collect$$rtentry$$00000000)
    .ARM.Collect$$rtentry$$00000002          0x0800024e   Section        0  __rtentry2.o(.ARM.Collect$$rtentry$$00000002)
    .ARM.Collect$$rtentry$$00000004          0x0800024e   Section        6  __rtentry4.o(.ARM.Collect$$rtentry$$00000004)
    .ARM.Collect$$rtentry$$00000009          0x08000254   Section        0  __rtentry2.o(.ARM.Collect$$rtentry$$00000009)
    .ARM.Collect$$rtentry$$0000000A          0x08000254   Section        4  __rtentry2.o(.ARM.Collect$$rtentry$$0000000A)
    .ARM.Collect$$rtentry$$0000000C          0x08000258   Section        0  __rtentry2.o(.ARM.Collect$$rtentry$$0000000C)
    .ARM.Collect$$rtentry$$0000000D          0x08000258   Section        8  __rtentry2.o(.ARM.Collect$$rtentry$$0000000D)
    .ARM.Collect$$rtexit$$00000000           0x08000260   Section        2  rtexit.o(.ARM.Collect$$rtexit$$00000000)
    .ARM.Collect$$rtexit$$00000002           0x08000262   Section        0  rtexit2.o(.ARM.Collect$$rtexit$$00000002)
    .ARM.Collect$$rtexit$$00000003           0x08000262   Section        4  rtexit2.o(.ARM.Collect$$rtexit$$00000003)
    .ARM.Collect$$rtexit$$00000004           0x08000266   Section        6  rtexit2.o(.ARM.Collect$$rtexit$$00000004)
    .text                                    0x0800026c   Section       64  startup_stm32f446xx.o(.text)
    $v0                                      0x0800026c   Number         0  startup_stm32f446xx.o(.text)
    .text                                    0x080002ac   Section        2  use_no_semi_2.o(.text)
    .text                                    0x080002b0   Section        0  noretval__2printf.o(.text)
    .text                                    0x080002c8   Section        0  __printf.o(.text)
    .text                                    0x08000330   Section        0  _printf_hex_int.o(.text)
    .text                                    0x08000388   Section        0  heapauxi.o(.text)
    .text                                    0x0800038e   Section        2  use_no_semi.o(.text)
    .text                                    0x08000390   Section        0  _printf_intcommon.o(.text)
    .text                                    0x08000444   Section        0  _printf_char_file.o(.text)
    .text                                    0x08000468   Section        0  _printf_char_common.o(.text)
    _printf_input_char                       0x08000469   Thumb Code    10  _printf_char_common.o(.text)
    .text                                    0x08000498   Section        0  ferror.o(.text)
    .text                                    0x080004a0   Section       74  sys_stackheap_outer.o(.text)
    .text                                    0x080004ea   Section        0  exit.o(.text)
    .text                                    0x080004fc   Section        8  libspace.o(.text)
    i.ADC_Cmd                                0x08000504   Section        0  stm32f4xx_adc.o(i.ADC_Cmd)
    i.ADC_DeInit                             0x0800051a   Section        0  stm32f4xx_adc.o(i.ADC_DeInit)
    i.ADC_GetConversionValue                 0x08000530   Section        0  stm32f4xx_adc.o(i.ADC_GetConversionValue)
    i.ADC_GetFlagStatus                      0x08000538   Section        0  stm32f4xx_adc.o(i.ADC_GetFlagStatus)
    i.ADC_Init                               0x0800054c   Section        0  stm32f4xx_adc.o(i.ADC_Init)
    i.ADC_RegularChannelConfig               0x080005a0   Section        0  stm32f4xx_adc.o(i.ADC_RegularChannelConfig)
    i.ADC_SoftwareStartConv                  0x08000658   Section        0  stm32f4xx_adc.o(i.ADC_SoftwareStartConv)
    i.Adc_init                               0x08000664   Section        0  adc.o(i.Adc_init)
    i.BusFault_Handler                       0x080006d8   Section        0  stm32f4xx_it.o(i.BusFault_Handler)
    i.DatabusWrite                           0x080006dc   Section        0  lcd.o(i.DatabusWrite)
    DatabusWrite                             0x080006dd   Thumb Code    90  lcd.o(i.DatabusWrite)
    i.DebugMon_Handler                       0x0800074c   Section        0  stm32f4xx_it.o(i.DebugMon_Handler)
    i.GPIO_Init                              0x0800074e   Section        0  stm32f4xx_gpio.o(i.GPIO_Init)
    i.GPIO_PinAFConfig                       0x080007de   Section        0  stm32f4xx_gpio.o(i.GPIO_PinAFConfig)
    i.GPIO_ResetBits                         0x08000824   Section        0  stm32f4xx_gpio.o(i.GPIO_ResetBits)
    i.GPIO_SetBits                           0x0800082a   Section        0  stm32f4xx_gpio.o(i.GPIO_SetBits)
    i.Get_Adc                                0x08000830   Section        0  adc.o(i.Get_Adc)
    i.Get_Adc_Average                        0x08000860   Section        0  adc.o(i.Get_Adc_Average)
    i.HardFault_Handler                      0x0800088e   Section        0  stm32f4xx_it.o(i.HardFault_Handler)
    i.LCD_Display_Dir                        0x08000894   Section        0  lcd.o(i.LCD_Display_Dir)
    i.LCD_Fast_Clear                         0x080008d8   Section        0  lcd.o(i.LCD_Fast_Clear)
    i.LCD_Fast_DrawPoint                     0x08000988   Section        0  lcd.o(i.LCD_Fast_DrawPoint)
    i.LCD_Init                               0x080009f8   Section        0  lcd.o(i.LCD_Init)
    i.LCD_Pow                                0x08000d90   Section        0  lcd.o(i.LCD_Pow)
    i.LCD_RD_DATA                            0x08000da8   Section        0  lcd.o(i.LCD_RD_DATA)
    i.LCD_RESET                              0x08000ebc   Section        0  lcd.o(i.LCD_RESET)
    i.LCD_Scan_Dir                           0x08000f00   Section        0  lcd.o(i.LCD_Scan_Dir)
    i.LCD_SetCursor                          0x08001150   Section        0  lcd.o(i.LCD_SetCursor)
    i.LCD_ShowChar                           0x080011a8   Section        0  lcd.o(i.LCD_ShowChar)
    i.LCD_ShowNum                            0x080012d0   Section        0  lcd.o(i.LCD_ShowNum)
    i.LCD_ShowString                         0x08001364   Section        0  lcd.o(i.LCD_ShowString)
    i.LCD_WR_CMD                             0x080013cc   Section        0  lcd.o(i.LCD_WR_CMD)
    i.LCD_WR_DATA                            0x0800140c   Section        0  lcd.o(i.LCD_WR_DATA)
    i.LCD_WriteRAM_Prepare                   0x08001444   Section        0  lcd.o(i.LCD_WriteRAM_Prepare)
    i.MemManage_Handler                      0x08001454   Section        0  stm32f4xx_it.o(i.MemManage_Handler)
    i.NMI_Handler                            0x08001458   Section        0  stm32f4xx_it.o(i.NMI_Handler)
    i.NVIC_Init                              0x0800145c   Section        0  misc.o(i.NVIC_Init)
    i.NVIC_PriorityGroupConfig               0x080014d4   Section        0  misc.o(i.NVIC_PriorityGroupConfig)
    i.PendSV_Handler                         0x080014e8   Section        0  stm32f4xx_it.o(i.PendSV_Handler)
    i.RCC_AHB1PeriphClockCmd                 0x080014ec   Section        0  stm32f4xx_rcc.o(i.RCC_AHB1PeriphClockCmd)
    i.RCC_APB1PeriphClockCmd                 0x0800150c   Section        0  stm32f4xx_rcc.o(i.RCC_APB1PeriphClockCmd)
    i.RCC_APB2PeriphClockCmd                 0x0800152c   Section        0  stm32f4xx_rcc.o(i.RCC_APB2PeriphClockCmd)
    i.RCC_APB2PeriphResetCmd                 0x0800154c   Section        0  stm32f4xx_rcc.o(i.RCC_APB2PeriphResetCmd)
    i.RCC_GetClocksFreq                      0x0800156c   Section        0  stm32f4xx_rcc.o(i.RCC_GetClocksFreq)
    i.SD_Deselect                            0x08001734   Section        0  sd.o(i.SD_Deselect)
    i.SD_GetResponse                         0x08001748   Section        0  sd.o(i.SD_GetResponse)
    i.SD_Initialize                          0x08001770   Section        0  sd.o(i.SD_Initialize)
    i.SD_ReadDisk                            0x080018f8   Section        0  sd.o(i.SD_ReadDisk)
    i.SD_RecvData                            0x0800196c   Section        0  sd.o(i.SD_RecvData)
    i.SD_SPI_ReadWriteByte                   0x080019a4   Section        0  sd.o(i.SD_SPI_ReadWriteByte)
    i.SD_SPI_SpeedHigh                       0x080019b0   Section        0  sd.o(i.SD_SPI_SpeedHigh)
    i.SD_Select                              0x080019bc   Section        0  sd.o(i.SD_Select)
    i.SD_SendBlock                           0x080019dc   Section        0  sd.o(i.SD_SendBlock)
    i.SD_SendCmd                             0x08001a2e   Section        0  sd.o(i.SD_SendCmd)
    i.SD_WaitReady                           0x08001aa6   Section        0  sd.o(i.SD_WaitReady)
    i.SD_WriteDisk                           0x08001ac8   Section        0  sd.o(i.SD_WriteDisk)
    i.SPI1_Init                              0x08001b58   Section        0  spi.o(i.SPI1_Init)
    i.SPI1_ReadWriteByte                     0x08001c34   Section        0  spi.o(i.SPI1_ReadWriteByte)
    i.SPI1_SetSpeed                          0x08001c88   Section        0  spi.o(i.SPI1_SetSpeed)
    i.SPI_Cmd                                0x08001cb0   Section        0  stm32f4xx_spi.o(i.SPI_Cmd)
    i.SPI_I2S_GetFlagStatus                  0x08001cc8   Section        0  stm32f4xx_spi.o(i.SPI_I2S_GetFlagStatus)
    i.SPI_I2S_ReceiveData                    0x08001cda   Section        0  stm32f4xx_spi.o(i.SPI_I2S_ReceiveData)
    i.SPI_I2S_SendData                       0x08001ce0   Section        0  stm32f4xx_spi.o(i.SPI_I2S_SendData)
    i.SPI_Init                               0x08001ce4   Section        0  stm32f4xx_spi.o(i.SPI_Init)
    i.SVC_Handler                            0x08001d20   Section        0  stm32f4xx_it.o(i.SVC_Handler)
    i.SetSysClock                            0x08001d24   Section        0  system_stm32f4xx.o(i.SetSysClock)
    SetSysClock                              0x08001d25   Thumb Code   272  system_stm32f4xx.o(i.SetSysClock)
    i.SysTick_CLKSourceConfig                0x08001e44   Section        0  misc.o(i.SysTick_CLKSourceConfig)
    i.SysTick_Handler                        0x08001e6c   Section        0  stm32f4xx_it.o(i.SysTick_Handler)
    i.SystemInit                             0x08001e70   Section        0  system_stm32f4xx.o(i.SystemInit)
    i.TIM2_IRQHandler                        0x08001ed8   Section        0  timer.o(i.TIM2_IRQHandler)
    i.TIM_ClearITPendingBit                  0x08001efc   Section        0  stm32f4xx_tim.o(i.TIM_ClearITPendingBit)
    i.TIM_GetITStatus                        0x08001f02   Section        0  stm32f4xx_tim.o(i.TIM_GetITStatus)
    i.USART2_IRQHandler                      0x08001f24   Section        0  usart.o(i.USART2_IRQHandler)
    i.USART_Cmd                              0x08001fac   Section        0  stm32f4xx_usart.o(i.USART_Cmd)
    i.USART_GetFlagStatus                    0x08001fc4   Section        0  stm32f4xx_usart.o(i.USART_GetFlagStatus)
    i.USART_GetITStatus                      0x08001fde   Section        0  stm32f4xx_usart.o(i.USART_GetITStatus)
    i.USART_ITConfig                         0x08002032   Section        0  stm32f4xx_usart.o(i.USART_ITConfig)
    i.USART_Init                             0x0800207c   Section        0  stm32f4xx_usart.o(i.USART_Init)
    i.USART_ReceiveData                      0x08002150   Section        0  stm32f4xx_usart.o(i.USART_ReceiveData)
    i.USART_SendData                         0x0800215a   Section        0  stm32f4xx_usart.o(i.USART_SendData)
    i.UsageFault_Handler                     0x08002162   Section        0  stm32f4xx_it.o(i.UsageFault_Handler)
    i._sys_exit                              0x08002166   Section        0  usart.o(i._sys_exit)
    i.check_fs                               0x0800216c   Section        0  ff.o(i.check_fs)
    check_fs                                 0x0800216d   Thumb Code   140  ff.o(i.check_fs)
    i.chk_chr                                0x080021fc   Section        0  ff.o(i.chk_chr)
    chk_chr                                  0x080021fd   Thumb Code    20  ff.o(i.chk_chr)
    i.clmt_clust                             0x08002210   Section        0  ff.o(i.clmt_clust)
    clmt_clust                               0x08002211   Thumb Code    50  ff.o(i.clmt_clust)
    i.clust2sect                             0x08002242   Section        0  ff.o(i.clust2sect)
    i.cmp_lfn                                0x0800225c   Section        0  ff.o(i.cmp_lfn)
    cmp_lfn                                  0x0800225d   Thumb Code   138  ff.o(i.cmp_lfn)
    i.create_chain                           0x080022ec   Section        0  ff.o(i.create_chain)
    create_chain                             0x080022ed   Thumb Code   214  ff.o(i.create_chain)
    i.create_name                            0x080023c4   Section        0  ff.o(i.create_name)
    create_name                              0x080023c5   Thumb Code   604  ff.o(i.create_name)
    i.delay_init                             0x08002634   Section        0  delay.o(i.delay_init)
    i.delay_ms                               0x08002678   Section        0  delay.o(i.delay_ms)
    i.delay_us                               0x080026c4   Section        0  delay.o(i.delay_us)
    i.dir_alloc                              0x08002710   Section        0  ff.o(i.dir_alloc)
    dir_alloc                                0x08002711   Thumb Code    92  ff.o(i.dir_alloc)
    i.dir_find                               0x0800276c   Section        0  ff.o(i.dir_find)
    dir_find                                 0x0800276d   Thumb Code   234  ff.o(i.dir_find)
    i.dir_next                               0x08002856   Section        0  ff.o(i.dir_next)
    dir_next                                 0x08002857   Thumb Code   270  ff.o(i.dir_next)
    i.dir_register                           0x08002964   Section        0  ff.o(i.dir_register)
    dir_register                             0x08002965   Thumb Code   298  ff.o(i.dir_register)
    i.dir_sdi                                0x08002a8e   Section        0  ff.o(i.dir_sdi)
    i.disk_initialize                        0x08002b2c   Section        0  diskio.o(i.disk_initialize)
    i.disk_ioctl                             0x08002b42   Section        0  diskio.o(i.disk_ioctl)
    i.disk_read                              0x08002b64   Section        0  diskio.o(i.disk_read)
    i.disk_status                            0x08002bb6   Section        0  diskio.o(i.disk_status)
    i.disk_write                             0x08002bbc   Section        0  diskio.o(i.disk_write)
    i.exf_getfree                            0x08002c0e   Section        0  exfuns.o(i.exf_getfree)
    i.exfuns_init                            0x08002c58   Section        0  exfuns.o(i.exfuns_init)
    i.f_close                                0x08002cd4   Section        0  ff.o(i.f_close)
    i.f_getfree                              0x08002cf4   Section        0  ff.o(i.f_getfree)
    i.f_mkdir                                0x08002df6   Section        0  ff.o(i.f_mkdir)
    i.f_mount                                0x08002f74   Section        0  ff.o(i.f_mount)
    i.f_open                                 0x08002fd0   Section        0  ff.o(i.f_open)
    i.f_read                                 0x08003150   Section        0  ff.o(i.f_read)
    i.f_stat                                 0x08003300   Section        0  ff.o(i.f_stat)
    i.f_sync                                 0x08003354   Section        0  ff.o(i.f_sync)
    i.f_write                                0x08003404   Section        0  ff.o(i.f_write)
    i.ff_convert                             0x080035f0   Section        0  cc936.o(i.ff_convert)
    i.ff_memalloc                            0x0800366c   Section        0  diskio.o(i.ff_memalloc)
    i.ff_memfree                             0x08003678   Section        0  diskio.o(i.ff_memfree)
    i.ff_wtoupper                            0x08003684   Section        0  cc936.o(i.ff_wtoupper)
    i.find_volume                            0x080036bc   Section        0  ff.o(i.find_volume)
    find_volume                              0x080036bd   Thumb Code   900  ff.o(i.find_volume)
    i.fit_lfn                                0x08003a50   Section        0  ff.o(i.fit_lfn)
    fit_lfn                                  0x08003a51   Thumb Code   122  ff.o(i.fit_lfn)
    i.follow_path                            0x08003ad0   Section        0  ff.o(i.follow_path)
    follow_path                              0x08003ad1   Thumb Code   144  ff.o(i.follow_path)
    i.fputc                                  0x08003b60   Section        0  usart.o(i.fputc)
    i.gen_numname                            0x08003b7c   Section        0  ff.o(i.gen_numname)
    gen_numname                              0x08003b7d   Thumb Code   198  ff.o(i.gen_numname)
    i.get_fat                                0x08003c48   Section        0  ff.o(i.get_fat)
    i.get_fattime                            0x08003d3a   Section        0  diskio.o(i.get_fattime)
    i.get_fileinfo                           0x08003d3e   Section        0  ff.o(i.get_fileinfo)
    get_fileinfo                             0x08003d3f   Thumb Code   272  ff.o(i.get_fileinfo)
    i.get_ldnumber                           0x08003e4e   Section        0  ff.o(i.get_ldnumber)
    get_ldnumber                             0x08003e4f   Thumb Code    72  ff.o(i.get_ldnumber)
    i.ld_clust                               0x08003e96   Section        0  ff.o(i.ld_clust)
    ld_clust                                 0x08003e97   Thumb Code    32  ff.o(i.ld_clust)
    i.main                                   0x08003eb8   Section        0  main.o(i.main)
    i.mem_cmp                                0x08004648   Section        0  ff.o(i.mem_cmp)
    mem_cmp                                  0x08004649   Thumb Code    38  ff.o(i.mem_cmp)
    i.mem_cpy                                0x0800466e   Section        0  ff.o(i.mem_cpy)
    mem_cpy                                  0x0800466f   Thumb Code    26  ff.o(i.mem_cpy)
    i.mem_free                               0x08004688   Section        0  malloc.o(i.mem_free)
    i.mem_init                               0x080046d0   Section        0  malloc.o(i.mem_init)
    i.mem_malloc                             0x080046fc   Section        0  malloc.o(i.mem_malloc)
    i.mem_perused                            0x08004774   Section        0  malloc.o(i.mem_perused)
    i.mem_set                                0x080047a4   Section        0  ff.o(i.mem_set)
    mem_set                                  0x080047a5   Thumb Code    20  ff.o(i.mem_set)
    i.move_window                            0x080047b8   Section        0  ff.o(i.move_window)
    move_window                              0x080047b9   Thumb Code    52  ff.o(i.move_window)
    i.myfree                                 0x080047ec   Section        0  malloc.o(i.myfree)
    i.mymalloc                               0x08004808   Section        0  malloc.o(i.mymalloc)
    i.mymemcpy                               0x08004828   Section        0  malloc.o(i.mymemcpy)
    i.mymemset                               0x08004842   Section        0  malloc.o(i.mymemset)
    i.put_fat                                0x08004856   Section        0  ff.o(i.put_fat)
    i.remove_chain                           0x08004998   Section        0  ff.o(i.remove_chain)
    remove_chain                             0x08004999   Thumb Code   108  ff.o(i.remove_chain)
    i.st_clust                               0x08004a04   Section        0  ff.o(i.st_clust)
    st_clust                                 0x08004a05   Thumb Code    16  ff.o(i.st_clust)
    i.sum_sfn                                0x08004a14   Section        0  ff.o(i.sum_sfn)
    sum_sfn                                  0x08004a15   Thumb Code    32  ff.o(i.sum_sfn)
    i.sync_fs                                0x08004a34   Section        0  ff.o(i.sync_fs)
    sync_fs                                  0x08004a35   Thumb Code   200  ff.o(i.sync_fs)
    i.sync_window                            0x08004afc   Section        0  ff.o(i.sync_window)
    sync_window                              0x08004afd   Thumb Code    82  ff.o(i.sync_window)
    i.uart_init                              0x08004b50   Section        0  usart.o(i.uart_init)
    i.validate                               0x08004bf4   Section        0  ff.o(i.validate)
    validate                                 0x08004bf5   Thumb Code    54  ff.o(i.validate)
    x$fpl$fpinit                             0x08004c2a   Section       10  fpinit.o(x$fpl$fpinit)
    $v0                                      0x08004c2a   Number         0  fpinit.o(x$fpl$fpinit)
    .constdata                               0x08004c34   Section     6080  lcd.o(.constdata)
    .constdata                               0x080063f4   Section       58  ff.o(.constdata)
    LfnOfs                                   0x080063f4   Data          13  ff.o(.constdata)
    vst                                      0x08006402   Data          22  ff.o(.constdata)
    cst                                      0x08006418   Data          22  ff.o(.constdata)
    .constdata                               0x0800642e   Section    175304  cc936.o(.constdata)
    uni2oem                                  0x0800642e   Data       87172  cc936.o(.constdata)
    oem2uni                                  0x0801b8b2   Data       87172  cc936.o(.constdata)
    tbl_lower                                0x08030d36   Data         480  cc936.o(.constdata)
    tbl_upper                                0x08030f16   Data         480  cc936.o(.constdata)
    .constdata                               0x080310f6   Section       40  _printf_hex_int.o(.constdata)
    uc_hextab                                0x080310f6   Data          20  _printf_hex_int.o(.constdata)
    lc_hextab                                0x0803110a   Data          20  _printf_hex_int.o(.constdata)
    .data                                    0x20000000   Section       20  system_stm32f4xx.o(.data)
    .data                                    0x20000014   Section       16  stm32f4xx_rcc.o(.data)
    APBAHBPrescTable                         0x20000014   Data          16  stm32f4xx_rcc.o(.data)
    .data                                    0x20000024   Section        4  delay.o(.data)
    fac_us                                   0x20000024   Data           1  delay.o(.data)
    fac_ms                                   0x20000026   Data           2  delay.o(.data)
    .data                                    0x20000028   Section        6  usart.o(.data)
    .data                                    0x2000002e   Section        4  lcd.o(.data)
    .data                                    0x20000034   Section        8  timer.o(.data)
    .data                                    0x2000003c   Section        1  sd.o(.data)
    .data                                    0x20000040   Section       20  malloc.o(.data)
    .data                                    0x20000054   Section        6  ff.o(.data)
    FatFs                                    0x20000054   Data           4  ff.o(.data)
    Fsid                                     0x20000058   Data           2  ff.o(.data)
    .data                                    0x2000005c   Section       24  exfuns.o(.data)
    .bss                                     0x20000074   Section      200  usart.o(.bss)
    .bss                                     0x2000013c   Section       26  lcd.o(.bss)
    .bss                                     0x20000158   Section    45696  malloc.o(.bss)
    .bss                                     0x2000b3d8   Section       68  exfuns.o(.bss)
    .bss                                     0x2000b41c   Section       96  libspace.o(.bss)
    HEAP                                     0x2000b480   Section      512  startup_stm32f446xx.o(HEAP)
    Heap_Mem                                 0x2000b480   Data         512  startup_stm32f446xx.o(HEAP)
    STACK                                    0x2000b680   Section     1024  startup_stm32f446xx.o(STACK)
    Stack_Mem                                0x2000b680   Data        1024  startup_stm32f446xx.o(STACK)
    __initial_sp                             0x2000ba80   Data           0  startup_stm32f446xx.o(STACK)

    Global Symbols

    Symbol Name                              Value     Ov Type        Size  Object(Section)

    BuildAttributes$$THM_ISAv4$E$P$D$K$B$S$7EM$VFPi3$EXTD16$VFPS$VFMA$PE$A:L22UL41UL21$X:L11$S22US41US21$IEEE1$IW$USESV6$~STKCKD$USESV7$~SHL$OSPACE$ROPI$EBA8$UX$STANDARDLIB$REQ8$PRES8$EABIv2 0x00000000   Number         0  anon$$obj.o ABSOLUTE
    __ARM_use_no_argv                        0x00000000   Number         0  main.o ABSOLUTE
    __ARM_exceptions_init                     - Undefined Weak Reference
    __alloca_initialize                       - Undefined Weak Reference
    __arm_fini_                               - Undefined Weak Reference
    __arm_preinit_                            - Undefined Weak Reference
    __cpp_initialize__aeabi_                  - Undefined Weak Reference
    __cxa_finalize                            - Undefined Weak Reference
    __rt_locale                               - Undefined Weak Reference
    __sigvec_lookup                           - Undefined Weak Reference
    _atexit_init                              - Undefined Weak Reference
    _call_atexit_fns                          - Undefined Weak Reference
    _clock_init                               - Undefined Weak Reference
    _fp_trap_init                             - Undefined Weak Reference
    _fp_trap_shutdown                         - Undefined Weak Reference
    _get_lc_collate                           - Undefined Weak Reference
    _get_lc_ctype                             - Undefined Weak Reference
    _get_lc_monetary                          - Undefined Weak Reference
    _get_lc_numeric                           - Undefined Weak Reference
    _get_lc_time                              - Undefined Weak Reference
    _getenv_init                              - Undefined Weak Reference
    _handle_redirection                       - Undefined Weak Reference
    _init_alloc                               - Undefined Weak Reference
    _init_user_alloc                          - Undefined Weak Reference
    _initio                                   - Undefined Weak Reference
    _mutex_acquire                            - Undefined Weak Reference
    _mutex_release                            - Undefined Weak Reference
    _printf_post_padding                      - Undefined Weak Reference
    _printf_pre_padding                       - Undefined Weak Reference
    _printf_truncate_signed                   - Undefined Weak Reference
    _printf_truncate_unsigned                 - Undefined Weak Reference
    _rand_init                                - Undefined Weak Reference
    _signal_finish                            - Undefined Weak Reference
    _signal_init                              - Undefined Weak Reference
    _terminate_alloc                          - Undefined Weak Reference
    _terminate_user_alloc                     - Undefined Weak Reference
    _terminateio                              - Undefined Weak Reference
    __Vectors_Size                           0x000001c4   Number         0  startup_stm32f446xx.o ABSOLUTE
    __Vectors                                0x08000000   Data           4  startup_stm32f446xx.o(RESET)
    __Vectors_End                            0x080001c4   Data           0  startup_stm32f446xx.o(RESET)
    __main                                   0x080001c5   Thumb Code     8  __main.o(!!!main)
    __scatterload                            0x080001cd   Thumb Code     0  __scatter.o(!!!scatter)
    __scatterload_rt2                        0x080001cd   Thumb Code    44  __scatter.o(!!!scatter)
    __scatterload_rt2_thumb_only             0x080001cd   Thumb Code     0  __scatter.o(!!!scatter)
    __scatterload_null                       0x080001db   Thumb Code     0  __scatter.o(!!!scatter)
    __scatterload_copy                       0x08000201   Thumb Code    26  __scatter_copy.o(!!handler_copy)
    __scatterload_zeroinit                   0x0800021d   Thumb Code    28  __scatter_zi.o(!!handler_zi)
    _printf_percent                          0x08000239   Thumb Code     0  _printf_percent.o(.ARM.Collect$$_printf_percent$$00000000)
    _printf_x                                0x08000239   Thumb Code     0  _printf_x.o(.ARM.Collect$$_printf_percent$$0000000C)
    _printf_percent_end                      0x0800023f   Thumb Code     0  _printf_percent_end.o(.ARM.Collect$$_printf_percent$$00000017)
    __rt_lib_init                            0x08000243   Thumb Code     0  libinit.o(.ARM.Collect$$libinit$$00000000)
    __rt_lib_init_fp_1                       0x08000245   Thumb Code     0  libinit2.o(.ARM.Collect$$libinit$$00000001)
    __rt_lib_init_alloca_1                   0x08000249   Thumb Code     0  libinit2.o(.ARM.Collect$$libinit$$0000002E)
    __rt_lib_init_argv_1                     0x08000249   Thumb Code     0  libinit2.o(.ARM.Collect$$libinit$$0000002C)
    __rt_lib_init_atexit_1                   0x08000249   Thumb Code     0  libinit2.o(.ARM.Collect$$libinit$$0000001B)
    __rt_lib_init_clock_1                    0x08000249   Thumb Code     0  libinit2.o(.ARM.Collect$$libinit$$00000021)
    __rt_lib_init_cpp_1                      0x08000249   Thumb Code     0  libinit2.o(.ARM.Collect$$libinit$$00000032)
    __rt_lib_init_exceptions_1               0x08000249   Thumb Code     0  libinit2.o(.ARM.Collect$$libinit$$00000030)
    __rt_lib_init_fp_trap_1                  0x08000249   Thumb Code     0  libinit2.o(.ARM.Collect$$libinit$$0000001F)
    __rt_lib_init_getenv_1                   0x08000249   Thumb Code     0  libinit2.o(.ARM.Collect$$libinit$$00000023)
    __rt_lib_init_heap_1                     0x08000249   Thumb Code     0  libinit2.o(.ARM.Collect$$libinit$$0000000A)
    __rt_lib_init_lc_collate_1               0x08000249   Thumb Code     0  libinit2.o(.ARM.Collect$$libinit$$00000011)
    __rt_lib_init_lc_ctype_1                 0x08000249   Thumb Code     0  libinit2.o(.ARM.Collect$$libinit$$00000013)
    __rt_lib_init_lc_monetary_1              0x08000249   Thumb Code     0  libinit2.o(.ARM.Collect$$libinit$$00000015)
    __rt_lib_init_lc_numeric_1               0x08000249   Thumb Code     0  libinit2.o(.ARM.Collect$$libinit$$00000017)
    __rt_lib_init_lc_time_1                  0x08000249   Thumb Code     0  libinit2.o(.ARM.Collect$$libinit$$00000019)
    __rt_lib_init_preinit_1                  0x08000249   Thumb Code     0  libinit2.o(.ARM.Collect$$libinit$$00000004)
    __rt_lib_init_rand_1                     0x08000249   Thumb Code     0  libinit2.o(.ARM.Collect$$libinit$$0000000E)
    __rt_lib_init_return                     0x08000249   Thumb Code     0  libinit2.o(.ARM.Collect$$libinit$$00000033)
    __rt_lib_init_signal_1                   0x08000249   Thumb Code     0  libinit2.o(.ARM.Collect$$libinit$$0000001D)
    __rt_lib_init_stdio_1                    0x08000249   Thumb Code     0  libinit2.o(.ARM.Collect$$libinit$$00000025)
    __rt_lib_init_user_alloc_1               0x08000249   Thumb Code     0  libinit2.o(.ARM.Collect$$libinit$$0000000C)
    __rt_lib_shutdown                        0x0800024b   Thumb Code     0  libshutdown.o(.ARM.Collect$$libshutdown$$00000000)
    __rt_lib_shutdown_cpp_1                  0x0800024d   Thumb Code     0  libshutdown2.o(.ARM.Collect$$libshutdown$$00000004)
    __rt_lib_shutdown_fini_1                 0x0800024d   Thumb Code     0  libshutdown2.o(.ARM.Collect$$libshutdown$$00000002)
    __rt_lib_shutdown_fp_trap_1              0x0800024d   Thumb Code     0  libshutdown2.o(.ARM.Collect$$libshutdown$$00000009)
    __rt_lib_shutdown_heap_1                 0x0800024d   Thumb Code     0  libshutdown2.o(.ARM.Collect$$libshutdown$$00000011)
    __rt_lib_shutdown_return                 0x0800024d   Thumb Code     0  libshutdown2.o(.ARM.Collect$$libshutdown$$00000012)
    __rt_lib_shutdown_signal_1               0x0800024d   Thumb Code     0  libshutdown2.o(.ARM.Collect$$libshutdown$$0000000C)
    __rt_lib_shutdown_stdio_1                0x0800024d   Thumb Code     0  libshutdown2.o(.ARM.Collect$$libshutdown$$00000006)
    __rt_lib_shutdown_user_alloc_1           0x0800024d   Thumb Code     0  libshutdown2.o(.ARM.Collect$$libshutdown$$0000000E)
    __rt_entry                               0x0800024f   Thumb Code     0  __rtentry.o(.ARM.Collect$$rtentry$$00000000)
    __rt_entry_presh_1                       0x0800024f   Thumb Code     0  __rtentry2.o(.ARM.Collect$$rtentry$$00000002)
    __rt_entry_sh                            0x0800024f   Thumb Code     0  __rtentry4.o(.ARM.Collect$$rtentry$$00000004)
    __rt_entry_li                            0x08000255   Thumb Code     0  __rtentry2.o(.ARM.Collect$$rtentry$$0000000A)
    __rt_entry_postsh_1                      0x08000255   Thumb Code     0  __rtentry2.o(.ARM.Collect$$rtentry$$00000009)
    __rt_entry_main                          0x08000259   Thumb Code     0  __rtentry2.o(.ARM.Collect$$rtentry$$0000000D)
    __rt_entry_postli_1                      0x08000259   Thumb Code     0  __rtentry2.o(.ARM.Collect$$rtentry$$0000000C)
    __rt_exit                                0x08000261   Thumb Code     0  rtexit.o(.ARM.Collect$$rtexit$$00000000)
    __rt_exit_ls                             0x08000263   Thumb Code     0  rtexit2.o(.ARM.Collect$$rtexit$$00000003)
    __rt_exit_prels_1                        0x08000263   Thumb Code     0  rtexit2.o(.ARM.Collect$$rtexit$$00000002)
    __rt_exit_exit                           0x08000267   Thumb Code     0  rtexit2.o(.ARM.Collect$$rtexit$$00000004)
    Reset_Handler                            0x0800026d   Thumb Code     8  startup_stm32f446xx.o(.text)
    ADC_IRQHandler                           0x08000287   Thumb Code     0  startup_stm32f446xx.o(.text)
    CAN1_RX0_IRQHandler                      0x08000287   Thumb Code     0  startup_stm32f446xx.o(.text)
    CAN1_RX1_IRQHandler                      0x08000287   Thumb Code     0  startup_stm32f446xx.o(.text)
    CAN1_SCE_IRQHandler                      0x08000287   Thumb Code     0  startup_stm32f446xx.o(.text)
    CAN1_TX_IRQHandler                       0x08000287   Thumb Code     0  startup_stm32f446xx.o(.text)
    CAN2_RX0_IRQHandler                      0x08000287   Thumb Code     0  startup_stm32f446xx.o(.text)
    CAN2_RX1_IRQHandler                      0x08000287   Thumb Code     0  startup_stm32f446xx.o(.text)
    CAN2_SCE_IRQHandler                      0x08000287   Thumb Code     0  startup_stm32f446xx.o(.text)
    CAN2_TX_IRQHandler                       0x08000287   Thumb Code     0  startup_stm32f446xx.o(.text)
    CEC_IRQHandler                           0x08000287   Thumb Code     0  startup_stm32f446xx.o(.text)
    DCMI_IRQHandler                          0x08000287   Thumb Code     0  startup_stm32f446xx.o(.text)
    DMA1_Stream0_IRQHandler                  0x08000287   Thumb Code     0  startup_stm32f446xx.o(.text)
    DMA1_Stream1_IRQHandler                  0x08000287   Thumb Code     0  startup_stm32f446xx.o(.text)
    DMA1_Stream2_IRQHandler                  0x08000287   Thumb Code     0  startup_stm32f446xx.o(.text)
    DMA1_Stream3_IRQHandler                  0x08000287   Thumb Code     0  startup_stm32f446xx.o(.text)
    DMA1_Stream4_IRQHandler                  0x08000287   Thumb Code     0  startup_stm32f446xx.o(.text)
    DMA1_Stream5_IRQHandler                  0x08000287   Thumb Code     0  startup_stm32f446xx.o(.text)
    DMA1_Stream6_IRQHandler                  0x08000287   Thumb Code     0  startup_stm32f446xx.o(.text)
    DMA1_Stream7_IRQHandler                  0x08000287   Thumb Code     0  startup_stm32f446xx.o(.text)
    DMA2_Stream0_IRQHandler                  0x08000287   Thumb Code     0  startup_stm32f446xx.o(.text)
    DMA2_Stream1_IRQHandler                  0x08000287   Thumb Code     0  startup_stm32f446xx.o(.text)
    DMA2_Stream2_IRQHandler                  0x08000287   Thumb Code     0  startup_stm32f446xx.o(.text)
    DMA2_Stream3_IRQHandler                  0x08000287   Thumb Code     0  startup_stm32f446xx.o(.text)
    DMA2_Stream4_IRQHandler                  0x08000287   Thumb Code     0  startup_stm32f446xx.o(.text)
    DMA2_Stream5_IRQHandler                  0x08000287   Thumb Code     0  startup_stm32f446xx.o(.text)
    DMA2_Stream6_IRQHandler                  0x08000287   Thumb Code     0  startup_stm32f446xx.o(.text)
    DMA2_Stream7_IRQHandler                  0x08000287   Thumb Code     0  startup_stm32f446xx.o(.text)
    EXTI0_IRQHandler                         0x08000287   Thumb Code     0  startup_stm32f446xx.o(.text)
    EXTI15_10_IRQHandler                     0x08000287   Thumb Code     0  startup_stm32f446xx.o(.text)
    EXTI1_IRQHandler                         0x08000287   Thumb Code     0  startup_stm32f446xx.o(.text)
    EXTI2_IRQHandler                         0x08000287   Thumb Code     0  startup_stm32f446xx.o(.text)
    EXTI3_IRQHandler                         0x08000287   Thumb Code     0  startup_stm32f446xx.o(.text)
    EXTI4_IRQHandler                         0x08000287   Thumb Code     0  startup_stm32f446xx.o(.text)
    EXTI9_5_IRQHandler                       0x08000287   Thumb Code     0  startup_stm32f446xx.o(.text)
    FLASH_IRQHandler                         0x08000287   Thumb Code     0  startup_stm32f446xx.o(.text)
    FMC_IRQHandler                           0x08000287   Thumb Code     0  startup_stm32f446xx.o(.text)
    FMPI2C1_Error_IRQHandler                 0x08000287   Thumb Code     0  startup_stm32f446xx.o(.text)
    FMPI2C1_Event_IRQHandler                 0x08000287   Thumb Code     0  startup_stm32f446xx.o(.text)
    FPU_IRQHandler                           0x08000287   Thumb Code     0  startup_stm32f446xx.o(.text)
    I2C1_ER_IRQHandler                       0x08000287   Thumb Code     0  startup_stm32f446xx.o(.text)
    I2C1_EV_IRQHandler                       0x08000287   Thumb Code     0  startup_stm32f446xx.o(.text)
    I2C2_ER_IRQHandler                       0x08000287   Thumb Code     0  startup_stm32f446xx.o(.text)
    I2C2_EV_IRQHandler                       0x08000287   Thumb Code     0  startup_stm32f446xx.o(.text)
    I2C3_ER_IRQHandler                       0x08000287   Thumb Code     0  startup_stm32f446xx.o(.text)
    I2C3_EV_IRQHandler                       0x08000287   Thumb Code     0  startup_stm32f446xx.o(.text)
    OTG_FS_IRQHandler                        0x08000287   Thumb Code     0  startup_stm32f446xx.o(.text)
    OTG_FS_WKUP_IRQHandler                   0x08000287   Thumb Code     0  startup_stm32f446xx.o(.text)
    OTG_HS_EP1_IN_IRQHandler                 0x08000287   Thumb Code     0  startup_stm32f446xx.o(.text)
    OTG_HS_EP1_OUT_IRQHandler                0x08000287   Thumb Code     0  startup_stm32f446xx.o(.text)
    OTG_HS_IRQHandler                        0x08000287   Thumb Code     0  startup_stm32f446xx.o(.text)
    OTG_HS_WKUP_IRQHandler                   0x08000287   Thumb Code     0  startup_stm32f446xx.o(.text)
    PVD_IRQHandler                           0x08000287   Thumb Code     0  startup_stm32f446xx.o(.text)
    QuadSPI_IRQHandler                       0x08000287   Thumb Code     0  startup_stm32f446xx.o(.text)
    RCC_IRQHandler                           0x08000287   Thumb Code     0  startup_stm32f446xx.o(.text)
    RTC_Alarm_IRQHandler                     0x08000287   Thumb Code     0  startup_stm32f446xx.o(.text)
    RTC_WKUP_IRQHandler                      0x08000287   Thumb Code     0  startup_stm32f446xx.o(.text)
    SAI1_IRQHandler                          0x08000287   Thumb Code     0  startup_stm32f446xx.o(.text)
    SAI2_IRQHandler                          0x08000287   Thumb Code     0  startup_stm32f446xx.o(.text)
    SDIO_IRQHandler                          0x08000287   Thumb Code     0  startup_stm32f446xx.o(.text)
    SPDIF_RX_IRQHandler                      0x08000287   Thumb Code     0  startup_stm32f446xx.o(.text)
    SPI1_IRQHandler                          0x08000287   Thumb Code     0  startup_stm32f446xx.o(.text)
    SPI2_IRQHandler                          0x08000287   Thumb Code     0  startup_stm32f446xx.o(.text)
    SPI3_IRQHandler                          0x08000287   Thumb Code     0  startup_stm32f446xx.o(.text)
    SPI4_IRQHandler                          0x08000287   Thumb Code     0  startup_stm32f446xx.o(.text)
    TAMP_STAMP_IRQHandler                    0x08000287   Thumb Code     0  startup_stm32f446xx.o(.text)
    TIM1_BRK_TIM9_IRQHandler                 0x08000287   Thumb Code     0  startup_stm32f446xx.o(.text)
    TIM1_CC_IRQHandler                       0x08000287   Thumb Code     0  startup_stm32f446xx.o(.text)
    TIM1_TRG_COM_TIM11_IRQHandler            0x08000287   Thumb Code     0  startup_stm32f446xx.o(.text)
    TIM1_UP_TIM10_IRQHandler                 0x08000287   Thumb Code     0  startup_stm32f446xx.o(.text)
    TIM3_IRQHandler                          0x08000287   Thumb Code     0  startup_stm32f446xx.o(.text)
    TIM4_IRQHandler                          0x08000287   Thumb Code     0  startup_stm32f446xx.o(.text)
    TIM5_IRQHandler                          0x08000287   Thumb Code     0  startup_stm32f446xx.o(.text)
    TIM6_DAC_IRQHandler                      0x08000287   Thumb Code     0  startup_stm32f446xx.o(.text)
    TIM7_IRQHandler                          0x08000287   Thumb Code     0  startup_stm32f446xx.o(.text)
    TIM8_BRK_TIM12_IRQHandler                0x08000287   Thumb Code     0  startup_stm32f446xx.o(.text)
    TIM8_CC_IRQHandler                       0x08000287   Thumb Code     0  startup_stm32f446xx.o(.text)
    TIM8_TRG_COM_TIM14_IRQHandler            0x08000287   Thumb Code     0  startup_stm32f446xx.o(.text)
    TIM8_UP_TIM13_IRQHandler                 0x08000287   Thumb Code     0  startup_stm32f446xx.o(.text)
    UART4_IRQHandler                         0x08000287   Thumb Code     0  startup_stm32f446xx.o(.text)
    UART5_IRQHandler                         0x08000287   Thumb Code     0  startup_stm32f446xx.o(.text)
    USART1_IRQHandler                        0x08000287   Thumb Code     0  startup_stm32f446xx.o(.text)
    USART3_IRQHandler                        0x08000287   Thumb Code     0  startup_stm32f446xx.o(.text)
    USART6_IRQHandler                        0x08000287   Thumb Code     0  startup_stm32f446xx.o(.text)
    WWDG_IRQHandler                          0x08000287   Thumb Code     0  startup_stm32f446xx.o(.text)
    __user_initial_stackheap                 0x08000289   Thumb Code     0  startup_stm32f446xx.o(.text)
    __use_no_semihosting                     0x080002ad   Thumb Code     2  use_no_semi_2.o(.text)
    __2printf                                0x080002b1   Thumb Code    20  noretval__2printf.o(.text)
    __printf                                 0x080002c9   Thumb Code   104  __printf.o(.text)
    _printf_int_hex                          0x08000331   Thumb Code    84  _printf_hex_int.o(.text)
    _printf_longlong_hex                     0x08000331   Thumb Code     0  _printf_hex_int.o(.text)
    __use_two_region_memory                  0x08000389   Thumb Code     2  heapauxi.o(.text)
    __rt_heap_escrow$2region                 0x0800038b   Thumb Code     2  heapauxi.o(.text)
    __rt_heap_expand$2region                 0x0800038d   Thumb Code     2  heapauxi.o(.text)
    __I$use$semihosting                      0x0800038f   Thumb Code     0  use_no_semi.o(.text)
    __use_no_semihosting_swi                 0x0800038f   Thumb Code     2  use_no_semi.o(.text)
    _printf_int_common                       0x08000391   Thumb Code   178  _printf_intcommon.o(.text)
    _printf_char_file                        0x08000445   Thumb Code    32  _printf_char_file.o(.text)
    _printf_char_common                      0x08000473   Thumb Code    32  _printf_char_common.o(.text)
    ferror                                   0x08000499   Thumb Code     8  ferror.o(.text)
    __user_setup_stackheap                   0x080004a1   Thumb Code    74  sys_stackheap_outer.o(.text)
    exit                                     0x080004eb   Thumb Code    18  exit.o(.text)
    __user_libspace                          0x080004fd   Thumb Code     8  libspace.o(.text)
    __user_perproc_libspace                  0x080004fd   Thumb Code     0  libspace.o(.text)
    __user_perthread_libspace                0x080004fd   Thumb Code     0  libspace.o(.text)
    ADC_Cmd                                  0x08000505   Thumb Code    22  stm32f4xx_adc.o(i.ADC_Cmd)
    ADC_DeInit                               0x0800051b   Thumb Code    22  stm32f4xx_adc.o(i.ADC_DeInit)
    ADC_GetConversionValue                   0x08000531   Thumb Code     8  stm32f4xx_adc.o(i.ADC_GetConversionValue)
    ADC_GetFlagStatus                        0x08000539   Thumb Code    18  stm32f4xx_adc.o(i.ADC_GetFlagStatus)
    ADC_Init                                 0x0800054d   Thumb Code    74  stm32f4xx_adc.o(i.ADC_Init)
    ADC_RegularChannelConfig                 0x080005a1   Thumb Code   184  stm32f4xx_adc.o(i.ADC_RegularChannelConfig)
    ADC_SoftwareStartConv                    0x08000659   Thumb Code    10  stm32f4xx_adc.o(i.ADC_SoftwareStartConv)
    Adc_init                                 0x08000665   Thumb Code   106  adc.o(i.Adc_init)
    BusFault_Handler                         0x080006d9   Thumb Code     4  stm32f4xx_it.o(i.BusFault_Handler)
    DebugMon_Handler                         0x0800074d   Thumb Code     2  stm32f4xx_it.o(i.DebugMon_Handler)
    GPIO_Init                                0x0800074f   Thumb Code   144  stm32f4xx_gpio.o(i.GPIO_Init)
    GPIO_PinAFConfig                         0x080007df   Thumb Code    70  stm32f4xx_gpio.o(i.GPIO_PinAFConfig)
    GPIO_ResetBits                           0x08000825   Thumb Code     6  stm32f4xx_gpio.o(i.GPIO_ResetBits)
    GPIO_SetBits                             0x0800082b   Thumb Code     4  stm32f4xx_gpio.o(i.GPIO_SetBits)
    Get_Adc                                  0x08000831   Thumb Code    44  adc.o(i.Get_Adc)
    Get_Adc_Average                          0x08000861   Thumb Code    46  adc.o(i.Get_Adc_Average)
    HardFault_Handler                        0x0800088f   Thumb Code     4  stm32f4xx_it.o(i.HardFault_Handler)
    LCD_Display_Dir                          0x08000895   Thumb Code    64  lcd.o(i.LCD_Display_Dir)
    LCD_Fast_Clear                           0x080008d9   Thumb Code   158  lcd.o(i.LCD_Fast_Clear)
    LCD_Fast_DrawPoint                       0x08000989   Thumb Code   106  lcd.o(i.LCD_Fast_DrawPoint)
    LCD_Init                                 0x080009f9   Thumb Code   706  lcd.o(i.LCD_Init)
    LCD_Pow                                  0x08000d91   Thumb Code    22  lcd.o(i.LCD_Pow)
    LCD_RD_DATA                              0x08000da9   Thumb Code   226  lcd.o(i.LCD_RD_DATA)
    LCD_RESET                                0x08000ebd   Thumb Code    54  lcd.o(i.LCD_RESET)
    LCD_Scan_Dir                             0x08000f01   Thumb Code   588  lcd.o(i.LCD_Scan_Dir)
    LCD_SetCursor                            0x08001151   Thumb Code    84  lcd.o(i.LCD_SetCursor)
    LCD_ShowChar                             0x080011a9   Thumb Code   272  lcd.o(i.LCD_ShowChar)
    LCD_ShowNum                              0x080012d1   Thumb Code   148  lcd.o(i.LCD_ShowNum)
    LCD_ShowString                           0x08001365   Thumb Code   102  lcd.o(i.LCD_ShowString)
    LCD_WR_CMD                               0x080013cd   Thumb Code    46  lcd.o(i.LCD_WR_CMD)
    LCD_WR_DATA                              0x0800140d   Thumb Code    38  lcd.o(i.LCD_WR_DATA)
    LCD_WriteRAM_Prepare                     0x08001445   Thumb Code    12  lcd.o(i.LCD_WriteRAM_Prepare)
    MemManage_Handler                        0x08001455   Thumb Code     4  stm32f4xx_it.o(i.MemManage_Handler)
    NMI_Handler                              0x08001459   Thumb Code     2  stm32f4xx_it.o(i.NMI_Handler)
    NVIC_Init                                0x0800145d   Thumb Code   106  misc.o(i.NVIC_Init)
    NVIC_PriorityGroupConfig                 0x080014d5   Thumb Code    10  misc.o(i.NVIC_PriorityGroupConfig)
    PendSV_Handler                           0x080014e9   Thumb Code     2  stm32f4xx_it.o(i.PendSV_Handler)
    RCC_AHB1PeriphClockCmd                   0x080014ed   Thumb Code    26  stm32f4xx_rcc.o(i.RCC_AHB1PeriphClockCmd)
    RCC_APB1PeriphClockCmd                   0x0800150d   Thumb Code    26  stm32f4xx_rcc.o(i.RCC_APB1PeriphClockCmd)
    RCC_APB2PeriphClockCmd                   0x0800152d   Thumb Code    26  stm32f4xx_rcc.o(i.RCC_APB2PeriphClockCmd)
    RCC_APB2PeriphResetCmd                   0x0800154d   Thumb Code    26  stm32f4xx_rcc.o(i.RCC_APB2PeriphResetCmd)
    RCC_GetClocksFreq                        0x0800156d   Thumb Code   440  stm32f4xx_rcc.o(i.RCC_GetClocksFreq)
    SD_Deselect                              0x08001735   Thumb Code    16  sd.o(i.SD_Deselect)
    SD_GetResponse                           0x08001749   Thumb Code    38  sd.o(i.SD_GetResponse)
    SD_Initialize                            0x08001771   Thumb Code   384  sd.o(i.SD_Initialize)
    SD_ReadDisk                              0x080018f9   Thumb Code   112  sd.o(i.SD_ReadDisk)
    SD_RecvData                              0x0800196d   Thumb Code    56  sd.o(i.SD_RecvData)
    SD_SPI_ReadWriteByte                     0x080019a5   Thumb Code    12  sd.o(i.SD_SPI_ReadWriteByte)
    SD_SPI_SpeedHigh                         0x080019b1   Thumb Code    10  sd.o(i.SD_SPI_SpeedHigh)
    SD_Select                                0x080019bd   Thumb Code    26  sd.o(i.SD_Select)
    SD_SendBlock                             0x080019dd   Thumb Code    82  sd.o(i.SD_SendBlock)
    SD_SendCmd                               0x08001a2f   Thumb Code   120  sd.o(i.SD_SendCmd)
    SD_WaitReady                             0x08001aa7   Thumb Code    34  sd.o(i.SD_WaitReady)
    SD_WriteDisk                             0x08001ac9   Thumb Code   140  sd.o(i.SD_WriteDisk)
    SPI1_Init                                0x08001b59   Thumb Code   206  spi.o(i.SPI1_Init)
    SPI1_ReadWriteByte                       0x08001c35   Thumb Code    78  spi.o(i.SPI1_ReadWriteByte)
    SPI1_SetSpeed                            0x08001c89   Thumb Code    36  spi.o(i.SPI1_SetSpeed)
    SPI_Cmd                                  0x08001cb1   Thumb Code    24  stm32f4xx_spi.o(i.SPI_Cmd)
    SPI_I2S_GetFlagStatus                    0x08001cc9   Thumb Code    18  stm32f4xx_spi.o(i.SPI_I2S_GetFlagStatus)
    SPI_I2S_ReceiveData                      0x08001cdb   Thumb Code     6  stm32f4xx_spi.o(i.SPI_I2S_ReceiveData)
    SPI_I2S_SendData                         0x08001ce1   Thumb Code     4  stm32f4xx_spi.o(i.SPI_I2S_SendData)
    SPI_Init                                 0x08001ce5   Thumb Code    60  stm32f4xx_spi.o(i.SPI_Init)
    SVC_Handler                              0x08001d21   Thumb Code     2  stm32f4xx_it.o(i.SVC_Handler)
    SysTick_CLKSourceConfig                  0x08001e45   Thumb Code    40  misc.o(i.SysTick_CLKSourceConfig)
    SysTick_Handler                          0x08001e6d   Thumb Code     2  stm32f4xx_it.o(i.SysTick_Handler)
    SystemInit                               0x08001e71   Thumb Code    88  system_stm32f4xx.o(i.SystemInit)
    TIM2_IRQHandler                          0x08001ed9   Thumb Code    32  timer.o(i.TIM2_IRQHandler)
    TIM_ClearITPendingBit                    0x08001efd   Thumb Code     6  stm32f4xx_tim.o(i.TIM_ClearITPendingBit)
    TIM_GetITStatus                          0x08001f03   Thumb Code    34  stm32f4xx_tim.o(i.TIM_GetITStatus)
    USART2_IRQHandler                        0x08001f25   Thumb Code   122  usart.o(i.USART2_IRQHandler)
    USART_Cmd                                0x08001fad   Thumb Code    24  stm32f4xx_usart.o(i.USART_Cmd)
    USART_GetFlagStatus                      0x08001fc5   Thumb Code    26  stm32f4xx_usart.o(i.USART_GetFlagStatus)
    USART_GetITStatus                        0x08001fdf   Thumb Code    84  stm32f4xx_usart.o(i.USART_GetITStatus)
    USART_ITConfig                           0x08002033   Thumb Code    74  stm32f4xx_usart.o(i.USART_ITConfig)
    USART_Init                               0x0800207d   Thumb Code   204  stm32f4xx_usart.o(i.USART_Init)
    USART_ReceiveData                        0x08002151   Thumb Code    10  stm32f4xx_usart.o(i.USART_ReceiveData)
    USART_SendData                           0x0800215b   Thumb Code     8  stm32f4xx_usart.o(i.USART_SendData)
    UsageFault_Handler                       0x08002163   Thumb Code     4  stm32f4xx_it.o(i.UsageFault_Handler)
    _sys_exit                                0x08002167   Thumb Code     4  usart.o(i._sys_exit)
    clust2sect                               0x08002243   Thumb Code    26  ff.o(i.clust2sect)
    delay_init                               0x08002635   Thumb Code    50  delay.o(i.delay_init)
    delay_ms                                 0x08002679   Thumb Code    72  delay.o(i.delay_ms)
    delay_us                                 0x080026c5   Thumb Code    72  delay.o(i.delay_us)
    dir_sdi                                  0x08002a8f   Thumb Code   158  ff.o(i.dir_sdi)
    disk_initialize                          0x08002b2d   Thumb Code    22  diskio.o(i.disk_initialize)
    disk_ioctl                               0x08002b43   Thumb Code    34  diskio.o(i.disk_ioctl)
    disk_read                                0x08002b65   Thumb Code    82  diskio.o(i.disk_read)
    disk_status                              0x08002bb7   Thumb Code     6  diskio.o(i.disk_status)
    disk_write                               0x08002bbd   Thumb Code    82  diskio.o(i.disk_write)
    exf_getfree                              0x08002c0f   Thumb Code    74  exfuns.o(i.exf_getfree)
    exfuns_init                              0x08002c59   Thumb Code   106  exfuns.o(i.exfuns_init)
    f_close                                  0x08002cd5   Thumb Code    32  ff.o(i.f_close)
    f_getfree                                0x08002cf5   Thumb Code   258  ff.o(i.f_getfree)
    f_mkdir                                  0x08002df7   Thumb Code   380  ff.o(i.f_mkdir)
    f_mount                                  0x08002f75   Thumb Code    86  ff.o(i.f_mount)
    f_open                                   0x08002fd1   Thumb Code   384  ff.o(i.f_open)
    f_read                                   0x08003151   Thumb Code   432  ff.o(i.f_read)
    f_stat                                   0x08003301   Thumb Code    84  ff.o(i.f_stat)
    f_sync                                   0x08003355   Thumb Code   176  ff.o(i.f_sync)
    f_write                                  0x08003405   Thumb Code   490  ff.o(i.f_write)
    ff_convert                               0x080035f1   Thumb Code   116  cc936.o(i.ff_convert)
    ff_memalloc                              0x0800366d   Thumb Code    12  diskio.o(i.ff_memalloc)
    ff_memfree                               0x08003679   Thumb Code    12  diskio.o(i.ff_memfree)
    ff_wtoupper                              0x08003685   Thumb Code    46  cc936.o(i.ff_wtoupper)
    fputc                                    0x08003b61   Thumb Code    24  usart.o(i.fputc)
    get_fat                                  0x08003c49   Thumb Code   242  ff.o(i.get_fat)
    get_fattime                              0x08003d3b   Thumb Code     4  diskio.o(i.get_fattime)
    main                                     0x08003eb9   Thumb Code  1820  main.o(i.main)
    mem_free                                 0x08004689   Thumb Code    66  malloc.o(i.mem_free)
    mem_init                                 0x080046d1   Thumb Code    38  malloc.o(i.mem_init)
    mem_malloc                               0x080046fd   Thumb Code   116  malloc.o(i.mem_malloc)
    mem_perused                              0x08004775   Thumb Code    42  malloc.o(i.mem_perused)
    myfree                                   0x080047ed   Thumb Code    24  malloc.o(i.myfree)
    mymalloc                                 0x08004809   Thumb Code    28  malloc.o(i.mymalloc)
    mymemcpy                                 0x08004829   Thumb Code    26  malloc.o(i.mymemcpy)
    mymemset                                 0x08004843   Thumb Code    20  malloc.o(i.mymemset)
    put_fat                                  0x08004857   Thumb Code   322  ff.o(i.put_fat)
    uart_init                                0x08004b51   Thumb Code   156  usart.o(i.uart_init)
    _fp_init                                 0x08004c2b   Thumb Code    10  fpinit.o(x$fpl$fpinit)
    __fplib_config_fpu_vfp                   0x08004c33   Thumb Code     0  fpinit.o(x$fpl$fpinit)
    __fplib_config_pureend_doubles           0x08004c33   Thumb Code     0  fpinit.o(x$fpl$fpinit)
    asc2_1206                                0x08004c34   Data        1140  lcd.o(.constdata)
    asc2_1608                                0x080050a8   Data        1520  lcd.o(.constdata)
    asc2_2412                                0x08005698   Data        3420  lcd.o(.constdata)
    Region$$Table$$Base                      0x08031120   Number         0  anon$$obj.o(Region$$Table)
    Region$$Table$$Limit                     0x08031140   Number         0  anon$$obj.o(Region$$Table)
    SystemCoreClock                          0x20000000   Data           4  system_stm32f4xx.o(.data)
    AHBPrescTable                            0x20000004   Data          16  system_stm32f4xx.o(.data)
    __stdout                                 0x20000028   Data           4  usart.o(.data)
    USART_RX_STA                             0x2000002c   Data           2  usart.o(.data)
    POINT_COLOR                              0x2000002e   Data           2  lcd.o(.data)
    BACK_COLOR                               0x20000030   Data           2  lcd.o(.data)
    UPDATE_CNT                               0x20000034   Data           1  timer.o(.data)
    TIMER_CNT                                0x20000036   Data           2  timer.o(.data)
    ELAPSE                                   0x20000038   Data           4  timer.o(.data)
    SD_Type                                  0x2000003c   Data           1  sd.o(.data)
    mallco_dev                               0x20000040   Data          20  malloc.o(.data)
    fs                                       0x2000005c   Data           4  exfuns.o(.data)
    file                                     0x20000060   Data           4  exfuns.o(.data)
    ftemp                                    0x20000064   Data           4  exfuns.o(.data)
    br                                       0x20000068   Data           4  exfuns.o(.data)
    bw                                       0x2000006c   Data           4  exfuns.o(.data)
    fatbuf                                   0x20000070   Data           4  exfuns.o(.data)
    USART_RX_BUF                             0x20000074   Data         200  usart.o(.bss)
    lcddev                                   0x2000013c   Data          26  lcd.o(.bss)
    membase                                  0x20000158   Data       43008  malloc.o(.bss)
    memmapbase                               0x2000a958   Data        2688  malloc.o(.bss)
    fileinfo                                 0x2000b3d8   Data          32  exfuns.o(.bss)
    dir                                      0x2000b3f8   Data          36  exfuns.o(.bss)
    __libspace_start                         0x2000b41c   Data          96  libspace.o(.bss)
    __temporary_stack_top$libspace           0x2000b47c   Data           0  libspace.o(.bss)



==============================================================================

Memory Map of the image

  Image Entry point : 0x080001c5

  Load Region LR_IROM1 (Base: 0x08000000, Size: 0x000311b4, Max: 0x00080000, ABSOLUTE)

    Execution Region ER_IROM1 (Exec base: 0x08000000, Load base: 0x08000000, Size: 0x00031140, Max: 0x00080000, ABSOLUTE)

    Exec Addr    Load Addr    Size         Type   Attr      Idx    E Section Name        Object

    0x08000000   0x08000000   0x000001c4   Data   RO          355    RESET               startup_stm32f446xx.o
    0x080001c4   0x080001c4   0x00000008   Code   RO         7322  * !!!main             c_w.l(__main.o)
    0x080001cc   0x080001cc   0x00000034   Code   RO         7492    !!!scatter          c_w.l(__scatter.o)
    0x08000200   0x08000200   0x0000001a   Code   RO         7494    !!handler_copy      c_w.l(__scatter_copy.o)
    0x0800021a   0x0800021a   0x00000002   PAD
    0x0800021c   0x0800021c   0x0000001c   Code   RO         7496    !!handler_zi        c_w.l(__scatter_zi.o)
    0x08000238   0x08000238   0x00000000   Code   RO         7315    .ARM.Collect$$_printf_percent$$00000000  c_w.l(_printf_percent.o)
    0x08000238   0x08000238   0x00000006   Code   RO         7313    .ARM.Collect$$_printf_percent$$0000000C  c_w.l(_printf_x.o)
    0x0800023e   0x0800023e   0x00000004   Code   RO         7331    .ARM.Collect$$_printf_percent$$00000017  c_w.l(_printf_percent_end.o)
    0x08000242   0x08000242   0x00000002   Code   RO         7364    .ARM.Collect$$libinit$$00000000  c_w.l(libinit.o)
    0x08000244   0x08000244   0x00000004   Code   RO         7370    .ARM.Collect$$libinit$$00000001  c_w.l(libinit2.o)
    0x08000248   0x08000248   0x00000000   Code   RO         7373    .ARM.Collect$$libinit$$00000004  c_w.l(libinit2.o)
    0x08000248   0x08000248   0x00000000   Code   RO         7376    .ARM.Collect$$libinit$$0000000A  c_w.l(libinit2.o)
    0x08000248   0x08000248   0x00000000   Code   RO         7378    .ARM.Collect$$libinit$$0000000C  c_w.l(libinit2.o)
    0x08000248   0x08000248   0x00000000   Code   RO         7380    .ARM.Collect$$libinit$$0000000E  c_w.l(libinit2.o)
    0x08000248   0x08000248   0x00000000   Code   RO         7383    .ARM.Collect$$libinit$$00000011  c_w.l(libinit2.o)
    0x08000248   0x08000248   0x00000000   Code   RO         7385    .ARM.Collect$$libinit$$00000013  c_w.l(libinit2.o)
    0x08000248   0x08000248   0x00000000   Code   RO         7387    .ARM.Collect$$libinit$$00000015  c_w.l(libinit2.o)
    0x08000248   0x08000248   0x00000000   Code   RO         7389    .ARM.Collect$$libinit$$00000017  c_w.l(libinit2.o)
    0x08000248   0x08000248   0x00000000   Code   RO         7391    .ARM.Collect$$libinit$$00000019  c_w.l(libinit2.o)
    0x08000248   0x08000248   0x00000000   Code   RO         7393    .ARM.Collect$$libinit$$0000001B  c_w.l(libinit2.o)
    0x08000248   0x08000248   0x00000000   Code   RO         7395    .ARM.Collect$$libinit$$0000001D  c_w.l(libinit2.o)
    0x08000248   0x08000248   0x00000000   Code   RO         7397    .ARM.Collect$$libinit$$0000001F  c_w.l(libinit2.o)
    0x08000248   0x08000248   0x00000000   Code   RO         7399    .ARM.Collect$$libinit$$00000021  c_w.l(libinit2.o)
    0x08000248   0x08000248   0x00000000   Code   RO         7401    .ARM.Collect$$libinit$$00000023  c_w.l(libinit2.o)
    0x08000248   0x08000248   0x00000000   Code   RO         7403    .ARM.Collect$$libinit$$00000025  c_w.l(libinit2.o)
    0x08000248   0x08000248   0x00000000   Code   RO         7407    .ARM.Collect$$libinit$$0000002C  c_w.l(libinit2.o)
    0x08000248   0x08000248   0x00000000   Code   RO         7409    .ARM.Collect$$libinit$$0000002E  c_w.l(libinit2.o)
    0x08000248   0x08000248   0x00000000   Code   RO         7411    .ARM.Collect$$libinit$$00000030  c_w.l(libinit2.o)
    0x08000248   0x08000248   0x00000000   Code   RO         7413    .ARM.Collect$$libinit$$00000032  c_w.l(libinit2.o)
    0x08000248   0x08000248   0x00000002   Code   RO         7414    .ARM.Collect$$libinit$$00000033  c_w.l(libinit2.o)
    0x0800024a   0x0800024a   0x00000002   Code   RO         7432    .ARM.Collect$$libshutdown$$00000000  c_w.l(libshutdown.o)
    0x0800024c   0x0800024c   0x00000000   Code   RO         7442    .ARM.Collect$$libshutdown$$00000002  c_w.l(libshutdown2.o)
    0x0800024c   0x0800024c   0x00000000   Code   RO         7444    .ARM.Collect$$libshutdown$$00000004  c_w.l(libshutdown2.o)
    0x0800024c   0x0800024c   0x00000000   Code   RO         7446    .ARM.Collect$$libshutdown$$00000006  c_w.l(libshutdown2.o)
    0x0800024c   0x0800024c   0x00000000   Code   RO         7449    .ARM.Collect$$libshutdown$$00000009  c_w.l(libshutdown2.o)
    0x0800024c   0x0800024c   0x00000000   Code   RO         7452    .ARM.Collect$$libshutdown$$0000000C  c_w.l(libshutdown2.o)
    0x0800024c   0x0800024c   0x00000000   Code   RO         7454    .ARM.Collect$$libshutdown$$0000000E  c_w.l(libshutdown2.o)
    0x0800024c   0x0800024c   0x00000000   Code   RO         7457    .ARM.Collect$$libshutdown$$00000011  c_w.l(libshutdown2.o)
    0x0800024c   0x0800024c   0x00000002   Code   RO         7458    .ARM.Collect$$libshutdown$$00000012  c_w.l(libshutdown2.o)
    0x0800024e   0x0800024e   0x00000000   Code   RO         7326    .ARM.Collect$$rtentry$$00000000  c_w.l(__rtentry.o)
    0x0800024e   0x0800024e   0x00000000   Code   RO         7333    .ARM.Collect$$rtentry$$00000002  c_w.l(__rtentry2.o)
    0x0800024e   0x0800024e   0x00000006   Code   RO         7345    .ARM.Collect$$rtentry$$00000004  c_w.l(__rtentry4.o)
    0x08000254   0x08000254   0x00000000   Code   RO         7335    .ARM.Collect$$rtentry$$00000009  c_w.l(__rtentry2.o)
    0x08000254   0x08000254   0x00000004   Code   RO         7336    .ARM.Collect$$rtentry$$0000000A  c_w.l(__rtentry2.o)
    0x08000258   0x08000258   0x00000000   Code   RO         7338    .ARM.Collect$$rtentry$$0000000C  c_w.l(__rtentry2.o)
    0x08000258   0x08000258   0x00000008   Code   RO         7339    .ARM.Collect$$rtentry$$0000000D  c_w.l(__rtentry2.o)
    0x08000260   0x08000260   0x00000002   Code   RO         7368    .ARM.Collect$$rtexit$$00000000  c_w.l(rtexit.o)
    0x08000262   0x08000262   0x00000000   Code   RO         7416    .ARM.Collect$$rtexit$$00000002  c_w.l(rtexit2.o)
    0x08000262   0x08000262   0x00000004   Code   RO         7417    .ARM.Collect$$rtexit$$00000003  c_w.l(rtexit2.o)
    0x08000266   0x08000266   0x00000006   Code   RO         7418    .ARM.Collect$$rtexit$$00000004  c_w.l(rtexit2.o)
    0x0800026c   0x0800026c   0x00000040   Code   RO          356    .text               startup_stm32f446xx.o
    0x080002ac   0x080002ac   0x00000002   Code   RO         7262    .text               c_w.l(use_no_semi_2.o)
    0x080002ae   0x080002ae   0x00000002   PAD
    0x080002b0   0x080002b0   0x00000018   Code   RO         7266    .text               c_w.l(noretval__2printf.o)
    0x080002c8   0x080002c8   0x00000068   Code   RO         7268    .text               c_w.l(__printf.o)
    0x08000330   0x08000330   0x00000058   Code   RO         7275    .text               c_w.l(_printf_hex_int.o)
    0x08000388   0x08000388   0x00000006   Code   RO         7320    .text               c_w.l(heapauxi.o)
    0x0800038e   0x0800038e   0x00000002   Code   RO         7324    .text               c_w.l(use_no_semi.o)
    0x08000390   0x08000390   0x000000b2   Code   RO         7327    .text               c_w.l(_printf_intcommon.o)
    0x08000442   0x08000442   0x00000002   PAD
    0x08000444   0x08000444   0x00000024   Code   RO         7329    .text               c_w.l(_printf_char_file.o)
    0x08000468   0x08000468   0x00000030   Code   RO         7347    .text               c_w.l(_printf_char_common.o)
    0x08000498   0x08000498   0x00000008   Code   RO         7349    .text               c_w.l(ferror.o)
    0x080004a0   0x080004a0   0x0000004a   Code   RO         7353    .text               c_w.l(sys_stackheap_outer.o)
    0x080004ea   0x080004ea   0x00000012   Code   RO         7357    .text               c_w.l(exit.o)
    0x080004fc   0x080004fc   0x00000008   Code   RO         7365    .text               c_w.l(libspace.o)
    0x08000504   0x08000504   0x00000016   Code   RO          417    i.ADC_Cmd           stm32f4xx_adc.o
    0x0800051a   0x0800051a   0x00000016   Code   RO          423    i.ADC_DeInit        stm32f4xx_adc.o
    0x08000530   0x08000530   0x00000008   Code   RO          429    i.ADC_GetConversionValue  stm32f4xx_adc.o
    0x08000538   0x08000538   0x00000012   Code   RO          430    i.ADC_GetFlagStatus  stm32f4xx_adc.o
    0x0800054a   0x0800054a   0x00000002   PAD
    0x0800054c   0x0800054c   0x00000054   Code   RO          437    i.ADC_Init          stm32f4xx_adc.o
    0x080005a0   0x080005a0   0x000000b8   Code   RO          442    i.ADC_RegularChannelConfig  stm32f4xx_adc.o
    0x08000658   0x08000658   0x0000000a   Code   RO          444    i.ADC_SoftwareStartConv  stm32f4xx_adc.o
    0x08000662   0x08000662   0x00000002   PAD
    0x08000664   0x08000664   0x00000074   Code   RO         6636    i.Adc_init          adc.o
    0x080006d8   0x080006d8   0x00000004   Code   RO          211    i.BusFault_Handler  stm32f4xx_it.o
    0x080006dc   0x080006dc   0x00000070   Code   RO         6202    i.DatabusWrite      lcd.o
    0x0800074c   0x0800074c   0x00000002   Code   RO          212    i.DebugMon_Handler  stm32f4xx_it.o
    0x0800074e   0x0800074e   0x00000090   Code   RO         2619    i.GPIO_Init         stm32f4xx_gpio.o
    0x080007de   0x080007de   0x00000046   Code   RO         2620    i.GPIO_PinAFConfig  stm32f4xx_gpio.o
    0x08000824   0x08000824   0x00000006   Code   RO         2626    i.GPIO_ResetBits    stm32f4xx_gpio.o
    0x0800082a   0x0800082a   0x00000004   Code   RO         2627    i.GPIO_SetBits      stm32f4xx_gpio.o
    0x0800082e   0x0800082e   0x00000002   PAD
    0x08000830   0x08000830   0x00000030   Code   RO         6637    i.Get_Adc           adc.o
    0x08000860   0x08000860   0x0000002e   Code   RO         6638    i.Get_Adc_Average   adc.o
    0x0800088e   0x0800088e   0x00000004   Code   RO          213    i.HardFault_Handler  stm32f4xx_it.o
    0x08000892   0x08000892   0x00000002   PAD
    0x08000894   0x08000894   0x00000044   Code   RO         6208    i.LCD_Display_Dir   lcd.o
    0x080008d8   0x080008d8   0x000000b0   Code   RO         6213    i.LCD_Fast_Clear    lcd.o
    0x08000988   0x08000988   0x00000070   Code   RO         6214    i.LCD_Fast_DrawPoint  lcd.o
    0x080009f8   0x080009f8   0x00000398   Code   RO         6216    i.LCD_Init          lcd.o
    0x08000d90   0x08000d90   0x00000016   Code   RO         6217    i.LCD_Pow           lcd.o
    0x08000da6   0x08000da6   0x00000002   PAD
    0x08000da8   0x08000da8   0x00000114   Code   RO         6218    i.LCD_RD_DATA       lcd.o
    0x08000ebc   0x08000ebc   0x00000044   Code   RO         6219    i.LCD_RESET         lcd.o
    0x08000f00   0x08000f00   0x00000250   Code   RO         6221    i.LCD_Scan_Dir      lcd.o
    0x08001150   0x08001150   0x00000058   Code   RO         6222    i.LCD_SetCursor     lcd.o
    0x080011a8   0x080011a8   0x00000128   Code   RO         6224    i.LCD_ShowChar      lcd.o
    0x080012d0   0x080012d0   0x00000094   Code   RO         6225    i.LCD_ShowNum       lcd.o
    0x08001364   0x08001364   0x00000066   Code   RO         6226    i.LCD_ShowString    lcd.o
    0x080013ca   0x080013ca   0x00000002   PAD
    0x080013cc   0x080013cc   0x00000040   Code   RO         6228    i.LCD_WR_CMD        lcd.o
    0x0800140c   0x0800140c   0x00000038   Code   RO         6229    i.LCD_WR_DATA       lcd.o
    0x08001444   0x08001444   0x00000010   Code   RO         6232    i.LCD_WriteRAM_Prepare  lcd.o
    0x08001454   0x08001454   0x00000004   Code   RO          214    i.MemManage_Handler  stm32f4xx_it.o
    0x08001458   0x08001458   0x00000002   Code   RO          215    i.NMI_Handler       stm32f4xx_it.o
    0x0800145a   0x0800145a   0x00000002   PAD
    0x0800145c   0x0800145c   0x00000078   Code   RO          363    i.NVIC_Init         misc.o
    0x080014d4   0x080014d4   0x00000014   Code   RO          364    i.NVIC_PriorityGroupConfig  misc.o
    0x080014e8   0x080014e8   0x00000002   Code   RO          216    i.PendSV_Handler    stm32f4xx_it.o
    0x080014ea   0x080014ea   0x00000002   PAD
    0x080014ec   0x080014ec   0x00000020   Code   RO         3739    i.RCC_AHB1PeriphClockCmd  stm32f4xx_rcc.o
    0x0800150c   0x0800150c   0x00000020   Code   RO         3748    i.RCC_APB1PeriphClockCmd  stm32f4xx_rcc.o
    0x0800152c   0x0800152c   0x00000020   Code   RO         3751    i.RCC_APB2PeriphClockCmd  stm32f4xx_rcc.o
    0x0800154c   0x0800154c   0x00000020   Code   RO         3753    i.RCC_APB2PeriphResetCmd  stm32f4xx_rcc.o
    0x0800156c   0x0800156c   0x000001c8   Code   RO         3762    i.RCC_GetClocksFreq  stm32f4xx_rcc.o
    0x08001734   0x08001734   0x00000014   Code   RO         6506    i.SD_Deselect       sd.o
    0x08001748   0x08001748   0x00000026   Code   RO         6509    i.SD_GetResponse    sd.o
    0x0800176e   0x0800176e   0x00000002   PAD
    0x08001770   0x08001770   0x00000188   Code   RO         6511    i.SD_Initialize     sd.o
    0x080018f8   0x080018f8   0x00000074   Code   RO         6512    i.SD_ReadDisk       sd.o
    0x0800196c   0x0800196c   0x00000038   Code   RO         6513    i.SD_RecvData       sd.o
    0x080019a4   0x080019a4   0x0000000c   Code   RO         6515    i.SD_SPI_ReadWriteByte  sd.o
    0x080019b0   0x080019b0   0x0000000a   Code   RO         6516    i.SD_SPI_SpeedHigh  sd.o
    0x080019ba   0x080019ba   0x00000002   PAD
    0x080019bc   0x080019bc   0x00000020   Code   RO         6518    i.SD_Select         sd.o
    0x080019dc   0x080019dc   0x00000052   Code   RO         6519    i.SD_SendBlock      sd.o
    0x08001a2e   0x08001a2e   0x00000078   Code   RO         6520    i.SD_SendCmd        sd.o
    0x08001aa6   0x08001aa6   0x00000022   Code   RO         6521    i.SD_WaitReady      sd.o
    0x08001ac8   0x08001ac8   0x00000090   Code   RO         6522    i.SD_WriteDisk      sd.o
    0x08001b58   0x08001b58   0x000000dc   Code   RO         6466    i.SPI1_Init         spi.o
    0x08001c34   0x08001c34   0x00000054   Code   RO         6467    i.SPI1_ReadWriteByte  spi.o
    0x08001c88   0x08001c88   0x00000028   Code   RO         6468    i.SPI1_SetSpeed     spi.o
    0x08001cb0   0x08001cb0   0x00000018   Code   RO         4967    i.SPI_Cmd           stm32f4xx_spi.o
    0x08001cc8   0x08001cc8   0x00000012   Code   RO         4975    i.SPI_I2S_GetFlagStatus  stm32f4xx_spi.o
    0x08001cda   0x08001cda   0x00000006   Code   RO         4978    i.SPI_I2S_ReceiveData  stm32f4xx_spi.o
    0x08001ce0   0x08001ce0   0x00000004   Code   RO         4979    i.SPI_I2S_SendData  stm32f4xx_spi.o
    0x08001ce4   0x08001ce4   0x0000003c   Code   RO         4980    i.SPI_Init          stm32f4xx_spi.o
    0x08001d20   0x08001d20   0x00000002   Code   RO          217    i.SVC_Handler       stm32f4xx_it.o
    0x08001d22   0x08001d22   0x00000002   PAD
    0x08001d24   0x08001d24   0x00000120   Code   RO          315    i.SetSysClock       system_stm32f4xx.o
    0x08001e44   0x08001e44   0x00000028   Code   RO          367    i.SysTick_CLKSourceConfig  misc.o
    0x08001e6c   0x08001e6c   0x00000002   Code   RO          218    i.SysTick_Handler   stm32f4xx_it.o
    0x08001e6e   0x08001e6e   0x00000002   PAD
    0x08001e70   0x08001e70   0x00000068   Code   RO          317    i.SystemInit        system_stm32f4xx.o
    0x08001ed8   0x08001ed8   0x00000024   Code   RO         6426    i.TIM2_IRQHandler   timer.o
    0x08001efc   0x08001efc   0x00000006   Code   RO         5200    i.TIM_ClearITPendingBit  stm32f4xx_tim.o
    0x08001f02   0x08001f02   0x00000022   Code   RO         5226    i.TIM_GetITStatus   stm32f4xx_tim.o
    0x08001f24   0x08001f24   0x00000088   Code   RO         6091    i.USART2_IRQHandler  usart.o
    0x08001fac   0x08001fac   0x00000018   Code   RO         5759    i.USART_Cmd         stm32f4xx_usart.o
    0x08001fc4   0x08001fc4   0x0000001a   Code   RO         5762    i.USART_GetFlagStatus  stm32f4xx_usart.o
    0x08001fde   0x08001fde   0x00000054   Code   RO         5763    i.USART_GetITStatus  stm32f4xx_usart.o
    0x08002032   0x08002032   0x0000004a   Code   RO         5765    i.USART_ITConfig    stm32f4xx_usart.o
    0x0800207c   0x0800207c   0x000000d4   Code   RO         5766    i.USART_Init        stm32f4xx_usart.o
    0x08002150   0x08002150   0x0000000a   Code   RO         5773    i.USART_ReceiveData  stm32f4xx_usart.o
    0x0800215a   0x0800215a   0x00000008   Code   RO         5776    i.USART_SendData    stm32f4xx_usart.o
    0x08002162   0x08002162   0x00000004   Code   RO          219    i.UsageFault_Handler  stm32f4xx_it.o
    0x08002166   0x08002166   0x00000004   Code   RO         6092    i._sys_exit         usart.o
    0x0800216a   0x0800216a   0x00000002   PAD
    0x0800216c   0x0800216c   0x00000090   Code   RO         6826    i.check_fs          ff.o
    0x080021fc   0x080021fc   0x00000014   Code   RO         6827    i.chk_chr           ff.o
    0x08002210   0x08002210   0x00000032   Code   RO         6828    i.clmt_clust        ff.o
    0x08002242   0x08002242   0x0000001a   Code   RO         6829    i.clust2sect        ff.o
    0x0800225c   0x0800225c   0x00000090   Code   RO         6830    i.cmp_lfn           ff.o
    0x080022ec   0x080022ec   0x000000d6   Code   RO         6831    i.create_chain      ff.o
    0x080023c2   0x080023c2   0x00000002   PAD
    0x080023c4   0x080023c4   0x00000270   Code   RO         6832    i.create_name       ff.o
    0x08002634   0x08002634   0x00000044   Code   RO         6013    i.delay_init        delay.o
    0x08002678   0x08002678   0x0000004c   Code   RO         6014    i.delay_ms          delay.o
    0x080026c4   0x080026c4   0x0000004c   Code   RO         6015    i.delay_us          delay.o
    0x08002710   0x08002710   0x0000005c   Code   RO         6833    i.dir_alloc         ff.o
    0x0800276c   0x0800276c   0x000000ea   Code   RO         6834    i.dir_find          ff.o
    0x08002856   0x08002856   0x0000010e   Code   RO         6835    i.dir_next          ff.o
    0x08002964   0x08002964   0x0000012a   Code   RO         6837    i.dir_register      ff.o
    0x08002a8e   0x08002a8e   0x0000009e   Code   RO         6839    i.dir_sdi           ff.o
    0x08002b2c   0x08002b2c   0x00000016   Code   RO         6752    i.disk_initialize   diskio.o
    0x08002b42   0x08002b42   0x00000022   Code   RO         6753    i.disk_ioctl        diskio.o
    0x08002b64   0x08002b64   0x00000052   Code   RO         6754    i.disk_read         diskio.o
    0x08002bb6   0x08002bb6   0x00000006   Code   RO         6755    i.disk_status       diskio.o
    0x08002bbc   0x08002bbc   0x00000052   Code   RO         6756    i.disk_write        diskio.o
    0x08002c0e   0x08002c0e   0x0000004a   Code   RO         7174    i.exf_getfree       exfuns.o
    0x08002c58   0x08002c58   0x0000007c   Code   RO         7175    i.exfuns_init       exfuns.o
    0x08002cd4   0x08002cd4   0x00000020   Code   RO         6841    i.f_close           ff.o
    0x08002cf4   0x08002cf4   0x00000102   Code   RO         6843    i.f_getfree         ff.o
    0x08002df6   0x08002df6   0x0000017c   Code   RO         6847    i.f_mkdir           ff.o
    0x08002f72   0x08002f72   0x00000002   PAD
    0x08002f74   0x08002f74   0x0000005c   Code   RO         6849    i.f_mount           ff.o
    0x08002fd0   0x08002fd0   0x00000180   Code   RO         6850    i.f_open            ff.o
    0x08003150   0x08003150   0x000001b0   Code   RO         6855    i.f_read            ff.o
    0x08003300   0x08003300   0x00000054   Code   RO         6859    i.f_stat            ff.o
    0x08003354   0x08003354   0x000000b0   Code   RO         6860    i.f_sync            ff.o
    0x08003404   0x08003404   0x000001ea   Code   RO         6864    i.f_write           ff.o
    0x080035ee   0x080035ee   0x00000002   PAD
    0x080035f0   0x080035f0   0x0000007c   Code   RO         7231    i.ff_convert        cc936.o
    0x0800366c   0x0800366c   0x0000000c   Code   RO         6757    i.ff_memalloc       diskio.o
    0x08003678   0x08003678   0x0000000c   Code   RO         6758    i.ff_memfree        diskio.o
    0x08003684   0x08003684   0x00000038   Code   RO         7232    i.ff_wtoupper       cc936.o
    0x080036bc   0x080036bc   0x00000394   Code   RO         6865    i.find_volume       ff.o
    0x08003a50   0x08003a50   0x00000080   Code   RO         6866    i.fit_lfn           ff.o
    0x08003ad0   0x08003ad0   0x00000090   Code   RO         6867    i.follow_path       ff.o
    0x08003b60   0x08003b60   0x0000001c   Code   RO         6093    i.fputc             usart.o
    0x08003b7c   0x08003b7c   0x000000cc   Code   RO         6868    i.gen_numname       ff.o
    0x08003c48   0x08003c48   0x000000f2   Code   RO         6869    i.get_fat           ff.o
    0x08003d3a   0x08003d3a   0x00000004   Code   RO         6759    i.get_fattime       diskio.o
    0x08003d3e   0x08003d3e   0x00000110   Code   RO         6870    i.get_fileinfo      ff.o
    0x08003e4e   0x08003e4e   0x00000048   Code   RO         6871    i.get_ldnumber      ff.o
    0x08003e96   0x08003e96   0x00000020   Code   RO         6872    i.ld_clust          ff.o
    0x08003eb6   0x08003eb6   0x00000002   PAD
    0x08003eb8   0x08003eb8   0x00000790   Code   RO            4    i.main              main.o
    0x08004648   0x08004648   0x00000026   Code   RO         6873    i.mem_cmp           ff.o
    0x0800466e   0x0800466e   0x0000001a   Code   RO         6874    i.mem_cpy           ff.o
    0x08004688   0x08004688   0x00000048   Code   RO         6672    i.mem_free          malloc.o
    0x080046d0   0x080046d0   0x0000002c   Code   RO         6673    i.mem_init          malloc.o
    0x080046fc   0x080046fc   0x00000078   Code   RO         6674    i.mem_malloc        malloc.o
    0x08004774   0x08004774   0x00000030   Code   RO         6675    i.mem_perused       malloc.o
    0x080047a4   0x080047a4   0x00000014   Code   RO         6875    i.mem_set           ff.o
    0x080047b8   0x080047b8   0x00000034   Code   RO         6876    i.move_window       ff.o
    0x080047ec   0x080047ec   0x0000001c   Code   RO         6676    i.myfree            malloc.o
    0x08004808   0x08004808   0x00000020   Code   RO         6677    i.mymalloc          malloc.o
    0x08004828   0x08004828   0x0000001a   Code   RO         6678    i.mymemcpy          malloc.o
    0x08004842   0x08004842   0x00000014   Code   RO         6679    i.mymemset          malloc.o
    0x08004856   0x08004856   0x00000142   Code   RO         6878    i.put_fat           ff.o
    0x08004998   0x08004998   0x0000006c   Code   RO         6880    i.remove_chain      ff.o
    0x08004a04   0x08004a04   0x00000010   Code   RO         6881    i.st_clust          ff.o
    0x08004a14   0x08004a14   0x00000020   Code   RO         6882    i.sum_sfn           ff.o
    0x08004a34   0x08004a34   0x000000c8   Code   RO         6883    i.sync_fs           ff.o
    0x08004afc   0x08004afc   0x00000052   Code   RO         6884    i.sync_window       ff.o
    0x08004b4e   0x08004b4e   0x00000002   PAD
    0x08004b50   0x08004b50   0x000000a4   Code   RO         6094    i.uart_init         usart.o
    0x08004bf4   0x08004bf4   0x00000036   Code   RO         6885    i.validate          ff.o
    0x08004c2a   0x08004c2a   0x0000000a   Code   RO         7424    x$fpl$fpinit        fz_wm.l(fpinit.o)
    0x08004c34   0x08004c34   0x000017c0   Data   RO         6235    .constdata          lcd.o
    0x080063f4   0x080063f4   0x0000003a   Data   RO         6886    .constdata          ff.o
    0x0800642e   0x0800642e   0x0002acc8   Data   RO         7233    .constdata          cc936.o
    0x080310f6   0x080310f6   0x00000028   Data   RO         7276    .constdata          c_w.l(_printf_hex_int.o)
    0x0803111e   0x0803111e   0x00000002   PAD
    0x08031120   0x08031120   0x00000020   Data   RO         7490    Region$$Table       anon$$obj.o


    Execution Region RW_IRAM1 (Exec base: 0x20000000, Load base: 0x08031140, Size: 0x0000ba80, Max: 0x00020000, ABSOLUTE)

    Exec Addr    Load Addr    Size         Type   Attr      Idx    E Section Name        Object

    0x20000000   0x08031140   0x00000014   Data   RW          318    .data               system_stm32f4xx.o
    0x20000014   0x08031154   0x00000010   Data   RW         3795    .data               stm32f4xx_rcc.o
    0x20000024   0x08031164   0x00000004   Data   RW         6016    .data               delay.o
    0x20000028   0x08031168   0x00000006   Data   RW         6096    .data               usart.o
    0x2000002e   0x0803116e   0x00000004   Data   RW         6236    .data               lcd.o
    0x20000032   0x08031172   0x00000002   PAD
    0x20000034   0x08031174   0x00000008   Data   RW         6428    .data               timer.o
    0x2000003c   0x0803117c   0x00000001   Data   RW         6523    .data               sd.o
    0x2000003d   0x0803117d   0x00000003   PAD
    0x20000040   0x08031180   0x00000014   Data   RW         6683    .data               malloc.o
    0x20000054   0x08031194   0x00000006   Data   RW         6887    .data               ff.o
    0x2000005a   0x0803119a   0x00000002   PAD
    0x2000005c   0x0803119c   0x00000018   Data   RW         7180    .data               exfuns.o
    0x20000074        -       0x000000c8   Zero   RW         6095    .bss                usart.o
    0x2000013c        -       0x0000001a   Zero   RW         6234    .bss                lcd.o
    0x20000156   0x080311b4   0x00000002   PAD
    0x20000158        -       0x0000b280   Zero   RW         6681    .bss                malloc.o
    0x2000b3d8        -       0x00000044   Zero   RW         7177    .bss                exfuns.o
    0x2000b41c        -       0x00000060   Zero   RW         7366    .bss                c_w.l(libspace.o)
    0x2000b47c   0x080311b4   0x00000004   PAD
    0x2000b480        -       0x00000200   Zero   RW          354    HEAP                startup_stm32f446xx.o
    0x2000b680        -       0x00000400   Zero   RW          353    STACK               startup_stm32f446xx.o


==============================================================================

Image component sizes


      Code (inc. data)   RO Data    RW Data    ZI Data      Debug   Object Name

       210         14          0          0          0       1851   adc.o
       180         18     175304          0          0       2691   cc936.o
       220         26          0          4          0       1819   delay.o
       254          0          0          0          0       6427   diskio.o
       198         18          0         24         68       2540   exfuns.o
      7562         64         58          6          0      42004   ff.o
      3116        416       6080          4         26      15664   lcd.o
      1936        590          0          0          0     340547   main.o
       390         30          0         20      45696       6369   malloc.o
       180         24          0          0          0       2277   misc.o
      1056         26          0          1          0       8685   sd.o
       344         24          0          0          0       1949   spi.o
        64         26        452          0       1536        836   startup_stm32f446xx.o
       348         10          0          0          0       5730   stm32f4xx_adc.o
       224          0          0          0          0       3099   stm32f4xx_gpio.o
        26          0          0          0          0       4042   stm32f4xx_it.o
       584         40          0         16          0       5536   stm32f4xx_rcc.o
       112          0          0          0          0       3722   stm32f4xx_spi.o
        40          0          0          0          0       2014   stm32f4xx_tim.o
       438          8          0          0          0       5749   stm32f4xx_usart.o
       392         32          0         20          0       1897   system_stm32f4xx.o
        36          4          0          8          0        800   timer.o
       332         26          0          6        200       4472   usart.o

    ----------------------------------------------------------------------
     18278       1396     181926        116      47528     470720   Object Totals
         0          0         32          0          0          0   (incl. Generated)
        36          0          0          7          2          0   (incl. Padding)

    ----------------------------------------------------------------------

      Code (inc. data)   RO Data    RW Data    ZI Data      Debug   Library Member Name

         8          0          0          0          0         68   __main.o
       104          0          0          0          0         84   __printf.o
         0          0          0          0          0          0   __rtentry.o
        12          0          0          0          0          0   __rtentry2.o
         6          0          0          0          0          0   __rtentry4.o
        52          8          0          0          0          0   __scatter.o
        26          0          0          0          0          0   __scatter_copy.o
        28          0          0          0          0          0   __scatter_zi.o
        48          6          0          0          0         96   _printf_char_common.o
        36          4          0          0          0         80   _printf_char_file.o
        88          4         40          0          0         88   _printf_hex_int.o
       178          0          0          0          0         88   _printf_intcommon.o
         0          0          0          0          0          0   _printf_percent.o
         4          0          0          0          0          0   _printf_percent_end.o
         6          0          0          0          0          0   _printf_x.o
        18          0          0          0          0         80   exit.o
         8          0          0          0          0         68   ferror.o
         6          0          0          0          0        152   heapauxi.o
         2          0          0          0          0          0   libinit.o
         6          0          0          0          0          0   libinit2.o
         2          0          0          0          0          0   libshutdown.o
         2          0          0          0          0          0   libshutdown2.o
         8          4          0          0         96         68   libspace.o
        24          4          0          0          0         84   noretval__2printf.o
         2          0          0          0          0          0   rtexit.o
        10          0          0          0          0          0   rtexit2.o
        74          0          0          0          0         80   sys_stackheap_outer.o
         2          0          0          0          0         68   use_no_semi.o
         2          0          0          0          0         68   use_no_semi_2.o
        10          0          0          0          0        116   fpinit.o

    ----------------------------------------------------------------------
       778         30         42          0        100       1288   Library Totals
         6          0          2          0          4          0   (incl. Padding)

    ----------------------------------------------------------------------

      Code (inc. data)   RO Data    RW Data    ZI Data      Debug   Library Name

       762         30         40          0         96       1172   c_w.l
        10          0          0          0          0        116   fz_wm.l

    ----------------------------------------------------------------------
       778         30         42          0        100       1288   Library Totals

    ----------------------------------------------------------------------

==============================================================================


      Code (inc. data)   RO Data    RW Data    ZI Data      Debug   

     19056       1426     181968        116      47628     457388   Grand Totals
     19056       1426     181968        116      47628     457388   ELF Image Totals
     19056       1426     181968        116          0          0   ROM Totals

==============================================================================

    Total RO  Size (Code + RO Data)               201024 ( 196.31kB)
    Total RW  Size (RW Data + ZI Data)             47744 (  46.63kB)
    Total ROM Size (Code + RO Data + RW Data)     201140 ( 196.43kB)

==============================================================================

