*** Using Compiler 'V5.06 update 7 (build 960)', folder: 'F:\Keil\Core\ARM\ARMCC\Bin'
Build target 'Target_1'
Note: source file '..\LVGL\lvgl\src\extra\libs\sjpg\tjpgd.c' - object file renamed from '..\OBJ\tjpgd.o' to '..\OBJ\tjpgd_1.o'.compiling screens.c...
..\APP\ui\screens.h(110): warning:  #1-D: last line of file ends without a newline
  #endif /*__SCREENS_H*/
..\APP\ui\screens.c(74): warning:  #513-D: a value of type "void (*)(scrn_t *)" cannot be assigned to an entity of type "scrn_t *(*)(scrn_t *)"
  	self->scrn_t_enter = scrn_t_enter_t;
..\APP\ui\screens.c(75): warning:  #513-D: a value of type "void (*)(scrn_t *)" cannot be assigned to an entity of type "scrn_t *(*)(scrn_t *)"
  	self->scrn_t_exit = scrn_t_exit_t;
..\APP\ui\screens.c(181): warning:  #223-D: function "srnc_manager_switch" declared implicitly
  			srnc_manager_switch((scrn_t*)create_screen_main());
..\APP\ui\screens.c(268): warning:  #513-D: a value of type "void (*)(scrn_t *)" cannot be assigned to an entity of type "scrn_t *(*)(scrn_t *)"
  	cali->scrn_base.scrn_t_enter = scrn_cali_t_enter;
..\APP\ui\screens.c(269): warning:  #513-D: a value of type "void (*)(scrn_t *)" cannot be assigned to an entity of type "scrn_t *(*)(scrn_t *)"
  	cali->scrn_base.scrn_t_exit = scrn_t_exit_t;
..\APP\ui\screens.c(383): warning:  #513-D: a value of type "void (*)(scrn_t *)" cannot be assigned to an entity of type "scrn_t *(*)(scrn_t *)"
  	load->scrn_base.scrn_t_enter = scrn_load_t_enter;
..\APP\ui\screens.c(384): warning:  #513-D: a value of type "void (*)(scrn_t *)" cannot be assigned to an entity of type "scrn_t *(*)(scrn_t *)"
  	load->scrn_base.scrn_t_exit = scrn_t_exit_t;
..\APP\ui\screens.c(699): warning:  #513-D: a value of type "void (*)(scrn_t *)" cannot be assigned to an entity of type "scrn_t *(*)(scrn_t *)"
  	main->scrn_base.scrn_t_enter = scrn_main_t_enter;
..\APP\ui\screens.c(700): warning:  #513-D: a value of type "void (*)(scrn_t *)" cannot be assigned to an entity of type "scrn_t *(*)(scrn_t *)"
  	main->scrn_base.scrn_t_exit = scrn_t_exit_t;
..\APP\ui\screens.c(73): warning:  #177-D: function "create_scrn_t"  was declared but never referenced
  static void create_scrn_t(scrn_t* self){
..\APP\ui\screens.c(188): warning:  #177-D: function "cali_exit_cb"  was declared but never referenced
  static void cali_exit_cb(lv_event_t * e) {
..\APP\ui\screens.c: 12 warnings, 0 errors
compiling main.c...
..\HARDWARE\ADC\adc.h(10): warning:  #1-D: last line of file ends without a newline
  #endif
..\HARDWARE\LCD\touch.h(18): warning:  #1-D: last line of file ends without a newline
  #endif
..\APP\ui\screens.h(110): warning:  #1-D: last line of file ends without a newline
  #endif /*__SCREENS_H*/
..\FREERTOS\RTOSmanager.h(19): warning:  #1-D: last line of file ends without a newline
  #endif
main.c: 4 warnings, 0 errors
linking...
..\OBJ\F446LCD.axf: Error: L6218E: Undefined symbol srnc_manager_switch (referred from screens.o).
Not enough information to list image symbols.
Not enough information to list load addresses in the image map.
Finished: 2 information, 0 warning and 1 error messages.
"..\OBJ\F446LCD.axf" - 1 Error(s), 16 Warning(s).
Target not created.
Build Time Elapsed:  00:00:07
