<html>
<body>
<pre>
<h1>µVision Build Log</h1>
<h2>Tool Versions:</h2>
IDE-Version: ¦ÌVision V5.41.0.0
Copyright (C) 2024 ARM Ltd and ARM Germany GmbH. All rights reserved.
License Information: a a, A, LIC=03C6R-KBM62-12QLE-5YH4M-J0CQ5-PVNTG
 
Tool Versions:
Toolchain:       MDK-ARM Plus  Version: 5.41.0.0
Toolchain Path:  D:\_____ENGINEERING_____\stm32\Keil5 MDK\Keil_v5\ARM\ARMCCv506u7\Bin
C Compiler:      Armcc.exe V5.06 update 7 (build 960)
Assembler:       Armasm.exe V5.06 update 7 (build 960)
Linker/Locator:  ArmLink.exe V5.06 update 7 (build 960)
Library Manager: ArmAr.exe V5.06 update 7 (build 960)
Hex Converter:   FromElf.exe V5.06 update 7 (build 960)
CPU DLL:         SARMCM3.DLL V5.41.0.0
Dialog DLL:      DCM.DLL V1.17.5.0
Target DLL:      STLink\ST-LINKIII-KEIL_SWO.dll V3.3.0.0
Dialog DLL:      TCM.DLL V1.56.4.0
 
<h2>Project:</h2>
D:\_____ENGINEERING_____\stm32\workspace\F446LCD\USER\F446LCD.uvprojx
Project File Date:  11/17/2025

<h2>Output:</h2>
*** Using Compiler 'V5.06 update 7 (build 960)', folder: 'D:\_____ENGINEERING_____\stm32\Keil5 MDK\Keil_v5\ARM\ARMCCv506u7\Bin'
Build target 'Target_1'
compiling app.c...
..\APP\app.c(1): warning:  #1-D: last line of file ends without a newline
  #include "app.h"
..\APP\fatsd.h(34): warning:  #1-D: last line of file ends without a newline
  #endif
..\APP\app.h(2): warning:  #1-D: last line of file ends without a newline
  #include "touch.h"
..\HARDWARE\ADC\adc.h(10): warning:  #1-D: last line of file ends without a newline
  #endif
..\APP\touch.h(19): warning:  #1-D: last line of file ends without a newline
  #endif
..\APP\app.c: 5 warnings, 0 errors
compiling bmp.c...
compiling gif.c...
compiling tjpgd.c...
compiling main.c...
..\LVGL\lvgl/src/drivers/uefi/lv_uefi_context.h(71): warning:  #1-D: last line of file ends without a newline
  #endif //__LV_UEFI_CONTEXT_H__
..\LVGL\lvgl/src/drivers/uefi/lv_uefi_indev.h(108): warning:  #1-D: last line of file ends without a newline
  #endif //__LV_UEFI_INDEV_H__
..\LVGL\lvgl/src/drivers/uefi/lv_uefi_display.h(65): warning:  #1-D: last line of file ends without a newline
  #endif //__LV_UEFI_DISPLAY_H__
..\APP\fatsd.h(34): warning:  #1-D: last line of file ends without a newline
  #endif
..\HARDWARE\ADC\adc.h(10): warning:  #1-D: last line of file ends without a newline
  #endif
..\APP\touch.h(19): warning:  #1-D: last line of file ends without a newline
  #endif
..\APP\ui\screens.h(21): warning:  #1295-D: Deprecated declaration create_screen_main - give arg types
  void create_screen_main();
..\APP\ui\screens.h(22): warning:  #1295-D: Deprecated declaration tick_screen_main - give arg types
  void tick_screen_main();
..\APP\ui\screens.h(27): warning:  #1295-D: Deprecated declaration create_screens - give arg types
  void create_screens();
..\APP\ui\screens.h(34): warning:  #1-D: last line of file ends without a newline
  #endif /*EEZ_LVGL_UI_SCREENS_H*/
..\APP\ui\ui.h(22): warning:  #1295-D: Deprecated declaration ui_init - give arg types
  void ui_init();
..\APP\ui\ui.h(23): warning:  #1295-D: Deprecated declaration ui_tick - give arg types
  void ui_tick();
..\APP\ui\ui.h(33): warning:  #1-D: last line of file ends without a newline
  #endif // EEZ_LVGL_UI_GUI_H
main.c: 13 warnings, 0 errors
compiling piclib.c...
..\LVGL\lvgl/src/drivers/uefi/lv_uefi_context.h(71): warning:  #1-D: last line of file ends without a newline
  #endif //__LV_UEFI_CONTEXT_H__
..\LVGL\lvgl/src/drivers/uefi/lv_uefi_indev.h(108): warning:  #1-D: last line of file ends without a newline
  #endif //__LV_UEFI_INDEV_H__
..\LVGL\lvgl/src/drivers/uefi/lv_uefi_display.h(65): warning:  #1-D: last line of file ends without a newline
  #endif //__LV_UEFI_DISPLAY_H__
..\PICS\piclib.c: 3 warnings, 0 errors
compiling touch.c...
..\HARDWARE\ADC\adc.h(10): warning:  #1-D: last line of file ends without a newline
  #endif
..\APP\touch.h(19): warning:  #1-D: last line of file ends without a newline
  #endif
..\APP\touch.c(45): warning:  #1-D: last line of file ends without a newline
  }
..\APP\touch.c: 3 warnings, 0 errors
compiling fatsd.c...
..\APP\fatsd.h(34): warning:  #1-D: last line of file ends without a newline
  #endif
..\APP\fatsd.c(121): warning:  #167-D: argument of type "char *" is incompatible with parameter of type "u8 *"
  	LCD_ShowString(72,300,200,16,16,pathName);
..\APP\fatsd.c(163): warning:  #940-D: missing return statement at end of non-void function "test_file" 
  }
..\APP\fatsd.c: 3 warnings, 0 errors
compiling lcd.c...
..\LVGL\lvgl/src/drivers/uefi/lv_uefi_context.h(71): warning:  #1-D: last line of file ends without a newline
  #endif //__LV_UEFI_CONTEXT_H__
..\LVGL\lvgl/src/drivers/uefi/lv_uefi_indev.h(108): warning:  #1-D: last line of file ends without a newline
  #endif //__LV_UEFI_INDEV_H__
..\LVGL\lvgl/src/drivers/uefi/lv_uefi_display.h(65): warning:  #1-D: last line of file ends without a newline
  #endif //__LV_UEFI_DISPLAY_H__
..\HARDWARE\LCD\lcd.c: 3 warnings, 0 errors
compiling lv_port_disp_template.c...
..\LVGL\lvgl/src/drivers/uefi/lv_uefi_context.h(71): warning:  #1-D: last line of file ends without a newline
  #endif //__LV_UEFI_CONTEXT_H__
..\LVGL\lvgl/src/drivers/uefi/lv_uefi_indev.h(108): warning:  #1-D: last line of file ends without a newline
  #endif //__LV_UEFI_INDEV_H__
..\LVGL\lvgl/src/drivers/uefi/lv_uefi_display.h(65): warning:  #1-D: last line of file ends without a newline
  #endif //__LV_UEFI_DISPLAY_H__
..\HARDWARE\ADC\adc.h(10): warning:  #1-D: last line of file ends without a newline
  #endif
..\LVGL\lvgl\examples\porting\lv_port_disp_template.c: 4 warnings, 0 errors
compiling lv_port_indev_template.c...
..\LVGL\lvgl/src/drivers/uefi/lv_uefi_context.h(71): warning:  #1-D: last line of file ends without a newline
  #endif //__LV_UEFI_CONTEXT_H__
..\LVGL\lvgl/src/drivers/uefi/lv_uefi_indev.h(108): warning:  #1-D: last line of file ends without a newline
  #endif //__LV_UEFI_INDEV_H__
..\LVGL\lvgl/src/drivers/uefi/lv_uefi_display.h(65): warning:  #1-D: last line of file ends without a newline
  #endif //__LV_UEFI_DISPLAY_H__
..\HARDWARE\ADC\adc.h(10): warning:  #1-D: last line of file ends without a newline
  #endif
..\APP\touch.h(19): warning:  #1-D: last line of file ends without a newline
  #endif
..\LVGL\lvgl\examples\porting\lv_port_indev_template.c(178): warning:  #177-D: function "touchpad_init"  was declared but never referenced
  static void touchpad_init(void)
..\LVGL\lvgl\examples\porting\lv_port_indev_template.c: 6 warnings, 0 errors
linking...
Program Size: Code=342782 RO-data=55310 RW-data=276 ZI-data=123732  
FromELF: creating hex file...
"..\OBJ\F446LCD.axf" - 0 Error(s), 40 Warning(s).

<h2>Software Packages used:</h2>

Package Vendor: Keil
                https://www.keil.com/pack/Keil.STM32F4xx_DFP.3.1.1.pack
                Keil::STM32F4xx_DFP@3.1.1
                STMicroelectronics STM32F4 Series Device Support

<h2>Collection of Component include folders:</h2>

<h2>Collection of Component Files used:</h2>
Build Time Elapsed:  00:00:07
</pre>
</body>
</html>
